Archive member included to satisfy reference by file (symbol)

../libDaisy/build/libdaisy.a(daisy_seed.o)
                              build/Blink.o (daisy::DaisySeed::Configure())
../libDaisy/build/libdaisy.a(codec_ak4556.o)
                              ../libDaisy/build/libdaisy.a(daisy_seed.o) (daisy::Ak4556::Init(daisy::Pin))
../libDaisy/build/libdaisy.a(codec_wm8731.o)
                              ../libDaisy/build/libdaisy.a(daisy_seed.o) (daisy::Wm8731::Init(daisy::Wm8731::Config const&, daisy::I2CHandle))
../libDaisy/build/libdaisy.a(sdram.o)
                              ../libDaisy/build/libdaisy.a(daisy_seed.o) (SdramHandle::Init())
../libDaisy/build/libdaisy.a(audio.o)
                              ../libDaisy/build/libdaisy.a(daisy_seed.o) (daisy::AudioHandle::Init(daisy::AudioHandle::Config const&, daisy::SaiHandle))
../libDaisy/build/libdaisy.a(gpio.o)
                              ../libDaisy/build/libdaisy.a(daisy_seed.o) (daisy::GPIO::Init(daisy::GPIO::Config const&))
../libDaisy/build/libdaisy.a(i2c.o)
                              ../libDaisy/build/libdaisy.a(daisy_seed.o) (daisy::I2CHandle::Init(daisy::I2CHandle::Config const&))
../libDaisy/build/libdaisy.a(qspi.o)
                              ../libDaisy/build/libdaisy.a(daisy_seed.o) (daisy::QSPIHandle::Init(daisy::QSPIHandle::Config const&))
../libDaisy/build/libdaisy.a(sai.o)
                              ../libDaisy/build/libdaisy.a(daisy_seed.o) (daisy::SaiHandle::Init(daisy::SaiHandle::Config const&))
../libDaisy/build/libdaisy.a(system.o)
                              ../libDaisy/build/libdaisy.a(daisy_seed.o) (daisy::System::DeInit())
../libDaisy/build/libdaisy.a(system_stm32h7xx.o)
                              build/startup_stm32h750xx.o (SystemInit)
../libDaisy/build/libdaisy.a(usbd_conf.o)
                              ../libDaisy/build/libdaisy.a(system.o) (hpcd_USB_OTG_HS)
../libDaisy/build/libdaisy.a(usbh_conf.o)
                              ../libDaisy/build/libdaisy.a(system.o) (hhcd_USB_OTG_HS)
../libDaisy/build/libdaisy.a(stm32h7xx_hal.o)
                              ../libDaisy/build/libdaisy.a(system.o) (HAL_Init)
../libDaisy/build/libdaisy.a(stm32h7xx_hal_cortex.o)
                              ../libDaisy/build/libdaisy.a(stm32h7xx_hal.o) (HAL_NVIC_SetPriorityGrouping)
../libDaisy/build/libdaisy.a(stm32h7xx_hal_dma.o)
                              ../libDaisy/build/libdaisy.a(i2c.o) (HAL_DMA_Init)
../libDaisy/build/libdaisy.a(stm32h7xx_hal_gpio.o)
                              ../libDaisy/build/libdaisy.a(sdram.o) (HAL_GPIO_Init)
../libDaisy/build/libdaisy.a(stm32h7xx_hal_hcd.o)
                              ../libDaisy/build/libdaisy.a(usbh_conf.o) (HAL_HCD_HC_Init)
../libDaisy/build/libdaisy.a(stm32h7xx_hal_i2c.o)
                              ../libDaisy/build/libdaisy.a(i2c.o) (HAL_I2C_Init)
../libDaisy/build/libdaisy.a(stm32h7xx_hal_i2c_ex.o)
                              ../libDaisy/build/libdaisy.a(i2c.o) (HAL_I2CEx_ConfigAnalogFilter)
../libDaisy/build/libdaisy.a(stm32h7xx_hal_pcd.o)
                              ../libDaisy/build/libdaisy.a(usbd_conf.o) (HAL_PCD_Init)
../libDaisy/build/libdaisy.a(stm32h7xx_hal_pcd_ex.o)
                              ../libDaisy/build/libdaisy.a(usbd_conf.o) (HAL_PCDEx_SetTxFiFo)
../libDaisy/build/libdaisy.a(stm32h7xx_hal_pwr_ex.o)
                              ../libDaisy/build/libdaisy.a(system.o) (HAL_PWREx_ConfigSupply)
../libDaisy/build/libdaisy.a(stm32h7xx_hal_qspi.o)
                              ../libDaisy/build/libdaisy.a(qspi.o) (HAL_QSPI_Init)
../libDaisy/build/libdaisy.a(stm32h7xx_hal_rcc.o)
                              ../libDaisy/build/libdaisy.a(system.o) (HAL_RCC_OscConfig)
../libDaisy/build/libdaisy.a(stm32h7xx_hal_rcc_ex.o)
                              ../libDaisy/build/libdaisy.a(system.o) (HAL_RCCEx_PeriphCLKConfig)
../libDaisy/build/libdaisy.a(stm32h7xx_hal_sai.o)
                              ../libDaisy/build/libdaisy.a(sai.o) (HAL_SAI_InitProtocol)
../libDaisy/build/libdaisy.a(stm32h7xx_hal_sdram.o)
                              ../libDaisy/build/libdaisy.a(sdram.o) (HAL_SDRAM_Init)
../libDaisy/build/libdaisy.a(stm32h7xx_ll_fmc.o)
                              ../libDaisy/build/libdaisy.a(stm32h7xx_hal_sdram.o) (FMC_SDRAM_Init)
../libDaisy/build/libdaisy.a(stm32h7xx_ll_usb.o)
                              ../libDaisy/build/libdaisy.a(stm32h7xx_hal_hcd.o) (USB_CoreInit)
../libDaisy/build/libdaisy.a(usbd_core.o)
                              ../libDaisy/build/libdaisy.a(usbd_conf.o) (USBD_LL_SetupStage)
../libDaisy/build/libdaisy.a(usbd_ctlreq.o)
                              ../libDaisy/build/libdaisy.a(usbd_core.o) (USBD_StdDevReq)
../libDaisy/build/libdaisy.a(usbd_ioreq.o)
                              ../libDaisy/build/libdaisy.a(usbd_ctlreq.o) (USBD_CtlSendData)
../libDaisy/build/libdaisy.a(usbh_core.o)
                              ../libDaisy/build/libdaisy.a(usbh_conf.o) (USBH_LL_SetTimer)
../libDaisy/build/libdaisy.a(usbh_ctlreq.o)
[...]
Memory Configuration

Name             Origin             Length             Attributes
FLASH            0x08000000         0x00020000         xr
DTCMRAM          0x20000000         0x00020000         xrw
SRAM             0x24000000         0x00080000         xrw
RAM_D2           0x30000000         0x00048000         xrw
RAM_D3           0x38000000         0x00010000         xrw
BACKUP_SRAM      0x38800000         0x00001000         xrw
ITCMRAM          0x00000000         0x00010000         xrw
SDRAM            0xc0000000         0x04000000         xrw
QSPIFLASH        0x90000000         0x00800000         xr
*default*        0x00000000         0xffffffff

Linker script and memory map

LOAD /usr/lib/gcc/arm-none-eabi/13.2.1/thumb/v7e-m+dp/hard/crti.o
LOAD /usr/lib/gcc/arm-none-eabi/13.2.1/thumb/v7e-m+dp/hard/crtbegin.o
LOAD /usr/lib/gcc/arm-none-eabi/13.2.1/../../../arm-none-eabi/lib/thumb/v7e-m+dp/hard/crt0.o
LOAD build/startup_stm32h750xx.o
LOAD build/Blink.o
LOAD ../libDaisy/build/libdaisy.a
LOAD /usr/lib/gcc/arm-none-eabi/13.2.1/../../../arm-none-eabi/lib/thumb/v7e-m+dp/hard/libnosys.a
LOAD ../DaisySP/build/libdaisysp.a
LOAD /usr/lib/gcc/arm-none-eabi/13.2.1/../../../arm-none-eabi/lib/thumb/v7e-m+dp/hard/libstdc++_nano.a
LOAD /usr/lib/gcc/arm-none-eabi/13.2.1/../../../arm-none-eabi/lib/thumb/v7e-m+dp/hard/libm.a
LOAD /usr/lib/gcc/arm-none-eabi/13.2.1/../../../arm-none-eabi/lib/thumb/v7e-m+dp/hard/libc_nano.a
START GROUP
LOAD /usr/lib/gcc/arm-none-eabi/13.2.1/thumb/v7e-m+dp/hard/libgcc.a
LOAD /usr/lib/gcc/arm-none-eabi/13.2.1/../../../arm-none-eabi/lib/thumb/v7e-m+dp/hard/libc_nano.a
END GROUP
START GROUP
LOAD /usr/lib/gcc/arm-none-eabi/13.2.1/thumb/v7e-m+dp/hard/libgcc.a
LOAD /usr/lib/gcc/arm-none-eabi/13.2.1/../../../arm-none-eabi/lib/thumb/v7e-m+dp/hard/libc_nano.a
LOAD /usr/lib/gcc/arm-none-eabi/13.2.1/../../../arm-none-eabi/lib/thumb/v7e-m+dp/hard/libnosys.a
END GROUP
START GROUP
LOAD /usr/lib/gcc/arm-none-eabi/13.2.1/thumb/v7e-m+dp/hard/libgcc.a
LOAD /usr/lib/gcc/arm-none-eabi/13.2.1/../../../arm-none-eabi/lib/thumb/v7e-m+dp/hard/libc_nano.a
LOAD /usr/lib/gcc/arm-none-eabi/13.2.1/../../../arm-none-eabi/lib/thumb/v7e-m+dp/hard/libnosys.a
END GROUP
LOAD /usr/lib/gcc/arm-none-eabi/13.2.1/thumb/v7e-m+dp/hard/crtend.o
LOAD /usr/lib/gcc/arm-none-eabi/13.2.1/thumb/v7e-m+dp/hard/crtn.o
                0x20020000                        _estack = 0x20020000

.isr_vector     0x08000000      0x298
                0x08000000                        . = ALIGN (0x4)
 *(.isr_vector)
 .isr_vector    0x08000000      0x298 build/startup_stm32h750xx.o
                0x08000000                g_pfnVectors
                0x08000298                        . = ALIGN (0x4)

.text           0x08000298     0xfcc8
                0x08000298                        . = ALIGN (0x4)
                0x08000298                        _stext = .
 *(.text)
 .text          0x08000298       0x88 /usr/lib/gcc/arm-none-eabi/13.2.1/thumb/v7e-m+dp/hard/crtbegin.o
 .text          0x08000320       0x50 /usr/lib/gcc/arm-none-eabi/13.2.1/../../../arm-none-eabi/lib/thumb/v7e-m+dp/hard/libc_nano.a(libc_a-init.o)
                0x08000320                __libc_init_array
 .text          0x08000370       0xa4 /usr/lib/gcc/arm-none-eabi/13.2.1/../../../arm-none-eabi/lib/thumb/v7e-m+dp/hard/libc_nano.a(libc_a-memset.o)
                0x08000370                memset
 .text          0x08000414       0x1c /usr/lib/gcc/arm-none-eabi/13.2.1/../../../arm-none-eabi/lib/thumb/v7e-m+dp/hard/libc_nano.a(libc_a-cxa_atexit.o)
                0x08000414                __cxa_atexit
 .text          0x08000430      0x134 /usr/lib/gcc/arm-none-eabi/13.2.1/../../../arm-none-eabi/lib/thumb/v7e-m+dp/hard/libc_nano.a(libc_a-memcpy.o)
                0x08000430                memcpy
 .text          0x08000564       0xac /usr/lib/gcc/arm-none-eabi/13.2.1/../../../arm-none-eabi/lib/thumb/v7e-m+dp/hard/libc_nano.a(libc_a-__atexit.o)
                0x08000564                __register_exitproc
 .text          0x08000610       0x30 /usr/lib/gcc/arm-none-eabi/13.2.1/thumb/v7e-m+dp/hard/libgcc.a(_aeabi_uldivmod.o)
                0x08000610                __aeabi_uldivmod
 .text          0x08000640      0x2bc /usr/lib/gcc/arm-none-eabi/13.2.1/thumb/v7e-m+dp/hard/libgcc.a(_udivmoddi4.o)
                0x08000640                __udivmoddi4
 .text          0x080008fc        0x4 /usr/lib/gcc/arm-none-eabi/13.2.1/thumb/v7e-m+dp/hard/libgcc.a(_dvmd_tls.o)
                0x080008fc                __aeabi_ldiv0
                0x080008fc                __aeabi_idiv0
 *(.text*)
 .text.Default_Handler
                0x08000900        0xc build/startup_stm32h750xx.o
                0x08000900                RTC_Alarm_IRQHandler
                0x08000900                HASH_RNG_IRQHandler
                0x08000900                EXTI2_IRQHandler
                0x08000900                TIM8_CC_IRQHandler
                0x08000900                HRTIM1_Master_IRQHandler
                0x08000900                DebugMon_Handler
                0x08000900                TIM1_CC_IRQHandler
                0x08000900                BDMA_Channel6_IRQHandler
                0x08000900                DMA2_Stream5_IRQHandler
                0x08000900                HRTIM1_FLT_IRQHandler
                0x08000900                JPEG_IRQHandler
                0x08000900                BDMA_Channel1_IRQHandler
                0x08000900                HRTIM1_TIMD_IRQHandler
                0x08000900                TAMP_STAMP_IRQHandler
                0x08000900                PendSV_Handler
                0x08000900                NMI_Handler
                0x08000900                EXTI3_IRQHandler
                0x08000900                LPTIM4_IRQHandler
                0x08000900                TIM8_TRG_COM_TIM14_IRQHandler
                0x08000900                LPTIM2_IRQHandler
                0x08000900                DFSDM1_FLT1_IRQHandler
                0x08000900                DMAMUX2_OVR_IRQHandler
                0x08000900                TIM8_UP_TIM13_IRQHandler
                0x08000900                I2C3_ER_IRQHandler
                0x08000900                DFSDM1_FLT2_IRQHandler
                0x08000900                MDMA_IRQHandler
                0x08000900                LPTIM3_IRQHandler
                0x08000900                HSEM1_IRQHandler
                0x08000900                EXTI0_IRQHandler
                0x08000900                DMA1_Stream2_IRQHandler
                0x08000900                FPU_IRQHandler
                0x08000900                OTG_HS_WKUP_IRQHandler
                0x08000900                FDCAN1_IT1_IRQHandler
                0x08000900                UsageFault_Handler
                0x08000900                LTDC_ER_IRQHandler
                0x08000900                HRTIM1_TIME_IRQHandler
                0x08000900                TIM6_DAC_IRQHandler
                0x08000900                DCMI_IRQHandler
                0x08000900                HRTIM1_TIMC_IRQHandler
                0x08000900                SAI2_IRQHandler
                0x08000900                DFSDM1_FLT3_IRQHandler
                0x08000900                TIM17_IRQHandler
                0x08000900                CRYP_IRQHandler
                0x08000900                BDMA_Channel7_IRQHandler
                0x08000900                LPTIM5_IRQHandler
                0x08000900                ADC3_IRQHandler
                0x08000900                DMA2_Stream0_IRQHandler
                0x08000900                BDMA_Channel2_IRQHandler
                0x08000900                DMAMUX1_OVR_IRQHandler
                0x08000900                TIM16_IRQHandler
                0x08000900                BDMA_Channel5_IRQHandler
                0x08000900                RCC_IRQHandler
                0x08000900                TIM8_BRK_TIM12_IRQHandler
                0x08000900                TIM1_TRG_COM_IRQHandler
                0x08000900                Default_Handler
                0x08000900                ECC_IRQHandler
                0x08000900                CEC_IRQHandler
                0x08000900                EXTI15_10_IRQHandler
                0x08000900                BDMA_Channel0_IRQHandler
                0x08000900                ADC_IRQHandler
                0x08000900                DMA1_Stream7_IRQHandler
                0x08000900                HRTIM1_TIMA_IRQHandler
                0x08000900                TIM7_IRQHandler
                0x08000900                SDMMC1_IRQHandler
                0x08000900                DMA2_Stream7_IRQHandler
                0x08000900                TIM15_IRQHandler
                0x08000900                PVD_AVD_IRQHandler
                0x08000900                EXTI9_5_IRQHandler
                0x08000900                RTC_WKUP_IRQHandler
                0x08000900                LTDC_IRQHandler
                0x08000900                SAI3_IRQHandler
                0x08000900                ETH_WKUP_IRQHandler
                0x08000900                SPDIF_RX_IRQHandler
                0x08000900                MemManage_Handler
                0x08000900                SVC_Handler
                0x08000900                CRS_IRQHandler
                0x08000900                EXTI4_IRQHandler
                0x08000900                HRTIM1_TIMB_IRQHandler
                0x08000900                FDCAN2_IT1_IRQHandler
                0x08000900                ETH_IRQHandler
                0x08000900                TIM1_UP_IRQHandler
                0x08000900                BDMA_Channel4_IRQHandler
                0x08000900                WWDG_IRQHandler
                0x08000900                SPI6_IRQHandler
                0x08000900                I2C4_EV_IRQHandler
                0x08000900                MDIOS_IRQHandler
                0x08000900                FDCAN2_IT0_IRQHandler
                0x08000900                FDCAN1_IT0_IRQHandler
                0x08000900                OTG_FS_WKUP_IRQHandler
                0x08000900                DMA2D_IRQHandler
                0x08000900                TIM1_BRK_IRQHandler
                0x08000900                EXTI1_IRQHandler
                0x08000900                SDMMC2_IRQHandler
                0x08000900                OTG_FS_EP1_OUT_IRQHandler
                0x08000900                BDMA_Channel3_IRQHandler
                0x08000900                MDIOS_WKUP_IRQHandler
                0x08000900                DFSDM1_FLT0_IRQHandler
                0x08000900                SAI4_IRQHandler
                0x08000900                I2C2_ER_IRQHandler
                0x08000900                DMA2_Stream1_IRQHandler
                0x08000900                FLASH_IRQHandler
                0x08000900                BusFault_Handler
                0x08000900                OTG_FS_IRQHandler
                0x08000900                WAKEUP_PIN_IRQHandler
                0x08000900                OTG_FS_EP1_IN_IRQHandler
                0x08000900                I2C1_ER_IRQHandler
                0x08000900                FMC_IRQHandler
                0x08000900                FDCAN_CAL_IRQHandler
                0x08000900                SWPMI1_IRQHandler
                0x08000900                COMP1_IRQHandler
                0x08000900                LPTIM1_IRQHandler
                0x08000900                I2C4_ER_IRQHandler
                0x08000900                DMA2_Stream6_IRQHandler
                0x08000900                SAI1_IRQHandler
 .text.Reset_Handler
                0x0800090c       0x44 build/startup_stm32h750xx.o
                0x0800090c                Reset_Handler
 .text._ZN5daisy9DaisySeedD2Ev
                0x08000950        0x4 build/Blink.o
                0x08000950                daisy::DaisySeed::~DaisySeed()
                0x08000950                daisy::DaisySeed::~DaisySeed()
 .text.startup.main
                0x08000954       0x2c build/Blink.o
                0x08000954                main
 .text.startup._GLOBAL__sub_I_hardware
                0x08000980       0x50 build/Blink.o
 .text._ZN5daisy9DaisySeed9ConfigureEv
                0x080009d0        0x4 ../libDaisy/build/libdaisy.a(daisy_seed.o)
                0x080009d0                daisy::DaisySeed::Configure()
 .text._ZN5daisy9DaisySeed6SetLedEb
                0x080009d4        0x8 ../libDaisy/build/libdaisy.a(daisy_seed.o)
                0x080009d4                daisy::DaisySeed::SetLed(bool)
 .text._ZN5daisy9DaisySeed17CheckBoardVersionEv
                0x080009dc       0x6c ../libDaisy/build/libdaisy.a(daisy_seed.o)
                0x080009dc                daisy::DaisySeed::CheckBoardVersion()
 .text._ZN5daisy9DaisySeed14ConfigureAudioEv
                0x08000a48      0x108 ../libDaisy/build/libdaisy.a(daisy_seed.o)
                0x08000a48                daisy::DaisySeed::ConfigureAudio()
 .text._ZN5daisy9DaisySeed4InitEb
                0x08000b50       0xf0 ../libDaisy/build/libdaisy.a(daisy_seed.o)
                0x08000b50                daisy::DaisySeed::Init(bool)
 .text._ZN5daisy6Ak45564InitENS_3PinE
                0x08000c40       0x44 ../libDaisy/build/libdaisy.a(codec_ak4556.o)
                0x08000c40                daisy::Ak4556::Init(daisy::Pin)
 .text._ZN5daisy6Wm873120WriteControlRegisterEht
                0x08000c84       0x3c ../libDaisy/build/libdaisy.a(codec_wm8731.o)
                0x08000c84                daisy::Wm8731::WriteControlRegister(unsigned char, unsigned short)
 .text._ZN5daisy6Wm87314InitERKNS0_6ConfigENS_9I2CHandleE
                0x08000cc0      0x1b4 ../libDaisy/build/libdaisy.a(codec_wm8731.o)
                0x08000cc0                daisy::Wm8731::Init(daisy::Wm8731::Config const&, daisy::I2CHandle)
 .text._ZN11SdramHandle10DeviceInitEv
                0x08000e74       0x8c ../libDaisy/build/libdaisy.a(sdram.o)
                0x08000e74                SdramHandle::DeviceInit()
 .text._ZN11SdramHandle4InitEv
                0x08000f00       0x88 ../libDaisy/build/libdaisy.a(sdram.o)
                0x08000f00                SdramHandle::Init()
 .text.HAL_SDRAM_MspInit
                0x08000f88      0x19c ../libDaisy/build/libdaisy.a(sdram.o)
                0x08000f88                HAL_SDRAM_MspInit
 .text._ZN5daisy11AudioHandle4InitERKNS0_6ConfigENS_9SaiHandleE
                0x08001124       0x70 ../libDaisy/build/libdaisy.a(audio.o)
                0x08001124                daisy::AudioHandle::Init(daisy::AudioHandle::Config const&, daisy::SaiHandle)
 .text._ZNK5daisy11AudioHandle9GetConfigEv
                0x08001194        0x8 ../libDaisy/build/libdaisy.a(audio.o)
                0x08001194                daisy::AudioHandle::GetConfig() const
 .text._ZN5daisy11AudioHandle13GetSampleRateEv
                0x0800119c        0x8 ../libDaisy/build/libdaisy.a(audio.o)
                0x0800119c                daisy::AudioHandle::GetSampleRate()
 .text.startup._GLOBAL__sub_I__ZN5daisy11AudioHandle4Impl4InitENS0_6ConfigENS_9SaiHandleE
                0x080011a4       0x20 ../libDaisy/build/libdaisy.a(audio.o)
 .text._ZN5daisy4GPIO4InitERKNS0_6ConfigE
                0x080011c4      0x220 ../libDaisy/build/libdaisy.a(gpio.o)
                0x080011c4                daisy::GPIO::Init(daisy::GPIO::Config const&)
 .text._ZN5daisy4GPIO4InitENS_3PinENS0_4ModeENS0_4PullENS0_5SpeedE
                0x080013e4      0x21c ../libDaisy/build/libdaisy.a(gpio.o)
                0x080013e4                daisy::GPIO::Init(daisy::Pin, daisy::GPIO::Mode, daisy::GPIO::Pull, daisy::GPIO::Speed)
 .text._ZN5daisy4GPIO4ReadEv
                0x08001600       0x18 ../libDaisy/build/libdaisy.a(gpio.o)
                0x08001600                daisy::GPIO::Read()
 .text._ZN5daisy4GPIO5WriteEb
                0x08001618       0x14 ../libDaisy/build/libdaisy.a(gpio.o)
                0x08001618                daisy::GPIO::Write(bool)
 .text._ZN5daisy9I2CHandle4Impl8InitPinsEv
                0x0800162c       0x6c ../libDaisy/build/libdaisy.a(i2c.o)
                0x0800162c                daisy::I2CHandle::Impl::InitPins()
 .text.HAL_I2C_MspInit
                0x08001698      0x1b4 ../libDaisy/build/libdaisy.a(i2c.o)
                0x08001698                HAL_I2C_MspInit
 .text.dsy_i2c_global_init
                0x0800184c       0x70 ../libDaisy/build/libdaisy.a(i2c.o)
                0x0800184c                dsy_i2c_global_init
 .text.DMA1_Stream6_IRQHandler
                0x080018bc       0x34 ../libDaisy/build/libdaisy.a(i2c.o)
                0x080018bc                DMA1_Stream6_IRQHandler
 .text.I2C1_EV_IRQHandler
                0x080018f0        0xc ../libDaisy/build/libdaisy.a(i2c.o)
                0x080018f0                I2C1_EV_IRQHandler
 .text.I2C2_EV_IRQHandler
                0x080018fc        0xc ../libDaisy/build/libdaisy.a(i2c.o)
                0x080018fc                I2C2_EV_IRQHandler
 .text.I2C3_EV_IRQHandler
                0x08001908        0xc ../libDaisy/build/libdaisy.a(i2c.o)
                0x08001908                I2C3_EV_IRQHandler
 .text._ZN5daisy9I2CHandle4InitERKNS0_6ConfigE
                0x08001914      0x128 ../libDaisy/build/libdaisy.a(i2c.o)
                0x08001914                daisy::I2CHandle::Init(daisy::I2CHandle::Config const&)
 .text._ZN5daisy9I2CHandle16TransmitBlockingEtPhtm
                0x08001a3c       0x50 ../libDaisy/build/libdaisy.a(i2c.o)
                0x08001a3c                daisy::I2CHandle::TransmitBlocking(unsigned short, unsigned char*, unsigned short, unsigned long)
 .text.startup._GLOBAL__sub_I__ZN5daisy9I2CHandle4Impl10GlobalInitEv
                0x08001a8c       0x2c ../libDaisy/build/libdaisy.a(i2c.o)
 .text._ZN5daisy10QSPIHandle4Impl11WriteEnableEv
                0x08001ab8       0x88 ../libDaisy/build/libdaisy.a(qspi.o)
                0x08001ab8                daisy::QSPIHandle::Impl::WriteEnable()
 .text._ZN5daisy10QSPIHandle4Impl17DummyCyclesConfigENS0_6Config6DeviceE
                0x08001b40      0x108 ../libDaisy/build/libdaisy.a(qspi.o)
                0x08001b40                daisy::QSPIHandle::Impl::DummyCyclesConfig(daisy::QSPIHandle::Config::Device)
 .text._ZN5daisy10QSPIHandle4Impl10QuadEnableEv
                0x08001c48      0x140 ../libDaisy/build/libdaisy.a(qspi.o)
                0x08001c48                daisy::QSPIHandle::Impl::QuadEnable()
 .text._ZN5daisy10QSPIHandle4InitERKNS0_6ConfigE
                0x08001d88      0x184 ../libDaisy/build/libdaisy.a(qspi.o)
                0x08001d88                daisy::QSPIHandle::Init(daisy::QSPIHandle::Config const&)
 .text.HAL_QSPI_MspInit
                0x08001f0c      0x114 ../libDaisy/build/libdaisy.a(qspi.o)
                0x08001f0c                HAL_QSPI_MspInit
 .text.HAL_QSPI_MspDeInit
                0x08002020       0x60 ../libDaisy/build/libdaisy.a(qspi.o)
                0x08002020                HAL_QSPI_MspDeInit
 .text.QUADSPI_IRQHandler
                0x08002080        0xc ../libDaisy/build/libdaisy.a(qspi.o)
                0x08002080                QUADSPI_IRQHandler
 .text.startup._GLOBAL__sub_I__ZN5daisy10QSPIHandle4Impl4InitERKNS0_6ConfigE
                0x0800208c       0x34 ../libDaisy/build/libdaisy.a(qspi.o)
 .text._ZN5daisy9SaiHandle4Impl8InitPinsEv
                0x080020c0       0xcc ../libDaisy/build/libdaisy.a(sai.o)
                0x080020c0                daisy::SaiHandle::Impl::InitPins()
 .text.HAL_SAI_MspInit
                0x0800218c      0x2a8 ../libDaisy/build/libdaisy.a(sai.o)
                0x0800218c                HAL_SAI_MspInit
 .text.DMA1_Stream0_IRQHandler
                0x08002434        0xc ../libDaisy/build/libdaisy.a(sai.o)
                0x08002434                DMA1_Stream0_IRQHandler
 .text.DMA1_Stream1_IRQHandler
                0x08002440        0xc ../libDaisy/build/libdaisy.a(sai.o)
                0x08002440                DMA1_Stream1_IRQHandler
 .text.DMA1_Stream3_IRQHandler
                0x0800244c        0xc ../libDaisy/build/libdaisy.a(sai.o)
                0x0800244c                DMA1_Stream3_IRQHandler
 .text.DMA1_Stream4_IRQHandler
                0x08002458        0xc ../libDaisy/build/libdaisy.a(sai.o)
                0x08002458                DMA1_Stream4_IRQHandler
 *fill*         0x08002464        0x4 
 .text._ZN5daisy9SaiHandle4InitERKNS0_6ConfigE
                0x08002468      0x204 ../libDaisy/build/libdaisy.a(sai.o)
                0x08002468                daisy::SaiHandle::Init(daisy::SaiHandle::Config const&)
 .text._ZNK5daisy9SaiHandle9GetConfigEv
                0x0800266c        0x4 ../libDaisy/build/libdaisy.a(sai.o)
                0x0800266c                daisy::SaiHandle::GetConfig() const
 .text._ZN5daisy9SaiHandle13GetSampleRateEv
                0x08002670       0x24 ../libDaisy/build/libdaisy.a(sai.o)
                0x08002670                daisy::SaiHandle::GetSampleRate()
 .text.startup._GLOBAL__sub_I__ZN5daisy9SaiHandle4Impl4InitERKNS0_6ConfigE
                0x08002694       0x20 ../libDaisy/build/libdaisy.a(sai.o)
 .text._ZN5daisy11TimerHandleD2Ev
                0x080026b4        0x4 ../libDaisy/build/libdaisy.a(system.o)
                0x080026b4                daisy::TimerHandle::~TimerHandle()
                0x080026b4                daisy::TimerHandle::~TimerHandle()
 .text.SysTick_Handler
                0x080026b8       0x10 ../libDaisy/build/libdaisy.a(system.o)
                0x080026b8                SysTick_Handler
 .text.OTG_HS_EP1_OUT_IRQHandler
                0x080026c8       0x24 ../libDaisy/build/libdaisy.a(system.o)
                0x080026c8                OTG_HS_EP1_OUT_IRQHandler
 .text.OTG_HS_EP1_IN_IRQHandler
                0x080026ec       0x24 ../libDaisy/build/libdaisy.a(system.o)
                0x080026ec                OTG_HS_EP1_IN_IRQHandler
 .text.OTG_HS_IRQHandler
                0x08002710       0x24 ../libDaisy/build/libdaisy.a(system.o)
                0x08002710                OTG_HS_IRQHandler
 .text.HardFault_Handler
                0x08002734       0xe0 ../libDaisy/build/libdaisy.a(system.o)
                0x08002734                HardFault_Handler
 .text._ZN5daisy6System5DelayEm
                0x08002814        0x4 ../libDaisy/build/libdaisy.a(system.o)
                0x08002814                daisy::System::Delay(unsigned long)
 .text._ZN5daisy6System20GetBootloaderVersionEv
                0x08002818       0x34 ../libDaisy/build/libdaisy.a(system.o)
                0x08002818                daisy::System::GetBootloaderVersion()
 *fill*         0x0800284c        0x4 
 .text._ZN5daisy6System15ConfigureClocksEv
                0x08002850      0x19c ../libDaisy/build/libdaisy.a(system.o)
                0x08002850                daisy::System::ConfigureClocks()
 .text._ZN5daisy6System12ConfigureMpuEv
                0x080029ec       0x7c ../libDaisy/build/libdaisy.a(system.o)
                0x080029ec                daisy::System::ConfigureMpu()
 .text._ZN5daisy6System4InitERKNS0_6ConfigE
                0x08002a68       0xf8 ../libDaisy/build/libdaisy.a(system.o)
                0x08002a68                daisy::System::Init(daisy::System::Config const&)
 .text._ZN5daisy6System12GetPClk1FreqEv
                0x08002b60        0x4 ../libDaisy/build/libdaisy.a(system.o)
                0x08002b60                daisy::System::GetPClk1Freq()
 .text._ZN5daisy6System22GetProgramMemoryRegionEv
                0x08002b64       0x78 ../libDaisy/build/libdaisy.a(system.o)
                0x08002b64                daisy::System::GetProgramMemoryRegion()
 .text.startup._GLOBAL__sub_I__ZN5daisy9boot_infoE
                0x08002bdc       0x1c ../libDaisy/build/libdaisy.a(system.o)
 .text.SystemInit
                0x08002bf8       0x98 ../libDaisy/build/libdaisy.a(system_stm32h7xx.o)
                0x08002bf8                SystemInit
 .text.HAL_PCD_SetupStageCallback
                0x08002c90        0xc ../libDaisy/build/libdaisy.a(usbd_conf.o)
                0x08002c90                HAL_PCD_SetupStageCallback
 .text.HAL_PCD_DataOutStageCallback
                0x08002c9c       0x14 ../libDaisy/build/libdaisy.a(usbd_conf.o)
                0x08002c9c                HAL_PCD_DataOutStageCallback
 .text.HAL_PCD_DataInStageCallback
                0x08002cb0       0x14 ../libDaisy/build/libdaisy.a(usbd_conf.o)
                0x08002cb0                HAL_PCD_DataInStageCallback
 .text.HAL_PCD_SOFCallback
                0x08002cc4        0x8 ../libDaisy/build/libdaisy.a(usbd_conf.o)
                0x08002cc4                HAL_PCD_SOFCallback
 .text.HAL_PCD_ResetCallback
                0x08002ccc       0x24 ../libDaisy/build/libdaisy.a(usbd_conf.o)
                0x08002ccc                HAL_PCD_ResetCallback
 .text.HAL_PCD_SuspendCallback
                0x08002cf0       0x30 ../libDaisy/build/libdaisy.a(usbd_conf.o)
                0x08002cf0                HAL_PCD_SuspendCallback
 .text.HAL_PCD_ResumeCallback
                0x08002d20        0x8 ../libDaisy/build/libdaisy.a(usbd_conf.o)
                0x08002d20                HAL_PCD_ResumeCallback
 .text.HAL_PCD_ISOOUTIncompleteCallback
                0x08002d28        0x8 ../libDaisy/build/libdaisy.a(usbd_conf.o)
                0x08002d28                HAL_PCD_ISOOUTIncompleteCallback
 .text.HAL_PCD_ISOINIncompleteCallback
                0x08002d30        0x8 ../libDaisy/build/libdaisy.a(usbd_conf.o)
                0x08002d30                HAL_PCD_ISOINIncompleteCallback
 .text.HAL_PCD_ConnectCallback
                0x08002d38        0x8 ../libDaisy/build/libdaisy.a(usbd_conf.o)
                0x08002d38                HAL_PCD_ConnectCallback
 .text.HAL_PCD_DisconnectCallback
                0x08002d40        0x8 ../libDaisy/build/libdaisy.a(usbd_conf.o)
                0x08002d40                HAL_PCD_DisconnectCallback
 .text.USBD_LL_OpenEP
                0x08002d48       0x1c ../libDaisy/build/libdaisy.a(usbd_conf.o)
                0x08002d48                USBD_LL_OpenEP
 .text.USBD_LL_StallEP
                0x08002d64       0x18 ../libDaisy/build/libdaisy.a(usbd_conf.o)
                0x08002d64                USBD_LL_StallEP
 .text.USBD_LL_ClearStallEP
                0x08002d7c       0x18 ../libDaisy/build/libdaisy.a(usbd_conf.o)
                0x08002d7c                USBD_LL_ClearStallEP
 .text.USBD_LL_IsStallEP
                0x08002d94       0x28 ../libDaisy/build/libdaisy.a(usbd_conf.o)
                0x08002d94                USBD_LL_IsStallEP
 .text.USBD_LL_SetUSBAddress
                0x08002dbc       0x18 ../libDaisy/build/libdaisy.a(usbd_conf.o)
                0x08002dbc                USBD_LL_SetUSBAddress
 .text.USBD_LL_Transmit
                0x08002dd4       0x18 ../libDaisy/build/libdaisy.a(usbd_conf.o)
                0x08002dd4                USBD_LL_Transmit
 .text.USBD_LL_PrepareReceive
                0x08002dec       0x18 ../libDaisy/build/libdaisy.a(usbd_conf.o)
                0x08002dec                USBD_LL_PrepareReceive
 .text.HAL_HCD_SOF_Callback
                0x08002e04        0x8 ../libDaisy/build/libdaisy.a(usbh_conf.o)
                0x08002e04                HAL_HCD_SOF_Callback
 .text.HAL_HCD_Connect_Callback
                0x08002e0c        0x8 ../libDaisy/build/libdaisy.a(usbh_conf.o)
                0x08002e0c                HAL_HCD_Connect_Callback
 .text.HAL_HCD_Disconnect_Callback
                0x08002e14        0x8 ../libDaisy/build/libdaisy.a(usbh_conf.o)
                0x08002e14                HAL_HCD_Disconnect_Callback
 .text.HAL_HCD_HC_NotifyURBChange_Callback
                0x08002e1c        0x4 ../libDaisy/build/libdaisy.a(usbh_conf.o)
                0x08002e1c                HAL_HCD_HC_NotifyURBChange_Callback
 .text.HAL_HCD_PortEnabled_Callback
                0x08002e20        0x8 ../libDaisy/build/libdaisy.a(usbh_conf.o)
                0x08002e20                HAL_HCD_PortEnabled_Callback
 .text.HAL_HCD_PortDisabled_Callback
                0x08002e28        0x8 ../libDaisy/build/libdaisy.a(usbh_conf.o)
                0x08002e28                HAL_HCD_PortDisabled_Callback
 .text.USBH_LL_Stop
                0x08002e30       0x18 ../libDaisy/build/libdaisy.a(usbh_conf.o)
                0x08002e30                USBH_LL_Stop
 .text.HAL_MspInit
                0x08002e48        0x4 ../libDaisy/build/libdaisy.a(stm32h7xx_hal.o)
                0x08002e48                HAL_MspInit
 .text.HAL_InitTick
                0x08002e4c       0x4c ../libDaisy/build/libdaisy.a(stm32h7xx_hal.o)
                0x08002e4c                HAL_InitTick
 .text.HAL_Init
                0x08002e98       0x60 ../libDaisy/build/libdaisy.a(stm32h7xx_hal.o)
                0x08002e98                HAL_Init
 .text.HAL_IncTick
                0x08002ef8       0x18 ../libDaisy/build/libdaisy.a(stm32h7xx_hal.o)
                0x08002ef8                HAL_IncTick
 .text.HAL_GetTick
                0x08002f10        0xc ../libDaisy/build/libdaisy.a(stm32h7xx_hal.o)
                0x08002f10                HAL_GetTick
 .text.HAL_Delay
                0x08002f1c       0x24 ../libDaisy/build/libdaisy.a(stm32h7xx_hal.o)
                0x08002f1c                HAL_Delay
 .text.HAL_GetREVID
                0x08002f40        0xc ../libDaisy/build/libdaisy.a(stm32h7xx_hal.o)
                0x08002f40                HAL_GetREVID
 .text.HAL_NVIC_SetPriorityGrouping
                0x08002f4c       0x24 ../libDaisy/build/libdaisy.a(stm32h7xx_hal_cortex.o)
                0x08002f4c                HAL_NVIC_SetPriorityGrouping
 .text.HAL_NVIC_SetPriority
                0x08002f70       0x78 ../libDaisy/build/libdaisy.a(stm32h7xx_hal_cortex.o)
                0x08002f70                HAL_NVIC_SetPriority
 .text.HAL_NVIC_EnableIRQ
                0x08002fe8       0x1c ../libDaisy/build/libdaisy.a(stm32h7xx_hal_cortex.o)
                0x08002fe8                HAL_NVIC_EnableIRQ
 .text.HAL_NVIC_DisableIRQ
                0x08003004       0x24 ../libDaisy/build/libdaisy.a(stm32h7xx_hal_cortex.o)
                0x08003004                HAL_NVIC_DisableIRQ
 .text.HAL_SYSTICK_Config
                0x08003028       0x2c ../libDaisy/build/libdaisy.a(stm32h7xx_hal_cortex.o)
                0x08003028                HAL_SYSTICK_Config
 .text.HAL_MPU_Disable
                0x08003054       0x1c ../libDaisy/build/libdaisy.a(stm32h7xx_hal_cortex.o)
                0x08003054                HAL_MPU_Disable
 .text.HAL_MPU_Enable
                0x08003070       0x20 ../libDaisy/build/libdaisy.a(stm32h7xx_hal_cortex.o)
                0x08003070                HAL_MPU_Enable
 .text.HAL_MPU_ConfigRegion
                0x08003090       0x64 ../libDaisy/build/libdaisy.a(stm32h7xx_hal_cortex.o)
                0x08003090                HAL_MPU_ConfigRegion
 .text.HAL_SYSTICK_Callback
                0x080030f4        0x4 ../libDaisy/build/libdaisy.a(stm32h7xx_hal_cortex.o)
                0x080030f4                HAL_SYSTICK_Callback
 .text.HAL_SYSTICK_IRQHandler
                0x080030f8        0x8 ../libDaisy/build/libdaisy.a(stm32h7xx_hal_cortex.o)
                0x080030f8                HAL_SYSTICK_IRQHandler
 .text.DMA_CalcBaseAndBitshift
                0x08003100      0x100 ../libDaisy/build/libdaisy.a(stm32h7xx_hal_dma.o)
 .text.DMA_CalcDMAMUXChannelBaseAndMask
                0x08003200       0xd4 ../libDaisy/build/libdaisy.a(stm32h7xx_hal_dma.o)
 .text.HAL_DMA_Init
                0x080032d4      0x520 ../libDaisy/build/libdaisy.a(stm32h7xx_hal_dma.o)
                0x080032d4                HAL_DMA_Init
 .text.HAL_DMA_Start_IT
                0x080037f4      0x668 ../libDaisy/build/libdaisy.a(stm32h7xx_hal_dma.o)
                0x080037f4                HAL_DMA_Start_IT
 .text.HAL_DMA_Abort
                0x08003e5c      0x36c ../libDaisy/build/libdaisy.a(stm32h7xx_hal_dma.o)
                0x08003e5c                HAL_DMA_Abort
 .text.HAL_DMA_Abort_IT
                0x080041c8      0x194 ../libDaisy/build/libdaisy.a(stm32h7xx_hal_dma.o)
                0x080041c8                HAL_DMA_Abort_IT
 .text.HAL_DMA_IRQHandler
                0x0800435c      0x424 ../libDaisy/build/libdaisy.a(stm32h7xx_hal_dma.o)
                0x0800435c                HAL_DMA_IRQHandler
 .text.HAL_DMA_GetError
                0x08004780        0x4 ../libDaisy/build/libdaisy.a(stm32h7xx_hal_dma.o)
                0x08004780                HAL_DMA_GetError
 .text.HAL_GPIO_Init
                0x08004784      0x40c ../libDaisy/build/libdaisy.a(stm32h7xx_hal_gpio.o)
                0x08004784                HAL_GPIO_Init
 .text.HAL_GPIO_DeInit
                0x08004b90      0x260 ../libDaisy/build/libdaisy.a(stm32h7xx_hal_gpio.o)
                0x08004b90                HAL_GPIO_DeInit
 .text.HAL_GPIO_ReadPin
                0x08004df0        0xc ../libDaisy/build/libdaisy.a(stm32h7xx_hal_gpio.o)
                0x08004df0                HAL_GPIO_ReadPin
 .text.HAL_GPIO_WritePin
                0x08004dfc        0x8 ../libDaisy/build/libdaisy.a(stm32h7xx_hal_gpio.o)
                0x08004dfc                HAL_GPIO_WritePin
 .text.HAL_HCD_IRQHandler
                0x08004e04      0x974 ../libDaisy/build/libdaisy.a(stm32h7xx_hal_hcd.o)
                0x08004e04                HAL_HCD_IRQHandler
 .text.HAL_HCD_Stop
                0x08005778       0x28 ../libDaisy/build/libdaisy.a(stm32h7xx_hal_hcd.o)
                0x08005778                HAL_HCD_Stop
 .text.I2C_WaitOnTXISFlagUntilTimeout
                0x080057a0      0x16c ../libDaisy/build/libdaisy.a(stm32h7xx_hal_i2c.o)
 .text.I2C_WaitOnSTOPFlagUntilTimeout
                0x0800590c      0x16c ../libDaisy/build/libdaisy.a(stm32h7xx_hal_i2c.o)
 .text.HAL_I2C_Init
                0x08005a78       0xac ../libDaisy/build/libdaisy.a(stm32h7xx_hal_i2c.o)
                0x08005a78                HAL_I2C_Init
 .text.HAL_I2C_Master_Transmit
                0x08005b24      0x384 ../libDaisy/build/libdaisy.a(stm32h7xx_hal_i2c.o)
                0x08005b24                HAL_I2C_Master_Transmit
 .text.HAL_I2C_Slave_Transmit
                0x08005ea8      0x250 ../libDaisy/build/libdaisy.a(stm32h7xx_hal_i2c.o)
                0x08005ea8                HAL_I2C_Slave_Transmit
 .text.HAL_I2C_EV_IRQHandler
                0x080060f8       0x10 ../libDaisy/build/libdaisy.a(stm32h7xx_hal_i2c.o)
                0x080060f8                HAL_I2C_EV_IRQHandler
 .text.HAL_I2C_GetState
                0x08006108        0x8 ../libDaisy/build/libdaisy.a(stm32h7xx_hal_i2c.o)
                0x08006108                HAL_I2C_GetState
 .text.HAL_I2CEx_ConfigAnalogFilter
                0x08006110       0x54 ../libDaisy/build/libdaisy.a(stm32h7xx_hal_i2c_ex.o)
                0x08006110                HAL_I2CEx_ConfigAnalogFilter
 .text.HAL_I2CEx_ConfigDigitalFilter
                0x08006164       0x58 ../libDaisy/build/libdaisy.a(stm32h7xx_hal_i2c_ex.o)
                0x08006164                HAL_I2CEx_ConfigDigitalFilter
 .text.HAL_PCD_IRQHandler
                0x080061bc      0xb54 ../libDaisy/build/libdaisy.a(stm32h7xx_hal_pcd.o)
                0x080061bc                HAL_PCD_IRQHandler
 .text.HAL_PCD_SetAddress
                0x08006d10       0x2c ../libDaisy/build/libdaisy.a(stm32h7xx_hal_pcd.o)
                0x08006d10                HAL_PCD_SetAddress
 .text.HAL_PCD_EP_Open
                0x08006d3c       0x7c ../libDaisy/build/libdaisy.a(stm32h7xx_hal_pcd.o)
                0x08006d3c                HAL_PCD_EP_Open
 .text.HAL_PCD_EP_Receive
                0x08006db8       0x44 ../libDaisy/build/libdaisy.a(stm32h7xx_hal_pcd.o)
                0x08006db8                HAL_PCD_EP_Receive
 .text.HAL_PCD_EP_Transmit
                0x08006dfc       0x44 ../libDaisy/build/libdaisy.a(stm32h7xx_hal_pcd.o)
                0x08006dfc                HAL_PCD_EP_Transmit
 .text.HAL_PCD_EP_SetStall
                0x08006e40       0x88 ../libDaisy/build/libdaisy.a(stm32h7xx_hal_pcd.o)
                0x08006e40                HAL_PCD_EP_SetStall
 .text.HAL_PCD_EP_ClrStall
                0x08006ec8       0x78 ../libDaisy/build/libdaisy.a(stm32h7xx_hal_pcd.o)
                0x08006ec8                HAL_PCD_EP_ClrStall
 .text.HAL_PCDEx_LPM_Callback
                0x08006f40        0x4 ../libDaisy/build/libdaisy.a(stm32h7xx_hal_pcd_ex.o)
                0x08006f40                HAL_PCDEx_LPM_Callback
 .text.HAL_PWREx_ConfigSupply
                0x08006f44       0x48 ../libDaisy/build/libdaisy.a(stm32h7xx_hal_pwr_ex.o)
                0x08006f44                HAL_PWREx_ConfigSupply
 .text.HAL_PWREx_EnableUSBVoltageDetector
                0x08006f8c       0x10 ../libDaisy/build/libdaisy.a(stm32h7xx_hal_pwr_ex.o)
                0x08006f8c                HAL_PWREx_EnableUSBVoltageDetector
 .text.QSPI_Config
                0x08006f9c      0x188 ../libDaisy/build/libdaisy.a(stm32h7xx_hal_qspi.o)
 .text.HAL_QSPI_Init
                0x08007124       0xbc ../libDaisy/build/libdaisy.a(stm32h7xx_hal_qspi.o)
                0x08007124                HAL_QSPI_Init
 .text.HAL_QSPI_DeInit
                0x080071e0       0x24 ../libDaisy/build/libdaisy.a(stm32h7xx_hal_qspi.o)
                0x080071e0                HAL_QSPI_DeInit
 .text.HAL_QSPI_Command
                0x08007204       0xdc ../libDaisy/build/libdaisy.a(stm32h7xx_hal_qspi.o)
                0x08007204                HAL_QSPI_Command
 .text.HAL_QSPI_Transmit
                0x080072e0      0x11c ../libDaisy/build/libdaisy.a(stm32h7xx_hal_qspi.o)
                0x080072e0                HAL_QSPI_Transmit
 .text.HAL_QSPI_Receive
                0x080073fc      0x128 ../libDaisy/build/libdaisy.a(stm32h7xx_hal_qspi.o)
                0x080073fc                HAL_QSPI_Receive
 .text.HAL_QSPI_AutoPolling
                0x08007524      0x11c ../libDaisy/build/libdaisy.a(stm32h7xx_hal_qspi.o)
                0x08007524                HAL_QSPI_AutoPolling
 .text.HAL_QSPI_MemoryMapped
                0x08007640       0xc4 ../libDaisy/build/libdaisy.a(stm32h7xx_hal_qspi.o)
                0x08007640                HAL_QSPI_MemoryMapped
 .text.HAL_QSPI_ErrorCallback
                0x08007704        0x4 ../libDaisy/build/libdaisy.a(stm32h7xx_hal_qspi.o)
                0x08007704                HAL_QSPI_ErrorCallback
 .text.QSPI_DMAAbortCplt
                0x08007708       0x38 ../libDaisy/build/libdaisy.a(stm32h7xx_hal_qspi.o)
 .text.HAL_QSPI_AbortCpltCallback
                0x08007740        0x4 ../libDaisy/build/libdaisy.a(stm32h7xx_hal_qspi.o)
                0x08007740                HAL_QSPI_AbortCpltCallback
 .text.HAL_QSPI_CmdCpltCallback
                0x08007744        0x4 ../libDaisy/build/libdaisy.a(stm32h7xx_hal_qspi.o)
                0x08007744                HAL_QSPI_CmdCpltCallback
 .text.HAL_QSPI_RxCpltCallback
                0x08007748        0x4 ../libDaisy/build/libdaisy.a(stm32h7xx_hal_qspi.o)
                0x08007748                HAL_QSPI_RxCpltCallback
 .text.HAL_QSPI_TxCpltCallback
                0x0800774c        0x4 ../libDaisy/build/libdaisy.a(stm32h7xx_hal_qspi.o)
                0x0800774c                HAL_QSPI_TxCpltCallback
 .text.HAL_QSPI_FifoThresholdCallback
                0x08007750        0x4 ../libDaisy/build/libdaisy.a(stm32h7xx_hal_qspi.o)
                0x08007750                HAL_QSPI_FifoThresholdCallback
 .text.HAL_QSPI_StatusMatchCallback
                0x08007754        0x4 ../libDaisy/build/libdaisy.a(stm32h7xx_hal_qspi.o)
                0x08007754                HAL_QSPI_StatusMatchCallback
 .text.HAL_QSPI_TimeOutCallback
                0x08007758        0x4 ../libDaisy/build/libdaisy.a(stm32h7xx_hal_qspi.o)
                0x08007758                HAL_QSPI_TimeOutCallback
 .text.HAL_QSPI_IRQHandler
                0x0800775c      0x210 ../libDaisy/build/libdaisy.a(stm32h7xx_hal_qspi.o)
                0x0800775c                HAL_QSPI_IRQHandler
 .text.HAL_RCC_GetSysClockFreq.part.0
                0x0800796c       0xe4 ../libDaisy/build/libdaisy.a(stm32h7xx_hal_rcc.o)
 .text.HAL_RCC_OscConfig
                0x08007a50      0x5e8 ../libDaisy/build/libdaisy.a(stm32h7xx_hal_rcc.o)
                0x08007a50                HAL_RCC_OscConfig
 .text.HAL_RCC_GetSysClockFreq
                0x08008038      0x11c ../libDaisy/build/libdaisy.a(stm32h7xx_hal_rcc.o)
                0x08008038                HAL_RCC_GetSysClockFreq
 .text.HAL_RCC_ClockConfig
                0x08008154      0x254 ../libDaisy/build/libdaisy.a(stm32h7xx_hal_rcc.o)
                0x08008154                HAL_RCC_ClockConfig
 .text.HAL_RCC_GetHCLKFreq
                0x080083a8       0x80 ../libDaisy/build/libdaisy.a(stm32h7xx_hal_rcc.o)
                0x080083a8                HAL_RCC_GetHCLKFreq
 .text.HAL_RCC_GetPCLK1Freq
                0x08008428       0x90 ../libDaisy/build/libdaisy.a(stm32h7xx_hal_rcc.o)
                0x08008428                HAL_RCC_GetPCLK1Freq
 .text.HAL_RCC_GetPCLK2Freq
                0x080084b8       0x90 ../libDaisy/build/libdaisy.a(stm32h7xx_hal_rcc.o)
                0x080084b8                HAL_RCC_GetPCLK2Freq
 .text.RCCEx_PLL2_Config.part.0
                0x08008548       0xe0 ../libDaisy/build/libdaisy.a(stm32h7xx_hal_rcc_ex.o)
 .text.RCCEx_PLL3_Config.part.0
                0x08008628       0xe0 ../libDaisy/build/libdaisy.a(stm32h7xx_hal_rcc_ex.o)
 .text.HAL_RCCEx_PeriphCLKConfig
                0x08008708      0xe88 ../libDaisy/build/libdaisy.a(stm32h7xx_hal_rcc_ex.o)
                0x08008708                HAL_RCCEx_PeriphCLKConfig
 .text.HAL_RCCEx_GetD3PCLK1Freq
                0x08009590       0x24 ../libDaisy/build/libdaisy.a(stm32h7xx_hal_rcc_ex.o)
                0x08009590                HAL_RCCEx_GetD3PCLK1Freq
 .text.HAL_RCCEx_GetPLL2ClockFreq
                0x080095b4      0x134 ../libDaisy/build/libdaisy.a(stm32h7xx_hal_rcc_ex.o)
                0x080095b4                HAL_RCCEx_GetPLL2ClockFreq
 .text.HAL_RCCEx_GetPLL3ClockFreq
                0x080096e8      0x134 ../libDaisy/build/libdaisy.a(stm32h7xx_hal_rcc_ex.o)
                0x080096e8                HAL_RCCEx_GetPLL3ClockFreq
 .text.HAL_RCCEx_GetPLL1ClockFreq
                0x0800981c      0x134 ../libDaisy/build/libdaisy.a(stm32h7xx_hal_rcc_ex.o)
                0x0800981c                HAL_RCCEx_GetPLL1ClockFreq
 .text.HAL_RCCEx_GetPeriphCLKFreq
                0x08009950      0x340 ../libDaisy/build/libdaisy.a(stm32h7xx_hal_rcc_ex.o)
                0x08009950                HAL_RCCEx_GetPeriphCLKFreq
 .text.HAL_SAI_Init
                0x08009c90      0x3b8 ../libDaisy/build/libdaisy.a(stm32h7xx_hal_sai.o)
                0x08009c90                HAL_SAI_Init
 .text.HAL_SAI_InitProtocol
                0x0800a048      0x158 ../libDaisy/build/libdaisy.a(stm32h7xx_hal_sai.o)
                0x0800a048                HAL_SAI_InitProtocol
 .text.HAL_SDRAM_Init
                0x0800a1a0       0x54 ../libDaisy/build/libdaisy.a(stm32h7xx_hal_sdram.o)
                0x0800a1a0                HAL_SDRAM_Init
 .text.HAL_SDRAM_SendCommand
                0x0800a1f4       0x40 ../libDaisy/build/libdaisy.a(stm32h7xx_hal_sdram.o)
                0x0800a1f4                HAL_SDRAM_SendCommand
 .text.HAL_SDRAM_ProgramRefreshRate
                0x0800a234       0x30 ../libDaisy/build/libdaisy.a(stm32h7xx_hal_sdram.o)
                0x0800a234                HAL_SDRAM_ProgramRefreshRate
 .text.FMC_SDRAM_Init
                0x0800a264       0x6c ../libDaisy/build/libdaisy.a(stm32h7xx_ll_fmc.o)
                0x0800a264                FMC_SDRAM_Init
 .text.FMC_SDRAM_Timing_Init
                0x0800a2d0       0x7c ../libDaisy/build/libdaisy.a(stm32h7xx_ll_fmc.o)
                0x0800a2d0                FMC_SDRAM_Timing_Init
 .text.FMC_SDRAM_SendCommand
                0x0800a34c       0x34 ../libDaisy/build/libdaisy.a(stm32h7xx_ll_fmc.o)
                0x0800a34c                FMC_SDRAM_SendCommand
 .text.FMC_SDRAM_ProgramRefreshRate
                0x0800a380       0x14 ../libDaisy/build/libdaisy.a(stm32h7xx_ll_fmc.o)
                0x0800a380                FMC_SDRAM_ProgramRefreshRate
 .text.USB_SetTurnaroundTime
                0x0800a394       0xf4 ../libDaisy/build/libdaisy.a(stm32h7xx_ll_usb.o)
                0x0800a394                USB_SetTurnaroundTime
 .text.USB_FlushTxFifo
                0x0800a488       0x54 ../libDaisy/build/libdaisy.a(stm32h7xx_ll_usb.o)
                0x0800a488                USB_FlushTxFifo
 .text.USB_FlushRxFifo
                0x0800a4dc       0x50 ../libDaisy/build/libdaisy.a(stm32h7xx_ll_usb.o)
                0x0800a4dc                USB_FlushRxFifo
 .text.USB_GetDevSpeed
                0x0800a52c       0x18 ../libDaisy/build/libdaisy.a(stm32h7xx_ll_usb.o)
                0x0800a52c                USB_GetDevSpeed
 .text.USB_ActivateEndpoint
                0x0800a544       0x8c ../libDaisy/build/libdaisy.a(stm32h7xx_ll_usb.o)
                0x0800a544                USB_ActivateEndpoint
 .text.USB_EPStartXfer
                0x0800a5d0      0x238 ../libDaisy/build/libdaisy.a(stm32h7xx_ll_usb.o)
                0x0800a5d0                USB_EPStartXfer
 .text.USB_EPStopXfer
                0x0800a808       0x94 ../libDaisy/build/libdaisy.a(stm32h7xx_ll_usb.o)
                0x0800a808                USB_EPStopXfer
 .text.USB_WritePacket
                0x0800a89c       0x2c ../libDaisy/build/libdaisy.a(stm32h7xx_ll_usb.o)
                0x0800a89c                USB_WritePacket
 .text.USB_ReadPacket
                0x0800a8c8       0x48 ../libDaisy/build/libdaisy.a(stm32h7xx_ll_usb.o)
                0x0800a8c8                USB_ReadPacket
 .text.USB_EPSetStall
                0x0800a910       0x70 ../libDaisy/build/libdaisy.a(stm32h7xx_ll_usb.o)
                0x0800a910                USB_EPSetStall
 .text.USB_EPClearStall
                0x0800a980       0x58 ../libDaisy/build/libdaisy.a(stm32h7xx_ll_usb.o)
                0x0800a980                USB_EPClearStall
 .text.USB_SetDevAddress
                0x0800a9d8       0x24 ../libDaisy/build/libdaisy.a(stm32h7xx_ll_usb.o)
                0x0800a9d8                USB_SetDevAddress
 .text.USB_ReadInterrupts
                0x0800a9fc        0x8 ../libDaisy/build/libdaisy.a(stm32h7xx_ll_usb.o)
                0x0800a9fc                USB_ReadInterrupts
 .text.USB_ReadChInterrupts
                0x0800aa04       0x10 ../libDaisy/build/libdaisy.a(stm32h7xx_ll_usb.o)
                0x0800aa04                USB_ReadChInterrupts
 .text.USB_ReadDevAllOutEpInterrupt
                0x0800aa14       0x10 ../libDaisy/build/libdaisy.a(stm32h7xx_ll_usb.o)
                0x0800aa14                USB_ReadDevAllOutEpInterrupt
 .text.USB_ReadDevAllInEpInterrupt
                0x0800aa24       0x10 ../libDaisy/build/libdaisy.a(stm32h7xx_ll_usb.o)
                0x0800aa24                USB_ReadDevAllInEpInterrupt
 .text.USB_ReadDevOutEPInterrupt
                0x0800aa34       0x14 ../libDaisy/build/libdaisy.a(stm32h7xx_ll_usb.o)
                0x0800aa34                USB_ReadDevOutEPInterrupt
 .text.USB_ReadDevInEPInterrupt
                0x0800aa48       0x20 ../libDaisy/build/libdaisy.a(stm32h7xx_ll_usb.o)
                0x0800aa48                USB_ReadDevInEPInterrupt
 .text.USB_GetMode
                0x0800aa68        0x8 ../libDaisy/build/libdaisy.a(stm32h7xx_ll_usb.o)
                0x0800aa68                USB_GetMode
 .text.USB_ActivateSetup
                0x0800aa70       0x20 ../libDaisy/build/libdaisy.a(stm32h7xx_ll_usb.o)
                0x0800aa70                USB_ActivateSetup
 .text.USB_EP0_OutStart
                0x0800aa90       0x50 ../libDaisy/build/libdaisy.a(stm32h7xx_ll_usb.o)
                0x0800aa90                USB_EP0_OutStart
 .text.USB_InitFSLSPClkSel
                0x0800aae0       0x44 ../libDaisy/build/libdaisy.a(stm32h7xx_ll_usb.o)
                0x0800aae0                USB_InitFSLSPClkSel
 .text.USB_HC_ReadInterrupt
                0x0800ab24        0x8 ../libDaisy/build/libdaisy.a(stm32h7xx_ll_usb.o)
                0x0800ab24                USB_HC_ReadInterrupt
 .text.USB_HC_Halt
                0x0800ab2c       0xd4 ../libDaisy/build/libdaisy.a(stm32h7xx_ll_usb.o)
                0x0800ab2c                USB_HC_Halt
 .text.USB_StopHost
                0x0800ac00      0x1e4 ../libDaisy/build/libdaisy.a(stm32h7xx_ll_usb.o)
                0x0800ac00                USB_StopHost
 .text.USBD_SetClassConfig
                0x0800ade4       0x10 ../libDaisy/build/libdaisy.a(usbd_core.o)
                0x0800ade4                USBD_SetClassConfig
 .text.USBD_ClrClassConfig
                0x0800adf4       0x14 ../libDaisy/build/libdaisy.a(usbd_core.o)
                0x0800adf4                USBD_ClrClassConfig
 .text.USBD_LL_SetupStage
                0x0800ae08       0x60 ../libDaisy/build/libdaisy.a(usbd_core.o)
                0x0800ae08                USBD_LL_SetupStage
 .text.USBD_LL_DataOutStage
                0x0800ae68       0x74 ../libDaisy/build/libdaisy.a(usbd_core.o)
                0x0800ae68                USBD_LL_DataOutStage
 .text.USBD_LL_DataInStage
                0x0800aedc       0xc0 ../libDaisy/build/libdaisy.a(usbd_core.o)
                0x0800aedc                USBD_LL_DataInStage
 .text.USBD_LL_Reset
                0x0800af9c       0x5c ../libDaisy/build/libdaisy.a(usbd_core.o)
                0x0800af9c                USBD_LL_Reset
 .text.USBD_LL_SetSpeed
                0x0800aff8        0x8 ../libDaisy/build/libdaisy.a(usbd_core.o)
                0x0800aff8                USBD_LL_SetSpeed
 .text.USBD_LL_Suspend
                0x0800b000       0x20 ../libDaisy/build/libdaisy.a(usbd_core.o)
                0x0800b000                USBD_LL_Suspend
 .text.USBD_LL_Resume
                0x0800b020       0x18 ../libDaisy/build/libdaisy.a(usbd_core.o)
                0x0800b020                USBD_LL_Resume
 .text.USBD_LL_SOF
                0x0800b038       0x20 ../libDaisy/build/libdaisy.a(usbd_core.o)
                0x0800b038                USBD_LL_SOF
 .text.USBD_LL_IsoINIncomplete
                0x0800b058       0x2c ../libDaisy/build/libdaisy.a(usbd_core.o)
                0x0800b058                USBD_LL_IsoINIncomplete
 .text.USBD_LL_IsoOUTIncomplete
                0x0800b084       0x2c ../libDaisy/build/libdaisy.a(usbd_core.o)
                0x0800b084                USBD_LL_IsoOUTIncomplete
 .text.USBD_LL_DevConnected
                0x0800b0b0        0x4 ../libDaisy/build/libdaisy.a(usbd_core.o)
                0x0800b0b0                USBD_LL_DevConnected
 .text.USBD_LL_DevDisconnected
                0x0800b0b4       0x24 ../libDaisy/build/libdaisy.a(usbd_core.o)
                0x0800b0b4                USBD_LL_DevDisconnected
 .text.USBD_CoreFindIF
                0x0800b0d8        0x4 ../libDaisy/build/libdaisy.a(usbd_core.o)
                0x0800b0d8                USBD_CoreFindIF
 .text.USBD_CoreFindEP
                0x0800b0dc        0x4 ../libDaisy/build/libdaisy.a(usbd_core.o)
                0x0800b0dc                USBD_CoreFindEP
 .text.USBD_StdDevReq
                0x0800b0e0      0x350 ../libDaisy/build/libdaisy.a(usbd_ctlreq.o)
                0x0800b0e0                USBD_StdDevReq
 .text.USBD_StdItfReq
                0x0800b430       0x80 ../libDaisy/build/libdaisy.a(usbd_ctlreq.o)
                0x0800b430                USBD_StdItfReq
 .text.USBD_StdEPReq
                0x0800b4b0      0x15c ../libDaisy/build/libdaisy.a(usbd_ctlreq.o)
                0x0800b4b0                USBD_StdEPReq
 .text.USBD_ParseSetupRequest
                0x0800b60c       0x18 ../libDaisy/build/libdaisy.a(usbd_ctlreq.o)
                0x0800b60c                USBD_ParseSetupRequest
 .text.USBD_CtlSendData
                0x0800b624       0x1c ../libDaisy/build/libdaisy.a(usbd_ioreq.o)
                0x0800b624                USBD_CtlSendData
 .text.USBD_CtlContinueSendData
                0x0800b640       0x14 ../libDaisy/build/libdaisy.a(usbd_ioreq.o)
                0x0800b640                USBD_CtlContinueSendData
 .text.USBD_CtlContinueRx
                0x0800b654       0x14 ../libDaisy/build/libdaisy.a(usbd_ioreq.o)
                0x0800b654                USBD_CtlContinueRx
 .text.USBD_CtlSendStatus
                0x0800b668       0x18 ../libDaisy/build/libdaisy.a(usbd_ioreq.o)
                0x0800b668                USBD_CtlSendStatus
 .text.USBD_CtlReceiveStatus
                0x0800b680       0x18 ../libDaisy/build/libdaisy.a(usbd_ioreq.o)
                0x0800b680                USBD_CtlReceiveStatus
 .text.USBH_LL_IncTimer
                0x0800b698       0x20 ../libDaisy/build/libdaisy.a(usbh_core.o)
                0x0800b698                USBH_LL_IncTimer
 .text.USBH_LL_PortEnabled
                0x0800b6b8        0x8 ../libDaisy/build/libdaisy.a(usbh_core.o)
                0x0800b6b8                USBH_LL_PortEnabled
 .text.USBH_LL_PortDisabled
                0x0800b6c0        0x8 ../libDaisy/build/libdaisy.a(usbh_core.o)
                0x0800b6c0                USBH_LL_PortDisabled
 .text.USBH_LL_Connect
                0x0800b6c8       0x18 ../libDaisy/build/libdaisy.a(usbh_core.o)
                0x0800b6c8                USBH_LL_Connect
 .text.USBH_LL_Disconnect
                0x0800b6e0       0x2c ../libDaisy/build/libdaisy.a(usbh_core.o)
                0x0800b6e0                USBH_LL_Disconnect
 .text.USBH_FreePipe
                0x0800b70c       0x18 ../libDaisy/build/libdaisy.a(usbh_pipes.o)
                0x0800b70c                USBH_FreePipe
 .text._ZN5daisy6Random4InitEv
                0x0800b724       0x3c ../libDaisy/build/libdaisy.a(rng.o)
                0x0800b724                daisy::Random::Init()
 .text._ZN5daisy9SpiHandle4Impl7InitDmaEv
                0x0800b760       0xec ../libDaisy/build/libdaisy.a(spi.o)
                0x0800b760                daisy::SpiHandle::Impl::InitDma()
 .text._ZN5daisy9SpiHandle4Impl10StartDmaTxEPhjPFvPvEPFvS3_NS0_6ResultEES3_
                0x0800b84c       0xbc ../libDaisy/build/libdaisy.a(spi.o)
                0x0800b84c                daisy::SpiHandle::Impl::StartDmaTx(unsigned char*, unsigned int, void (*)(void*), void (*)(void*, daisy::SpiHandle::Result), void*)
 .text._ZN5daisy9SpiHandle4Impl10StartDmaRxEPhjPFvPvEPFvS3_NS0_6ResultEES3_
                0x0800b908       0xbc ../libDaisy/build/libdaisy.a(spi.o)
                0x0800b908                daisy::SpiHandle::Impl::StartDmaRx(unsigned char*, unsigned int, void (*)(void*), void (*)(void*, daisy::SpiHandle::Result), void*)
 .text._ZN5daisy9SpiHandle4Impl12StartDmaRxTxEPhS2_jPFvPvEPFvS3_NS0_6ResultEES3_
                0x0800b9c4       0xbc ../libDaisy/build/libdaisy.a(spi.o)
                0x0800b9c4                daisy::SpiHandle::Impl::StartDmaRxTx(unsigned char*, unsigned char*, unsigned int, void (*)(void*), void (*)(void*, daisy::SpiHandle::Result), void*)
 .text._ZN5daisy9SpiHandle4Impl8InitPinsEv
                0x0800ba80      0x20c ../libDaisy/build/libdaisy.a(spi.o)
                0x0800ba80                daisy::SpiHandle::Impl::InitPins()
 .text.HAL_SPI_MspInit
                0x0800bc8c      0x6e8 ../libDaisy/build/libdaisy.a(spi.o)
                0x0800bc8c                HAL_SPI_MspInit
 .text.dsy_spi_global_init
                0x0800c374       0x80 ../libDaisy/build/libdaisy.a(spi.o)
                0x0800c374                dsy_spi_global_init
 .text.SPI1_IRQHandler
                0x0800c3f4        0xc ../libDaisy/build/libdaisy.a(spi.o)
                0x0800c3f4                SPI1_IRQHandler
 .text.SPI2_IRQHandler
                0x0800c400        0xc ../libDaisy/build/libdaisy.a(spi.o)
                0x0800c400                SPI2_IRQHandler
 .text.SPI3_IRQHandler
                0x0800c40c        0xc ../libDaisy/build/libdaisy.a(spi.o)
                0x0800c40c                SPI3_IRQHandler
 .text.SPI4_IRQHandler
                0x0800c418        0xc ../libDaisy/build/libdaisy.a(spi.o)
                0x0800c418                SPI4_IRQHandler
 .text.SPI5_IRQHandler
                0x0800c424        0xc ../libDaisy/build/libdaisy.a(spi.o)
                0x0800c424                SPI5_IRQHandler
 .text.DMA2_Stream2_IRQHandler
                0x0800c430       0x34 ../libDaisy/build/libdaisy.a(spi.o)
                0x0800c430                DMA2_Stream2_IRQHandler
 .text.DMA2_Stream3_IRQHandler
                0x0800c464       0x34 ../libDaisy/build/libdaisy.a(spi.o)
                0x0800c464                DMA2_Stream3_IRQHandler
 .text.HAL_SPI_TxCpltCallback
                0x0800c498       0xc0 ../libDaisy/build/libdaisy.a(spi.o)
                0x0800c498                HAL_SPI_TxCpltCallback
 .text.HAL_SPI_RxCpltCallback
                0x0800c558       0xc0 ../libDaisy/build/libdaisy.a(spi.o)
                0x0800c558                HAL_SPI_RxCpltCallback
 .text.HAL_SPI_TxRxCpltCallback
                0x0800c618       0xc0 ../libDaisy/build/libdaisy.a(spi.o)
                0x0800c618                HAL_SPI_TxRxCpltCallback
 .text.HAL_SPI_ErrorCallback
                0x0800c6d8       0xc4 ../libDaisy/build/libdaisy.a(spi.o)
                0x0800c6d8                HAL_SPI_ErrorCallback
 .text.startup._GLOBAL__sub_I__Z19MapInstanceToHandleP11SPI_TypeDef
                0x0800c79c      0x1d8 ../libDaisy/build/libdaisy.a(spi.o)
 .text.HAL_TIM_Base_MspInit
                0x0800c974      0x19c ../libDaisy/build/libdaisy.a(tim.o)
                0x0800c974                HAL_TIM_Base_MspInit
 .text.HAL_TIM_PeriodElapsedCallback
                0x0800cb10       0x44 ../libDaisy/build/libdaisy.a(tim.o)
                0x0800cb10                HAL_TIM_PeriodElapsedCallback
 .text.TIM2_IRQHandler
                0x0800cb54        0xc ../libDaisy/build/libdaisy.a(tim.o)
                0x0800cb54                TIM2_IRQHandler
 .text.TIM3_IRQHandler
                0x0800cb60        0xc ../libDaisy/build/libdaisy.a(tim.o)
                0x0800cb60                TIM3_IRQHandler
 .text.TIM4_IRQHandler
                0x0800cb6c        0xc ../libDaisy/build/libdaisy.a(tim.o)
                0x0800cb6c                TIM4_IRQHandler
 .text.TIM5_IRQHandler
                0x0800cb78        0xc ../libDaisy/build/libdaisy.a(tim.o)
                0x0800cb78                TIM5_IRQHandler
 .text._ZN5daisy11TimerHandle4InitERKNS0_6ConfigE
                0x0800cb84       0xd0 ../libDaisy/build/libdaisy.a(tim.o)
                0x0800cb84                daisy::TimerHandle::Init(daisy::TimerHandle::Config const&)
 .text._ZN5daisy11TimerHandle5StartEv
                0x0800cc54       0x24 ../libDaisy/build/libdaisy.a(tim.o)
                0x0800cc54                daisy::TimerHandle::Start()
 .text.startup._GLOBAL__sub_I__ZN5daisy11TimerHandle4Impl4InitERKNS0_6ConfigE
                0x0800cc78       0x44 ../libDaisy/build/libdaisy.a(tim.o)
 .text._ZL20UART_CheckRxListenerPN5daisy11UartHandler4ImplE
                0x0800ccbc       0x84 ../libDaisy/build/libdaisy.a(uart.o)
 .text._ZN5daisy11UartHandler4Impl10StartDmaTxEPhjPFvPvEPFvS3_NS0_6ResultEES3_
                0x0800cd40      0x174 ../libDaisy/build/libdaisy.a(uart.o)
                0x0800cd40                daisy::UartHandler::Impl::StartDmaTx(unsigned char*, unsigned int, void (*)(void*), void (*)(void*, daisy::UartHandler::Result), void*)
 .text._ZN5daisy11UartHandler4Impl10StartDmaRxEPhjPFvPvEPFvS3_NS0_6ResultEES3_
                0x0800ceb4      0x174 ../libDaisy/build/libdaisy.a(uart.o)
                0x0800ceb4                daisy::UartHandler::Impl::StartDmaRx(unsigned char*, unsigned int, void (*)(void*), void (*)(void*, daisy::UartHandler::Result), void*)
 .text._ZN5daisy11UartHandler4Impl19DmaTransferFinishedEP20__UART_HandleTypeDefNS0_6ResultE
                0x0800d028       0xc0 ../libDaisy/build/libdaisy.a(uart.o)
                0x0800d028                daisy::UartHandler::Impl::DmaTransferFinished(__UART_HandleTypeDef*, daisy::UartHandler::Result)
 .text._ZN5daisy11UartHandler4Impl8InitPinsEv
                0x0800d0e8      0x14c ../libDaisy/build/libdaisy.a(uart.o)
                0x0800d0e8                daisy::UartHandler::Impl::InitPins()
 .text.HAL_UART_MspInit
                0x0800d234      0x4b4 ../libDaisy/build/libdaisy.a(uart.o)
                0x0800d234                HAL_UART_MspInit
 .text.dsy_uart_global_init
                0x0800d6e8       0xfc ../libDaisy/build/libdaisy.a(uart.o)
                0x0800d6e8                dsy_uart_global_init
 .text.USART1_IRQHandler
                0x0800d7e4       0x30 ../libDaisy/build/libdaisy.a(uart.o)
                0x0800d7e4                USART1_IRQHandler
 .text.USART2_IRQHandler
                0x0800d814       0x38 ../libDaisy/build/libdaisy.a(uart.o)
                0x0800d814                USART2_IRQHandler
 .text.USART3_IRQHandler
                0x0800d84c       0x38 ../libDaisy/build/libdaisy.a(uart.o)
                0x0800d84c                USART3_IRQHandler
 .text.UART4_IRQHandler
                0x0800d884       0x38 ../libDaisy/build/libdaisy.a(uart.o)
                0x0800d884                UART4_IRQHandler
 .text.UART5_IRQHandler
                0x0800d8bc       0x38 ../libDaisy/build/libdaisy.a(uart.o)
                0x0800d8bc                UART5_IRQHandler
 .text.USART6_IRQHandler
                0x0800d8f4       0x38 ../libDaisy/build/libdaisy.a(uart.o)
                0x0800d8f4                USART6_IRQHandler
 .text.UART7_IRQHandler
                0x0800d92c       0x38 ../libDaisy/build/libdaisy.a(uart.o)
                0x0800d92c                UART7_IRQHandler
 .text.UART8_IRQHandler
                0x0800d964       0x38 ../libDaisy/build/libdaisy.a(uart.o)
                0x0800d964                UART8_IRQHandler
 .text.LPUART1_IRQHandler
                0x0800d99c       0x38 ../libDaisy/build/libdaisy.a(uart.o)
                0x0800d99c                LPUART1_IRQHandler
 .text.DMA1_Stream5_IRQHandler
                0x0800d9d4       0x34 ../libDaisy/build/libdaisy.a(uart.o)
                0x0800d9d4                DMA1_Stream5_IRQHandler
 .text.DMA2_Stream4_IRQHandler
                0x0800da08       0x34 ../libDaisy/build/libdaisy.a(uart.o)
                0x0800da08                DMA2_Stream4_IRQHandler
 .text.HAL_UART_TxCpltCallback
                0x0800da3c        0x8 ../libDaisy/build/libdaisy.a(uart.o)
                0x0800da3c                HAL_UART_TxCpltCallback
 .text.HAL_UART_RxCpltCallback
                0x0800da44       0x94 ../libDaisy/build/libdaisy.a(uart.o)
                0x0800da44                HAL_UART_RxCpltCallback
 .text.HAL_UART_RxHalfCpltCallback
                0x0800dad8       0x90 ../libDaisy/build/libdaisy.a(uart.o)
                0x0800dad8                HAL_UART_RxHalfCpltCallback
 .text.HAL_UART_ErrorCallback
                0x0800db68       0x94 ../libDaisy/build/libdaisy.a(uart.o)
                0x0800db68                HAL_UART_ErrorCallback
 .text.startup._GLOBAL__sub_I__Z19MapInstanceToHandleP13USART_TypeDef
                0x0800dbfc      0x1b0 ../libDaisy/build/libdaisy.a(uart.o)
 .text.dsy_dma_init
                0x0800ddac      0x100 ../libDaisy/build/libdaisy.a(dma.o)
                0x0800ddac                dsy_dma_init
 .text.dsy_dma_invalidate_cache_for_buffer
                0x0800deac       0x2c ../libDaisy/build/libdaisy.a(dma.o)
                0x0800deac                dsy_dma_invalidate_cache_for_buffer
 .text.HAL_MDMA_Abort_IT
                0x0800ded8       0x28 ../libDaisy/build/libdaisy.a(stm32h7xx_hal_mdma.o)
                0x0800ded8                HAL_MDMA_Abort_IT
 .text.SPI_CloseTransfer
                0x0800df00       0xb8 ../libDaisy/build/libdaisy.a(stm32h7xx_hal_spi.o)
 .text.HAL_SPI_Init
                0x0800dfb8      0x1ac ../libDaisy/build/libdaisy.a(stm32h7xx_hal_spi.o)
                0x0800dfb8                HAL_SPI_Init
 .text.HAL_SPI_Transmit_DMA
                0x0800e164      0x170 ../libDaisy/build/libdaisy.a(stm32h7xx_hal_spi.o)
                0x0800e164                HAL_SPI_Transmit_DMA
 .text.HAL_SPI_Receive_DMA
                0x0800e2d4      0x180 ../libDaisy/build/libdaisy.a(stm32h7xx_hal_spi.o)
                0x0800e2d4                HAL_SPI_Receive_DMA
 .text.HAL_SPI_TransmitReceive_DMA
                0x0800e454      0x1f8 ../libDaisy/build/libdaisy.a(stm32h7xx_hal_spi.o)
                0x0800e454                HAL_SPI_TransmitReceive_DMA
 .text.SPI_DMATransmitCplt
                0x0800e64c       0x28 ../libDaisy/build/libdaisy.a(stm32h7xx_hal_spi.o)
 .text.SPI_DMAReceiveCplt
                0x0800e674       0x28 ../libDaisy/build/libdaisy.a(stm32h7xx_hal_spi.o)
 .text.SPI_DMATransmitReceiveCplt
                0x0800e69c       0x28 ../libDaisy/build/libdaisy.a(stm32h7xx_hal_spi.o)
 .text.HAL_SPI_TxHalfCpltCallback
                0x0800e6c4        0x4 ../libDaisy/build/libdaisy.a(stm32h7xx_hal_spi.o)
                0x0800e6c4                HAL_SPI_TxHalfCpltCallback
 .text.SPI_DMAHalfTransmitCplt
                0x0800e6c8        0xc ../libDaisy/build/libdaisy.a(stm32h7xx_hal_spi.o)
 .text.HAL_SPI_RxHalfCpltCallback
                0x0800e6d4        0x4 ../libDaisy/build/libdaisy.a(stm32h7xx_hal_spi.o)
                0x0800e6d4                HAL_SPI_RxHalfCpltCallback
 .text.SPI_DMAHalfReceiveCplt
                0x0800e6d8        0xc ../libDaisy/build/libdaisy.a(stm32h7xx_hal_spi.o)
 .text.HAL_SPI_TxRxHalfCpltCallback
                0x0800e6e4        0x4 ../libDaisy/build/libdaisy.a(stm32h7xx_hal_spi.o)
                0x0800e6e4                HAL_SPI_TxRxHalfCpltCallback
 .text.SPI_DMAHalfTransmitReceiveCplt
                0x0800e6e8        0xc ../libDaisy/build/libdaisy.a(stm32h7xx_hal_spi.o)
 .text.SPI_DMAError
                0x0800e6f4       0xd8 ../libDaisy/build/libdaisy.a(stm32h7xx_hal_spi.o)
 .text.SPI_DMAAbortOnError
                0x0800e7cc       0x1c ../libDaisy/build/libdaisy.a(stm32h7xx_hal_spi.o)
 .text.HAL_SPI_SuspendCallback
                0x0800e7e8        0x4 ../libDaisy/build/libdaisy.a(stm32h7xx_hal_spi.o)
                0x0800e7e8                HAL_SPI_SuspendCallback
 .text.HAL_SPI_IRQHandler
                0x0800e7ec      0x208 ../libDaisy/build/libdaisy.a(stm32h7xx_hal_spi.o)
                0x0800e7ec                HAL_SPI_IRQHandler
 .text.HAL_SPI_GetState
                0x0800e9f4        0x8 ../libDaisy/build/libdaisy.a(stm32h7xx_hal_spi.o)
                0x0800e9f4                HAL_SPI_GetState
 .text.HAL_TIM_Base_Init
                0x0800e9fc      0x144 ../libDaisy/build/libdaisy.a(stm32h7xx_hal_tim.o)
                0x0800e9fc                HAL_TIM_Base_Init
 .text.HAL_TIM_Base_Start
                0x0800eb40       0x9c ../libDaisy/build/libdaisy.a(stm32h7xx_hal_tim.o)
                0x0800eb40                HAL_TIM_Base_Start
 .text.HAL_TIM_Base_Start_IT
                0x0800ebdc       0xa4 ../libDaisy/build/libdaisy.a(stm32h7xx_hal_tim.o)
                0x0800ebdc                HAL_TIM_Base_Start_IT
 .text.HAL_TIM_ConfigClockSource
                0x0800ec80      0x190 ../libDaisy/build/libdaisy.a(stm32h7xx_hal_tim.o)
                0x0800ec80                HAL_TIM_ConfigClockSource
 .text.HAL_TIM_OC_DelayElapsedCallback
                0x0800ee10        0x4 ../libDaisy/build/libdaisy.a(stm32h7xx_hal_tim.o)
                0x0800ee10                HAL_TIM_OC_DelayElapsedCallback
 .text.HAL_TIM_IC_CaptureCallback
                0x0800ee14        0x4 ../libDaisy/build/libdaisy.a(stm32h7xx_hal_tim.o)
                0x0800ee14                HAL_TIM_IC_CaptureCallback
 .text.HAL_TIM_PWM_PulseFinishedCallback
                0x0800ee18        0x4 ../libDaisy/build/libdaisy.a(stm32h7xx_hal_tim.o)
                0x0800ee18                HAL_TIM_PWM_PulseFinishedCallback
 .text.HAL_TIM_TriggerCallback
                0x0800ee1c        0x4 ../libDaisy/build/libdaisy.a(stm32h7xx_hal_tim.o)
                0x0800ee1c                HAL_TIM_TriggerCallback
 .text.HAL_TIM_IRQHandler
                0x0800ee20      0x154 ../libDaisy/build/libdaisy.a(stm32h7xx_hal_tim.o)
                0x0800ee20                HAL_TIM_IRQHandler
 .text.HAL_TIMEx_MasterConfigSynchronization
                0x0800ef74       0xb4 ../libDaisy/build/libdaisy.a(stm32h7xx_hal_tim_ex.o)
                0x0800ef74                HAL_TIMEx_MasterConfigSynchronization
 .text.HAL_TIMEx_CommutCallback
                0x0800f028        0x4 ../libDaisy/build/libdaisy.a(stm32h7xx_hal_tim_ex.o)
                0x0800f028                HAL_TIMEx_CommutCallback
 .text.HAL_TIMEx_BreakCallback
                0x0800f02c        0x4 ../libDaisy/build/libdaisy.a(stm32h7xx_hal_tim_ex.o)
                0x0800f02c                HAL_TIMEx_BreakCallback
 .text.HAL_TIMEx_Break2Callback
                0x0800f030        0x4 ../libDaisy/build/libdaisy.a(stm32h7xx_hal_tim_ex.o)
                0x0800f030                HAL_TIMEx_Break2Callback
 .text.HAL_UART_Transmit_DMA
                0x0800f034       0x8c ../libDaisy/build/libdaisy.a(stm32h7xx_hal_uart.o)
                0x0800f034                HAL_UART_Transmit_DMA
 .text.UART_DMATransmitCplt
                0x0800f0c0       0x44 ../libDaisy/build/libdaisy.a(stm32h7xx_hal_uart.o)
 .text.HAL_UART_TxHalfCpltCallback
                0x0800f104        0x4 ../libDaisy/build/libdaisy.a(stm32h7xx_hal_uart.o)
                0x0800f104                HAL_UART_TxHalfCpltCallback
 .text.UART_DMATxHalfCplt
                0x0800f108        0xc ../libDaisy/build/libdaisy.a(stm32h7xx_hal_uart.o)
 .text.UART_DMAError
                0x0800f114       0xd4 ../libDaisy/build/libdaisy.a(stm32h7xx_hal_uart.o)
 .text.UART_DMAAbortOnError
                0x0800f1e8       0x14 ../libDaisy/build/libdaisy.a(stm32h7xx_hal_uart.o)
 .text.HAL_UARTEx_RxEventCallback
                0x0800f1fc        0x4 ../libDaisy/build/libdaisy.a(stm32h7xx_hal_uart.o)
                0x0800f1fc                HAL_UARTEx_RxEventCallback
 .text.HAL_UART_IRQHandler
                0x0800f200      0x39c ../libDaisy/build/libdaisy.a(stm32h7xx_hal_uart.o)
                0x0800f200                HAL_UART_IRQHandler
 .text.UART_DMARxHalfCplt
                0x0800f59c       0x20 ../libDaisy/build/libdaisy.a(stm32h7xx_hal_uart.o)
 .text.UART_DMAReceiveCplt
                0x0800f5bc       0x9c ../libDaisy/build/libdaisy.a(stm32h7xx_hal_uart.o)
 .text.HAL_UART_GetState
                0x0800f658        0xc ../libDaisy/build/libdaisy.a(stm32h7xx_hal_uart.o)
                0x0800f658                HAL_UART_GetState
 .text.UART_SetConfig
                0x0800f664      0x37c ../libDaisy/build/libdaisy.a(stm32h7xx_hal_uart.o)
                0x0800f664                UART_SetConfig
 .text.UART_AdvFeatureConfig
                0x0800f9e0       0xb0 ../libDaisy/build/libdaisy.a(stm32h7xx_hal_uart.o)
                0x0800f9e0                UART_AdvFeatureConfig
 .text.UART_CheckIdleState
                0x0800fa90      0x258 ../libDaisy/build/libdaisy.a(stm32h7xx_hal_uart.o)
                0x0800fa90                UART_CheckIdleState
 .text.HAL_UART_Init
                0x0800fce8       0x68 ../libDaisy/build/libdaisy.a(stm32h7xx_hal_uart.o)
                0x0800fce8                HAL_UART_Init
 .text.UART_Start_Receive_DMA
                0x0800fd50       0xa0 ../libDaisy/build/libdaisy.a(stm32h7xx_hal_uart.o)
                0x0800fd50                UART_Start_Receive_DMA
 .text.HAL_UART_Receive_DMA
                0x0800fdf0       0x48 ../libDaisy/build/libdaisy.a(stm32h7xx_hal_uart.o)
                0x0800fdf0                HAL_UART_Receive_DMA
 .text.HAL_UARTEx_WakeupCallback
                0x0800fe38        0x4 ../libDaisy/build/libdaisy.a(stm32h7xx_hal_uart_ex.o)
                0x0800fe38                HAL_UARTEx_WakeupCallback
 .text.HAL_UARTEx_RxFifoFullCallback
                0x0800fe3c        0x4 ../libDaisy/build/libdaisy.a(stm32h7xx_hal_uart_ex.o)
                0x0800fe3c                HAL_UARTEx_RxFifoFullCallback
 .text.HAL_UARTEx_TxFifoEmptyCallback
                0x0800fe40        0x4 ../libDaisy/build/libdaisy.a(stm32h7xx_hal_uart_ex.o)
                0x0800fe40                HAL_UARTEx_TxFifoEmptyCallback
 .text.__aeabi_atexit
                0x0800fe44        0xa /usr/lib/gcc/arm-none-eabi/13.2.1/../../../arm-none-eabi/lib/thumb/v7e-m+dp/hard/libstdc++_nano.a(atexit_arm.o)
                0x0800fe44                __aeabi_atexit
 *(.rodata)
 *fill*         0x0800fe4e        0x2 
 .rodata        0x0800fe50       0x10 ../libDaisy/build/libdaisy.a(daisy_seed.o)
 .rodata        0x0800fe60       0x10 ../libDaisy/build/libdaisy.a(i2c.o)
 .rodata        0x0800fe70       0x10 ../libDaisy/build/libdaisy.a(tim.o)
 .rodata        0x0800fe80       0x12 ../libDaisy/build/libdaisy.a(uart.o)
 *fill*         0x0800fe92        0x2 
 .rodata        0x0800fe94        0x4 /usr/lib/gcc/arm-none-eabi/13.2.1/../../../arm-none-eabi/lib/thumb/v7e-m+dp/hard/libc_nano.a(libc_a-on_exit_args.o)
                0x0800fe94                __on_exit_args
 *(.rodata*)
 .rodata.HAL_QSPI_MspInit.str1.4
                0x0800fe98        0x7 ../libDaisy/build/libdaisy.a(qspi.o)
 *fill*         0x0800fe9f        0x1 
 .rodata.CSWTCH.53
                0x0800fea0       0x14 ../libDaisy/build/libdaisy.a(sai.o)
 .rodata.D1CorePrescTable
                0x0800feb4       0x10 ../libDaisy/build/libdaisy.a(system_stm32h7xx.o)
                0x0800feb4                D1CorePrescTable
 .rodata.flagBitshiftOffset.0
                0x0800fec4        0x8 ../libDaisy/build/libdaisy.a(stm32h7xx_hal_dma.o)
 .rodata._ZL16pins_periphs_spi
                0x0800fecc       0x60 ../libDaisy/build/libdaisy.a(spi.o)
 .rodata._ZL13pins_none_spi
                0x0800ff2c        0x3 ../libDaisy/build/libdaisy.a(spi.o)
 *fill*         0x0800ff2f        0x1 
 .rodata.UARTPrescTable
                0x0800ff30       0x18 ../libDaisy/build/libdaisy.a(stm32h7xx_hal_uart.o)
                0x0800ff30                UARTPrescTable
 *(.glue_7)
 .glue_7        0x0800ff48        0x0 linker stubs
 *(.glue_7t)
 .glue_7t       0x0800ff48        0x0 linker stubs
 *(.init)
 .init          0x0800ff48        0x4 /usr/lib/gcc/arm-none-eabi/13.2.1/thumb/v7e-m+dp/hard/crti.o
                0x0800ff48                _init
 .init          0x0800ff4c        0x8 /usr/lib/gcc/arm-none-eabi/13.2.1/thumb/v7e-m+dp/hard/crtn.o
 *(.fini)
 .fini          0x0800ff54        0x4 /usr/lib/gcc/arm-none-eabi/13.2.1/thumb/v7e-m+dp/hard/crti.o
                0x0800ff54                _fini
 .fini          0x0800ff58        0x8 /usr/lib/gcc/arm-none-eabi/13.2.1/thumb/v7e-m+dp/hard/crtn.o
                0x0800ff60                        . = ALIGN (0x4)
                0x0800ff60                        _etext = .

.eh_frame       0x0800ff60        0x0
 .eh_frame      0x0800ff60        0x0 /usr/lib/gcc/arm-none-eabi/13.2.1/thumb/v7e-m+dp/hard/crtbegin.o

.vfp11_veneer   0x0800ff60        0x0
 .vfp11_veneer  0x0800ff60        0x0 linker stubs

.v4_bx          0x0800ff60        0x0
 .v4_bx         0x0800ff60        0x0 linker stubs

.iplt           0x0800ff60        0x0
 .iplt          0x0800ff60        0x0 /usr/lib/gcc/arm-none-eabi/13.2.1/thumb/v7e-m+dp/hard/crtbegin.o

.ARM.extab      0x0800ff60        0x0
                0x0800ff60                        . = ALIGN (0x4)
 *(.ARM.extab)
 *(.gnu.linkonce.armextab.*)
                0x0800ff60                        . = ALIGN (0x4)

.exidx          0x0800ff60        0x8
                0x0800ff60                        . = ALIGN (0x4)
                [!provide]                        PROVIDE (__exidx_start = .)
 *(.ARM.exidx*)
 .ARM.exidx     0x0800ff60        0x8 /usr/lib/gcc/arm-none-eabi/13.2.1/../../../arm-none-eabi/lib/thumb/v7e-m+dp/hard/libc_nano.a(libc_a-memcpy.o)
 .ARM.exidx     0x0800ff68        0x0 /usr/lib/gcc/arm-none-eabi/13.2.1/thumb/v7e-m+dp/hard/libgcc.a(_udivmoddi4.o)
                                  0x8 (size before relaxing)
                0x0800ff68                        . = ALIGN (0x4)
                [!provide]                        PROVIDE (__exidx_end = .)

.rel.dyn        0x0800ff68        0x0
 .rel.iplt      0x0800ff68        0x0 /usr/lib/gcc/arm-none-eabi/13.2.1/thumb/v7e-m+dp/hard/crtbegin.o

.ARM.attributes
                0x00000000       0x2e
 *(.ARM.attributes)
 .ARM.attributes
                0x00000000       0x20 /usr/lib/gcc/arm-none-eabi/13.2.1/thumb/v7e-m+dp/hard/crti.o
 .ARM.attributes
                0x00000020       0x32 /usr/lib/gcc/arm-none-eabi/13.2.1/thumb/v7e-m+dp/hard/crtbegin.o
 .ARM.attributes
                0x00000052       0x32 build/startup_stm32h750xx.o
 .ARM.attributes
                0x00000084       0x32 build/Blink.o
 .ARM.attributes
                0x000000b6       0x32 ../libDaisy/build/libdaisy.a(daisy_seed.o)
 .ARM.attributes
                0x000000e8       0x32 ../libDaisy/build/libdaisy.a(codec_ak4556.o)
 .ARM.attributes
                0x0000011a       0x32 ../libDaisy/build/libdaisy.a(codec_wm8731.o)
 .ARM.attributes
                0x0000014c       0x32 ../libDaisy/build/libdaisy.a(sdram.o)
 .ARM.attributes
                0x0000017e       0x32 ../libDaisy/build/libdaisy.a(audio.o)
 .ARM.attributes
                0x000001b0       0x32 ../libDaisy/build/libdaisy.a(gpio.o)
 .ARM.attributes
                0x000001e2       0x32 ../libDaisy/build/libdaisy.a(i2c.o)
 .ARM.attributes
                0x00000214       0x32 ../libDaisy/build/libdaisy.a(qspi.o)
 .ARM.attributes
                0x00000246       0x32 ../libDaisy/build/libdaisy.a(sai.o)
 .ARM.attributes
                0x00000278       0x32 ../libDaisy/build/libdaisy.a(system.o)
 .ARM.attributes
                0x000002aa       0x32 ../libDaisy/build/libdaisy.a(system_stm32h7xx.o)
 .ARM.attributes
                0x000002dc       0x32 ../libDaisy/build/libdaisy.a(usbd_conf.o)
 .ARM.attributes
                0x0000030e       0x32 ../libDaisy/build/libdaisy.a(usbh_conf.o)
 .ARM.attributes
                0x00000340       0x32 ../libDaisy/build/libdaisy.a(stm32h7xx_hal.o)
 .ARM.attributes
                0x00000372       0x32 ../libDaisy/build/libdaisy.a(stm32h7xx_hal_cortex.o)
 .ARM.attributes
                0x000003a4       0x32 ../libDaisy/build/libdaisy.a(stm32h7xx_hal_dma.o)
 .ARM.attributes
                0x000003d6       0x32 ../libDaisy/build/libdaisy.a(stm32h7xx_hal_gpio.o)
 .ARM.attributes
                0x00000408       0x32 ../libDaisy/build/libdaisy.a(stm32h7xx_hal_hcd.o)
 .ARM.attributes
                0x0000043a       0x32 ../libDaisy/build/libdaisy.a(stm32h7xx_hal_i2c.o)
 .ARM.attributes
                0x0000046c       0x32 ../libDaisy/build/libdaisy.a(stm32h7xx_hal_i2c_ex.o)
 .ARM.attributes
                0x0000049e       0x32 ../libDaisy/build/libdaisy.a(stm32h7xx_hal_pcd.o)
 .ARM.attributes
                0x000004d0       0x32 ../libDaisy/build/libdaisy.a(stm32h7xx_hal_pcd_ex.o)
 .ARM.attributes
                0x00000502       0x32 ../libDaisy/build/libdaisy.a(stm32h7xx_hal_pwr_ex.o)
 .ARM.attributes
                0x00000534       0x32 ../libDaisy/build/libdaisy.a(stm32h7xx_hal_qspi.o)
 .ARM.attributes
                0x00000566       0x32 ../libDaisy/build/libdaisy.a(stm32h7xx_hal_rcc.o)
 .ARM.attributes
                0x00000598       0x32 ../libDaisy/build/libdaisy.a(stm32h7xx_hal_rcc_ex.o)
 .ARM.attributes
                0x000005ca       0x32 ../libDaisy/build/libdaisy.a(stm32h7xx_hal_sai.o)
 .ARM.attributes
                0x000005fc       0x32 ../libDaisy/build/libdaisy.a(stm32h7xx_hal_sdram.o)
 .ARM.attributes
                0x0000062e       0x32 ../libDaisy/build/libdaisy.a(stm32h7xx_ll_fmc.o)
 .ARM.attributes
                0x00000660       0x32 ../libDaisy/build/libdaisy.a(stm32h7xx_ll_usb.o)
 .ARM.attributes
                0x00000692       0x32 ../libDaisy/build/libdaisy.a(usbd_core.o)
 .ARM.attributes
                0x000006c4       0x32 ../libDaisy/build/libdaisy.a(usbd_ctlreq.o)
 .ARM.attributes
                0x000006f6       0x32 ../libDaisy/build/libdaisy.a(usbd_ioreq.o)
 .ARM.attributes
                0x00000728       0x32 ../libDaisy/build/libdaisy.a(usbh_core.o)
 .ARM.attributes
                0x0000075a       0x32 ../libDaisy/build/libdaisy.a(usbh_pipes.o)
 .ARM.attributes
                0x0000078c       0x32 ../libDaisy/build/libdaisy.a(rng.o)
 .ARM.attributes
                0x000007be       0x32 ../libDaisy/build/libdaisy.a(spi.o)
 .ARM.attributes
                0x000007f0       0x32 ../libDaisy/build/libdaisy.a(tim.o)
 .ARM.attributes
                0x00000822       0x32 ../libDaisy/build/libdaisy.a(uart.o)
 .ARM.attributes
                0x00000854       0x32 ../libDaisy/build/libdaisy.a(dma.o)
 .ARM.attributes
                0x00000886       0x32 ../libDaisy/build/libdaisy.a(stm32h7xx_hal_mdma.o)
 .ARM.attributes
                0x000008b8       0x32 ../libDaisy/build/libdaisy.a(stm32h7xx_hal_spi.o)
 .ARM.attributes
                0x000008ea       0x32 ../libDaisy/build/libdaisy.a(stm32h7xx_hal_tim.o)
 .ARM.attributes
                0x0000091c       0x32 ../libDaisy/build/libdaisy.a(stm32h7xx_hal_tim_ex.o)
 .ARM.attributes
                0x0000094e       0x32 ../libDaisy/build/libdaisy.a(stm32h7xx_hal_uart.o)
 .ARM.attributes
                0x00000980       0x32 ../libDaisy/build/libdaisy.a(stm32h7xx_hal_uart_ex.o)
 .ARM.attributes
                0x000009b2       0x32 /usr/lib/gcc/arm-none-eabi/13.2.1/../../../arm-none-eabi/lib/thumb/v7e-m+dp/hard/libstdc++_nano.a(atexit_arm.o)
 .ARM.attributes
                0x000009e4       0x32 /usr/lib/gcc/arm-none-eabi/13.2.1/../../../arm-none-eabi/lib/thumb/v7e-m+dp/hard/libc_nano.a(libc_a-init.o)
 .ARM.attributes
                0x00000a16       0x32 /usr/lib/gcc/arm-none-eabi/13.2.1/../../../arm-none-eabi/lib/thumb/v7e-m+dp/hard/libc_nano.a(libc_a-memset.o)
 .ARM.attributes
                0x00000a48       0x32 /usr/lib/gcc/arm-none-eabi/13.2.1/../../../arm-none-eabi/lib/thumb/v7e-m+dp/hard/libc_nano.a(libc_a-cxa_atexit.o)
 .ARM.attributes
                0x00000a7a       0x1e /usr/lib/gcc/arm-none-eabi/13.2.1/../../../arm-none-eabi/lib/thumb/v7e-m+dp/hard/libc_nano.a(libc_a-memcpy.o)
 .ARM.attributes
                0x00000a98       0x32 /usr/lib/gcc/arm-none-eabi/13.2.1/../../../arm-none-eabi/lib/thumb/v7e-m+dp/hard/libc_nano.a(libc_a-on_exit_args.o)
 .ARM.attributes
                0x00000aca       0x32 /usr/lib/gcc/arm-none-eabi/13.2.1/../../../arm-none-eabi/lib/thumb/v7e-m+dp/hard/libc_nano.a(libc_a-__atexit.o)
 .ARM.attributes
                0x00000afc       0x32 /usr/lib/gcc/arm-none-eabi/13.2.1/../../../arm-none-eabi/lib/thumb/v7e-m+dp/hard/libc_nano.a(libc_a-__call_atexit.o)
 .ARM.attributes
                0x00000b2e       0x20 /usr/lib/gcc/arm-none-eabi/13.2.1/thumb/v7e-m+dp/hard/libgcc.a(_aeabi_uldivmod.o)
 .ARM.attributes
                0x00000b4e       0x32 /usr/lib/gcc/arm-none-eabi/13.2.1/thumb/v7e-m+dp/hard/libgcc.a(_udivmoddi4.o)
 .ARM.attributes
                0x00000b80       0x20 /usr/lib/gcc/arm-none-eabi/13.2.1/thumb/v7e-m+dp/hard/libgcc.a(_dvmd_tls.o)
 .ARM.attributes
                0x00000ba0       0x32 /usr/lib/gcc/arm-none-eabi/13.2.1/thumb/v7e-m+dp/hard/crtend.o
 .ARM.attributes
                0x00000bd2       0x20 /usr/lib/gcc/arm-none-eabi/13.2.1/thumb/v7e-m+dp/hard/crtn.o

.preinit_array  0x0800ff68        0x0
                0x0800ff68                        PROVIDE (__preinit_array_start = .)
 *(.preinit_array*)
                0x0800ff68                        PROVIDE (__preinit_array_end = .)

.init_array     0x0800ff68       0x28
                0x0800ff68                        PROVIDE (__init_array_start = .)
 *(SORT_BY_NAME(.init_array.*))
 *(.init_array*)
 .init_array    0x0800ff68        0x4 /usr/lib/gcc/arm-none-eabi/13.2.1/thumb/v7e-m+dp/hard/crtbegin.o
 .init_array    0x0800ff6c        0x4 build/Blink.o
 .init_array    0x0800ff70        0x4 ../libDaisy/build/libdaisy.a(audio.o)
 .init_array    0x0800ff74        0x4 ../libDaisy/build/libdaisy.a(i2c.o)
 .init_array    0x0800ff78        0x4 ../libDaisy/build/libdaisy.a(qspi.o)
 .init_array    0x0800ff7c        0x4 ../libDaisy/build/libdaisy.a(sai.o)
 .init_array    0x0800ff80        0x4 ../libDaisy/build/libdaisy.a(system.o)
 .init_array    0x0800ff84        0x4 ../libDaisy/build/libdaisy.a(spi.o)
 .init_array    0x0800ff88        0x4 ../libDaisy/build/libdaisy.a(tim.o)
 .init_array    0x0800ff8c        0x4 ../libDaisy/build/libdaisy.a(uart.o)
                0x0800ff90                        PROVIDE (__init_array_end = .)

.fini_array     0x0800ff90        0x4
                0x0800ff90                        PROVIDE (__fini_array_start = .)
 *(.fini_array*)
 .fini_array    0x0800ff90        0x4 /usr/lib/gcc/arm-none-eabi/13.2.1/thumb/v7e-m+dp/hard/crtbegin.o
 *(SORT_BY_NAME(.fini_array.*))
                0x0800ff94                        PROVIDE (__fini_array_end = .)

.data           0x24000000      0x37c load address 0x0800ff94
                0x24000000                        . = ALIGN (0x4)
                0x24000000                        _sdata = .
                [!provide]                        PROVIDE (__data_start__ = _sdata)
 *(.data)
 .data          0x24000000        0x4 /usr/lib/gcc/arm-none-eabi/13.2.1/thumb/v7e-m+dp/hard/crtbegin.o
                0x24000000                __dso_handle
 *(.data*)
 .data._ZN5daisy9I2CHandle4Impl21queued_dma_transfers_E
                0x24000004       0x48 ../libDaisy/build/libdaisy.a(i2c.o)
                0x24000004                daisy::I2CHandle::Impl::queued_dma_transfers_
 .data.SystemD2Clock
                0x2400004c        0x4 ../libDaisy/build/libdaisy.a(system_stm32h7xx.o)
                0x2400004c                SystemD2Clock
 .data.SystemCoreClock
                0x24000050        0x4 ../libDaisy/build/libdaisy.a(system_stm32h7xx.o)
                0x24000050                SystemCoreClock
 .data.uwTickFreq
                0x24000054        0x1 ../libDaisy/build/libdaisy.a(stm32h7xx_hal.o)
                0x24000054                uwTickFreq
 *fill*         0x24000055        0x3 
 .data.uwTickPrio
                0x24000058        0x4 ../libDaisy/build/libdaisy.a(stm32h7xx_hal.o)
                0x24000058                uwTickPrio
 .data._ZN5daisy9SpiHandle4Impl21queued_dma_transfers_E
                0x2400005c       0x70 ../libDaisy/build/libdaisy.a(spi.o)
                0x2400005c                daisy::SpiHandle::Impl::queued_dma_transfers_
 .data._ZL13spi6_pins_nss
                0x240000cc        0x9 ../libDaisy/build/libdaisy.a(spi.o)
 *fill*         0x240000d5        0x3 
 .data._ZL14spi6_pins_mosi
                0x240000d8        0x9 ../libDaisy/build/libdaisy.a(spi.o)
 *fill*         0x240000e1        0x3 
 .data._ZL14spi6_pins_miso
                0x240000e4        0x9 ../libDaisy/build/libdaisy.a(spi.o)
 *fill*         0x240000ed        0x3 
 .data._ZL14spi6_pins_sclk
                0x240000f0        0x9 ../libDaisy/build/libdaisy.a(spi.o)
 *fill*         0x240000f9        0x3 
 .data._ZL13spi3_pins_nss
                0x240000fc        0x9 ../libDaisy/build/libdaisy.a(spi.o)
 *fill*         0x24000105        0x3 
 .data._ZL14spi3_pins_mosi
                0x24000108        0x9 ../libDaisy/build/libdaisy.a(spi.o)
 *fill*         0x24000111        0x3 
 .data._ZL14spi3_pins_miso
                0x24000114        0x9 ../libDaisy/build/libdaisy.a(spi.o)
 *fill*         0x2400011d        0x3 
 .data._ZL14spi3_pins_sclk
                0x24000120        0x9 ../libDaisy/build/libdaisy.a(spi.o)
 *fill*         0x24000129        0x3 
 .data._ZL13spi2_pins_nss
                0x2400012c        0x9 ../libDaisy/build/libdaisy.a(spi.o)
 *fill*         0x24000135        0x3 
 .data._ZL14spi2_pins_mosi
                0x24000138        0x9 ../libDaisy/build/libdaisy.a(spi.o)
 *fill*         0x24000141        0x3 
 .data._ZL14spi2_pins_miso
                0x24000144        0x9 ../libDaisy/build/libdaisy.a(spi.o)
 *fill*         0x2400014d        0x3 
 .data._ZL14spi2_pins_sclk
                0x24000150        0x9 ../libDaisy/build/libdaisy.a(spi.o)
 *fill*         0x24000159        0x3 
 .data._ZL13spi1_pins_nss
                0x2400015c        0x9 ../libDaisy/build/libdaisy.a(spi.o)
 *fill*         0x24000165        0x3 
 .data._ZL14spi1_pins_mosi
                0x24000168        0x9 ../libDaisy/build/libdaisy.a(spi.o)
 *fill*         0x24000171        0x3 
 .data._ZL14spi1_pins_miso
                0x24000174        0x9 ../libDaisy/build/libdaisy.a(spi.o)
 *fill*         0x2400017d        0x3 
 .data._ZL14spi1_pins_sclk
                0x24000180        0x9 ../libDaisy/build/libdaisy.a(spi.o)
 *fill*         0x24000189        0x3 
 .data._ZN5daisy11UartHandler4Impl21queued_dma_transfers_E
                0x2400018c       0xfc ../libDaisy/build/libdaisy.a(uart.o)
                0x2400018c                daisy::UartHandler::Impl::queued_dma_transfers_
 .data.pins_periphs
                0x24000288       0x48 ../libDaisy/build/libdaisy.a(uart.o)
                0x24000288                pins_periphs
 .data.lpuart1_pins_rx
                0x240002d0        0x9 ../libDaisy/build/libdaisy.a(uart.o)
                0x240002d0                lpuart1_pins_rx
 *fill*         0x240002d9        0x3 
 .data.lpuart1_pins_tx
                0x240002dc        0x9 ../libDaisy/build/libdaisy.a(uart.o)
                0x240002dc                lpuart1_pins_tx
 *fill*         0x240002e5        0x3 
 .data.uart7_pins_tx
                0x240002e8        0x9 ../libDaisy/build/libdaisy.a(uart.o)
                0x240002e8                uart7_pins_tx
 *fill*         0x240002f1        0x3 
 .data.usart6_pins_rx
                0x240002f4        0x9 ../libDaisy/build/libdaisy.a(uart.o)
                0x240002f4                usart6_pins_rx
 *fill*         0x240002fd        0x3 
 .data.uart5_pins_rx
                0x24000300        0x9 ../libDaisy/build/libdaisy.a(uart.o)
                0x24000300                uart5_pins_rx
 *fill*         0x24000309        0x3 
 .data.uart5_pins_tx
                0x2400030c        0x9 ../libDaisy/build/libdaisy.a(uart.o)
                0x2400030c                uart5_pins_tx
 *fill*         0x24000315        0x3 
 .data.uart4_pins_rx
                0x24000318        0x9 ../libDaisy/build/libdaisy.a(uart.o)
                0x24000318                uart4_pins_rx
 *fill*         0x24000321        0x3 
 .data.uart4_pins_tx
                0x24000324        0x9 ../libDaisy/build/libdaisy.a(uart.o)
                0x24000324                uart4_pins_tx
 *fill*         0x2400032d        0x3 
 .data.usart3_pins_rx
                0x24000330        0x9 ../libDaisy/build/libdaisy.a(uart.o)
                0x24000330                usart3_pins_rx
 *fill*         0x24000339        0x3 
 .data.usart3_pins_tx
                0x2400033c        0x9 ../libDaisy/build/libdaisy.a(uart.o)
                0x2400033c                usart3_pins_tx
 *fill*         0x24000345        0x3 
 .data.usart2_pins_rx
                0x24000348        0x9 ../libDaisy/build/libdaisy.a(uart.o)
                0x24000348                usart2_pins_rx
 *fill*         0x24000351        0x3 
 .data.usart2_pins_tx
                0x24000354        0x9 ../libDaisy/build/libdaisy.a(uart.o)
                0x24000354                usart2_pins_tx
 *fill*         0x2400035d        0x3 
 .data.usart1_pins_rx
                0x24000360        0x9 ../libDaisy/build/libdaisy.a(uart.o)
                0x24000360                usart1_pins_rx
 *fill*         0x24000369        0x3 
 .data.usart1_pins_tx
                0x2400036c        0x9 ../libDaisy/build/libdaisy.a(uart.o)
                0x2400036c                usart1_pins_tx
 *fill*         0x24000375        0x3 
 .data.pins_none
                0x24000378        0x3 ../libDaisy/build/libdaisy.a(uart.o)
                0x24000378                pins_none
                0x2400037c                        . = ALIGN (0x4)
 *fill*         0x2400037b        0x1 
                0x2400037c                        _edata = .
                [!provide]                        PROVIDE (__data_end__ = _edata)
                0x0800ff94                        _sidata = LOADADDR (.data)

.tm_clone_table
                0x2400037c        0x0 load address 0x08010310
 .tm_clone_table
                0x2400037c        0x0 /usr/lib/gcc/arm-none-eabi/13.2.1/thumb/v7e-m+dp/hard/crtbegin.o
 .tm_clone_table
                0x2400037c        0x0 /usr/lib/gcc/arm-none-eabi/13.2.1/thumb/v7e-m+dp/hard/crtend.o

.igot.plt       0x2400037c        0x0 load address 0x08010310
 .igot.plt      0x2400037c        0x0 /usr/lib/gcc/arm-none-eabi/13.2.1/thumb/v7e-m+dp/hard/crtbegin.o

.bss            0x24000380     0x2ef0 load address 0x08010310
                0x24000380                        . = ALIGN (0x4)
                0x24000380                        _sbss = .
                0x24000380                        PROVIDE (__bss_start__ = _sbss)
 *(.bss)
 .bss           0x24000380       0x1c /usr/lib/gcc/arm-none-eabi/13.2.1/thumb/v7e-m+dp/hard/crtbegin.o
 .bss           0x2400039c      0x108 /usr/lib/gcc/arm-none-eabi/13.2.1/../../../arm-none-eabi/lib/thumb/v7e-m+dp/hard/libc_nano.a(libc_a-on_exit_args.o)
 .bss           0x240004a4       0x8c /usr/lib/gcc/arm-none-eabi/13.2.1/../../../arm-none-eabi/lib/thumb/v7e-m+dp/hard/libc_nano.a(libc_a-__atexit.o)
                0x240004a4                __atexit0
 .bss           0x24000530        0x4 /usr/lib/gcc/arm-none-eabi/13.2.1/../../../arm-none-eabi/lib/thumb/v7e-m+dp/hard/libc_nano.a(libc_a-__call_atexit.o)
                0x24000530                __atexit
 *(.bss*)
 .bss.hardware  0x24000534       0x74 build/Blink.o
                0x24000534                hardware
 .bss._ZL15FMC_Initialized
                0x240005a8        0x4 ../libDaisy/build/libdaisy.a(sdram.o)
 *fill*         0x240005ac        0x4 
 .bss._ZL9dsy_sdram
                0x240005b0       0x38 ../libDaisy/build/libdaisy.a(sdram.o)
 .bss._ZN5daisyL12audio_handleE
                0x240005e8       0x38 ../libDaisy/build/libdaisy.a(audio.o)
 .bss._ZN5daisy9I2CHandle4Impl22dma_active_peripheral_E
                0x24000620        0x1 ../libDaisy/build/libdaisy.a(i2c.o)
                0x24000620                daisy::I2CHandle::Impl::dma_active_peripheral_
 *fill*         0x24000621        0x3 
 .bss._ZN5daisyL11i2c_handlesE
                0x24000624      0x380 ../libDaisy/build/libdaisy.a(i2c.o)
 *fill*         0x240009a4        0x4 
 .bss._ZN5daisyL9qspi_implE