Archive member included to satisfy reference by file (symbol)

libdaisy/build/libdaisy.a(stm32h7xx_hal.o)
                              build/libdaisy/src/sys/system.o (HAL_Init)
libdaisy/build/libdaisy.a(stm32h7xx_hal_adc.o)
                              build/libdaisy/src/per/adc.o (HAL_ADC_ConfigChannel)
libdaisy/build/libdaisy.a(stm32h7xx_hal_adc_ex.o)
                              build/libdaisy/src/per/adc.o (HAL_ADCEx_Calibration_Start)
libdaisy/build/libdaisy.a(stm32h7xx_hal_cortex.o)
                              libdaisy/build/libdaisy.a(stm32h7xx_hal.o) (HAL_NVIC_SetPriorityGrouping)
libdaisy/build/libdaisy.a(stm32h7xx_hal_dac.o)
                              build/libdaisy/src/per/dac.o (HAL_DAC_Init)
libdaisy/build/libdaisy.a(stm32h7xx_hal_dac_ex.o)
                              libdaisy/build/libdaisy.a(stm32h7xx_hal_dac.o) (DAC_DMAConvCpltCh2)
libdaisy/build/libdaisy.a(stm32h7xx_hal_dma.o)
                              build/libdaisy/src/per/adc.o (HAL_DMA_Init)
libdaisy/build/libdaisy.a(stm32h7xx_hal_gpio.o)
                              build/libdaisy/src/usbd/usbd_conf.o (HAL_GPIO_Init)
libdaisy/build/libdaisy.a(stm32h7xx_hal_hcd.o)
                              build/libdaisy/src/usbh/usbh_conf.o (HAL_HCD_HC_Init)
libdaisy/build/libdaisy.a(stm32h7xx_hal_i2c.o)
                              build/libdaisy/src/per/i2c.o (HAL_I2C_Init)
libdaisy/build/libdaisy.a(stm32h7xx_hal_i2c_ex.o)
                              build/libdaisy/src/per/i2c.o (HAL_I2CEx_ConfigAnalogFilter)
libdaisy/build/libdaisy.a(stm32h7xx_hal_pcd.o)
                              build/libdaisy/src/usbd/usbd_conf.o (HAL_PCD_Init)
libdaisy/build/libdaisy.a(stm32h7xx_hal_pcd_ex.o)
                              build/libdaisy/src/usbd/usbd_conf.o (HAL_PCDEx_SetTxFiFo)
libdaisy/build/libdaisy.a(stm32h7xx_hal_pwr_ex.o)
                              build/libdaisy/src/sys/system.o (HAL_PWREx_ConfigSupply)
libdaisy/build/libdaisy.a(stm32h7xx_hal_qspi.o)
                              build/libdaisy/src/per/qspi.o (HAL_QSPI_Init)
libdaisy/build/libdaisy.a(stm32h7xx_hal_rcc.o)
                              build/libdaisy/src/sys/system.o (HAL_RCC_OscConfig)
libdaisy/build/libdaisy.a(stm32h7xx_hal_rcc_ex.o)
                              build/libdaisy/src/usbh/usbh_conf.o (HAL_RCCEx_PeriphCLKConfig)
libdaisy/build/libdaisy.a(stm32h7xx_hal_sai.o)
                              build/libdaisy/src/per/sai.o (HAL_SAI_InitProtocol)
libdaisy/build/libdaisy.a(stm32h7xx_hal_sd.o)
                              build/libdaisy/src/util/bsp_sd_diskio.o (HAL_SD_ReadBlocks)
libdaisy/build/libdaisy.a(stm32h7xx_hal_sdram.o)
                              build/libdaisy/src/dev/sdram.o (HAL_SDRAM_Init)
libdaisy/build/libdaisy.a(stm32h7xx_hal_spi.o)
                              build/libdaisy/src/per/spi.o (HAL_SPI_Init)
libdaisy/build/libdaisy.a(stm32h7xx_hal_tim.o)
                              build/libdaisy/src/per/dac.o (HAL_TIM_Base_Init)
libdaisy/build/libdaisy.a(stm32h7xx_hal_tim_ex.o)
                              libdaisy/build/libdaisy.a(stm32h7xx_hal_tim.o) (TIMEx_DMACommutationCplt)
libdaisy/build/libdaisy.a(stm32h7xx_hal_uart.o)
                              build/libdaisy/src/per/uart.o (HAL_UART_Transmit)
libdaisy/build/libdaisy.a(stm32h7xx_hal_uart_ex.o)
                              libdaisy/build/libdaisy.a(stm32h7xx_hal_uart.o) (HAL_UARTEx_WakeupCallback)
libdaisy/build/libdaisy.a(stm32h7xx_ll_fmc.o)
                              libdaisy/build/libdaisy.a(stm32h7xx_hal_sdram.o) (FMC_SDRAM_Init)
libdaisy/build/libdaisy.a(stm32h7xx_ll_usb.o)
                              libdaisy/build/libdaisy.a(stm32h7xx_hal_hcd.o) (USB_CoreInit)
libdaisy/build/libdaisy.a(usbd_cdc.o)
                              build/libdaisy/src/hid/usb.o (USBD_CDC_RegisterInterface)
libdaisy/build/libdaisy.a(usbd_core.o)
                              build/libdaisy/src/hid/usb.o (USBD_Init)
libdaisy/build/libdaisy.a(usbd_ctlreq.o)
                              libdaisy/build/libdaisy.a(usbd_core.o) (USBD_StdDevReq)
libdaisy/build/libdaisy.a(usbd_ioreq.o)
                              libdaisy/build/libdaisy.a(usbd_cdc.o) (USBD_CtlSendData)
libdaisy/build/libdaisy.a(usbh_midi.o)
                              build/libdaisy/src/hid/usb_midi.o (USBH_MIDI_SetReceiveCallback)
libdaisy/build/libdaisy.a(usbh_msc.o)
                              build/libdaisy/src/util/usbh_diskio.o (USBH_MSC_UnitIsReady)
libdaisy/build/libdaisy.a(usbh_msc_bot.o)
                              libdaisy/build/libdaisy.a(usbh_msc.o) (USBH_MSC_BOT_REQ_GetMaxLUN)
libdaisy/build/libdaisy.a(usbh_msc_scsi.o)
                              libdaisy/build/libdaisy.a(usbh_msc.o) (USBH_MSC_SCSI_TestUnitReady)
libdaisy/build/libdaisy.a(usbh_core.o)
                              build/libdaisy/src/hid/usb_host.o (USBH_Init)
libdaisy/build/libdaisy.a(usbh_ctlreq.o)
                              libdaisy/build/libdaisy.a(usbh_core.o) (USBH_Get_DevDesc)
libdaisy/build/libdaisy.a(usbh_ioreq.o)
[...]
Memory Configuration

Name             Origin             Length             Attributes
FLASH            0x08000000         0x00020000         xr
DTCMRAM          0x20000000         0x00020000         xrw
SRAM             0x24000000         0x00080000         xrw
RAM_D2           0x30000000         0x00048000         xrw
RAM_D3           0x38000000         0x00010000         xrw
BACKUP_SRAM      0x38800000         0x00001000         xrw
ITCMRAM          0x00000000         0x00010000         xrw
SDRAM            0xc0000000         0x04000000         xrw
QSPIFLASH        0x90000000         0x00800000         xr
*default*        0x00000000         0xffffffff

Linker script and memory map

LOAD /usr/lib/gcc/arm-none-eabi/13.2.1/thumb/v7e-m+dp/hard/crti.o
LOAD /usr/lib/gcc/arm-none-eabi/13.2.1/thumb/v7e-m+dp/hard/crtbegin.o
LOAD /usr/lib/gcc/arm-none-eabi/13.2.1/../../../arm-none-eabi/lib/thumb/v7e-m+dp/hard/crt0.o
LOAD build/Middlewares/Third_Party/FreeRTOS/croutine.o
LOAD build/Middlewares/Third_Party/FreeRTOS/event_groups.o
LOAD build/Middlewares/Third_Party/FreeRTOS/list.o
LOAD build/Middlewares/Third_Party/FreeRTOS/queue.o
LOAD build/Middlewares/Third_Party/FreeRTOS/stream_buffer.o
LOAD build/Middlewares/Third_Party/FreeRTOS/tasks.o
LOAD build/Middlewares/Third_Party/FreeRTOS/timers.o
LOAD build/Middlewares/Third_Party/FreeRTOS/portable/MemMang/heap_4.o
LOAD build/Middlewares/Third_Party/FreeRTOS/portable/GCC/ARM_CM7/r0p1/port.o
LOAD build/libdaisy/src/sys/dma.o
LOAD build/libdaisy/src/sys/system_stm32h7xx.o
LOAD build/libdaisy/src/usbd/usbd_cdc_if.o
LOAD build/libdaisy/src/usbd/usbd_conf.o
LOAD build/libdaisy/src/usbd/usbd_desc.o
LOAD build/libdaisy/src/usbh/usbh_conf.o
LOAD build/libdaisy/src/util/bsp_sd_diskio.o
LOAD build/libdaisy/src/util/oled_fonts.o
LOAD build/libdaisy/src/util/sd_diskio.o
LOAD build/libdaisy/src/util/unique_id.o
LOAD build/libdaisy/src/util/usbh_diskio.o
LOAD build/libdaisy/core/startup_stm32h750xx.o
LOAD build/Core/DelayReverb.o
LOAD build/Core/main.o
LOAD build/DaisySP/Source/Control/adenv.o
LOAD build/DaisySP/Source/Control/adsr.o
LOAD build/DaisySP/Source/Control/phasor.o
LOAD build/DaisySP/Source/Drums/analogbassdrum.o
LOAD build/DaisySP/Source/Drums/analogsnaredrum.o
LOAD build/DaisySP/Source/Drums/hihat.o
LOAD build/DaisySP/Source/Drums/synthbassdrum.o
LOAD build/DaisySP/Source/Drums/synthsnaredrum.o
LOAD build/DaisySP/Source/Dynamics/crossfade.o
LOAD build/DaisySP/Source/Dynamics/limiter.o
LOAD build/DaisySP/Source/Effects/autowah.o
LOAD build/DaisySP/Source/Effects/chorus.o
LOAD build/DaisySP/Source/Effects/decimator.o
LOAD build/DaisySP/Source/Effects/flanger.o
LOAD build/DaisySP/Source/Effects/overdrive.o
LOAD build/DaisySP/Source/Effects/phaser.o
LOAD build/DaisySP/Source/Effects/sampleratereducer.o
LOAD build/DaisySP/Source/Effects/tremolo.o
LOAD build/DaisySP/Source/Effects/wavefolder.o
LOAD build/DaisySP/Source/Filters/ladder.o
LOAD build/DaisySP/Source/Filters/soap.o
LOAD build/DaisySP/Source/Filters/svf.o
LOAD build/DaisySP/Source/Noise/clockednoise.o
LOAD build/DaisySP/Source/Noise/grainlet.o
LOAD build/DaisySP/Source/Noise/particle.o
LOAD build/DaisySP/Source/PhysicalModeling/KarplusString.o
LOAD build/DaisySP/Source/PhysicalModeling/drip.o
LOAD build/DaisySP/Source/PhysicalModeling/modalvoice.o
LOAD build/DaisySP/Source/PhysicalModeling/resonator.o
LOAD build/DaisySP/Source/PhysicalModeling/stringvoice.o
LOAD build/DaisySP/Source/Sampling/granularplayer.o
LOAD build/DaisySP/Source/Synthesis/fm2.o
LOAD build/DaisySP/Source/Synthesis/formantosc.o
LOAD build/DaisySP/Source/Synthesis/oscillator.o
LOAD build/DaisySP/Source/Synthesis/oscillatorbank.o
LOAD build/DaisySP/Source/Synthesis/variablesawosc.o
LOAD build/DaisySP/Source/Synthesis/variableshapeosc.o
LOAD build/DaisySP/Source/Synthesis/vosim.o
LOAD build/DaisySP/Source/Synthesis/zoscillator.o
LOAD build/DaisySP/Source/Utility/dcblock.o
LOAD build/DaisySP/Source/Utility/metro.o
LOAD build/libdaisy/src/dev/codec_ak4556.o
LOAD build/libdaisy/src/dev/codec_pcm3060.o
LOAD build/libdaisy/src/dev/codec_wm8731.o
LOAD build/libdaisy/src/dev/lcd_hd44780.o
LOAD build/libdaisy/src/dev/sdram.o
LOAD build/libdaisy/src/dev/sr_595.o
LOAD build/libdaisy/src/hid/audio.o
LOAD build/libdaisy/src/hid/ctrl.o
LOAD build/libdaisy/src/hid/encoder.o
LOAD build/libdaisy/src/hid/gatein.o
LOAD build/libdaisy/src/hid/led.o
LOAD build/libdaisy/src/hid/logger.o
LOAD build/libdaisy/src/hid/midi.o
LOAD build/libdaisy/src/hid/midi_parser.o
LOAD build/libdaisy/src/hid/parameter.o
LOAD build/libdaisy/src/hid/rgb_led.o
LOAD build/libdaisy/src/hid/switch.o
LOAD build/libdaisy/src/hid/usb.o
LOAD build/libdaisy/src/hid/usb_host.o
LOAD build/libdaisy/src/hid/usb_midi.o
LOAD build/libdaisy/src/hid/wavplayer.o
LOAD build/libdaisy/src/per/adc.o
LOAD build/libdaisy/src/per/dac.o
LOAD build/libdaisy/src/per/gpio.o
LOAD build/libdaisy/src/per/i2c.o
LOAD build/libdaisy/src/per/qspi.o
LOAD build/libdaisy/src/per/rng.o
LOAD build/libdaisy/src/per/sai.o
LOAD build/libdaisy/src/per/sdmmc.o
LOAD build/libdaisy/src/per/spi.o
LOAD build/libdaisy/src/per/spiMultislave.o
LOAD build/libdaisy/src/per/tim.o
LOAD build/libdaisy/src/per/uart.o
LOAD build/libdaisy/src/sys/fatfs.o
LOAD build/libdaisy/src/sys/system.o
LOAD build/libdaisy/src/ui/AbstractMenu.o
LOAD build/libdaisy/src/ui/FullScreenItemMenu.o
LOAD build/libdaisy/src/ui/UI.o
LOAD build/libdaisy/src/util/MappedValue.o
LOAD build/libdaisy/src/util/WaveTableLoader.o
LOAD build/libdaisy/src/util/color.o
LOAD libdaisy/build/libdaisy.a
LOAD DaisySP/build/libdaisysp.a
LOAD /usr/lib/gcc/arm-none-eabi/13.2.1/../../../arm-none-eabi/lib/thumb/v7e-m+dp/hard/libm.a
LOAD /usr/lib/gcc/arm-none-eabi/13.2.1/../../../arm-none-eabi/lib/thumb/v7e-m+dp/hard/libc.a
LOAD /usr/lib/gcc/arm-none-eabi/13.2.1/../../../arm-none-eabi/lib/thumb/v7e-m+dp/hard/libnosys.a
START GROUP
LOAD /usr/lib/gcc/arm-none-eabi/13.2.1/thumb/v7e-m+dp/hard/libgcc.a
LOAD /usr/lib/gcc/arm-none-eabi/13.2.1/../../../arm-none-eabi/lib/thumb/v7e-m+dp/hard/libc.a
END GROUP
LOAD /usr/lib/gcc/arm-none-eabi/13.2.1/thumb/v7e-m+dp/hard/crtend.o
LOAD /usr/lib/gcc/arm-none-eabi/13.2.1/thumb/v7e-m+dp/hard/crtn.o
                0x20020000                        _estack = 0x20020000

.isr_vector     0x08000000      0x298
                0x08000000                        . = ALIGN (0x4)
 *(.isr_vector)
 .isr_vector    0x08000000      0x298 build/libdaisy/core/startup_stm32h750xx.o
                0x08000000                g_pfnVectors
                0x08000298                        . = ALIGN (0x4)

.text           0x08000298    0x10d58
                0x08000298                        . = ALIGN (0x4)
                0x08000298                        _stext = .
 *(.text)
 .text          0x08000298       0x88 /usr/lib/gcc/arm-none-eabi/13.2.1/thumb/v7e-m+dp/hard/crtbegin.o
 .text          0x08000320       0xa4 /usr/lib/gcc/arm-none-eabi/13.2.1/../../../arm-none-eabi/lib/thumb/v7e-m+dp/hard/libc.a(libc_a-memset.o)
                0x08000320                memset
 .text          0x080003c4      0x134 /usr/lib/gcc/arm-none-eabi/13.2.1/../../../arm-none-eabi/lib/thumb/v7e-m+dp/hard/libc.a(libc_a-memcpy.o)
                0x080003c4                memcpy
 .text          0x080004f8       0x50 /usr/lib/gcc/arm-none-eabi/13.2.1/../../../arm-none-eabi/lib/thumb/v7e-m+dp/hard/libc.a(libc_a-init.o)
                0x080004f8                __libc_init_array
 .text          0x08000548        0xc /usr/lib/gcc/arm-none-eabi/13.2.1/../../../arm-none-eabi/lib/thumb/v7e-m+dp/hard/libc.a(libc_a-aeabi_atexit.o)
                0x08000548                __aeabi_atexit
 .text          0x08000554        0xc /usr/lib/gcc/arm-none-eabi/13.2.1/../../../arm-none-eabi/lib/thumb/v7e-m+dp/hard/libc.a(libc_a-atexit.o)
                0x08000554                atexit
 .text          0x08000560       0x28 /usr/lib/gcc/arm-none-eabi/13.2.1/../../../arm-none-eabi/lib/thumb/v7e-m+dp/hard/libc.a(libc_a-fini.o)
                0x08000560                __libc_fini_array
 .text          0x08000588        0xc /usr/lib/gcc/arm-none-eabi/13.2.1/../../../arm-none-eabi/lib/thumb/v7e-m+dp/hard/libc.a(libc_a-cxa_atexit.o)
                0x08000588                __cxa_atexit
 .text          0x08000594       0x64 /usr/lib/gcc/arm-none-eabi/13.2.1/../../../arm-none-eabi/lib/thumb/v7e-m+dp/hard/libc.a(libc_a-__atexit.o)
                0x08000594                __register_exitproc
 .text          0x080005f8       0x30 /usr/lib/gcc/arm-none-eabi/13.2.1/thumb/v7e-m+dp/hard/libgcc.a(_aeabi_uldivmod.o)
                0x080005f8                __aeabi_uldivmod
 .text          0x08000628      0x2bc /usr/lib/gcc/arm-none-eabi/13.2.1/thumb/v7e-m+dp/hard/libgcc.a(_udivmoddi4.o)
                0x08000628                __udivmoddi4
 .text          0x080008e4        0x4 /usr/lib/gcc/arm-none-eabi/13.2.1/thumb/v7e-m+dp/hard/libgcc.a(_dvmd_tls.o)
                0x080008e4                __aeabi_ldiv0
                0x080008e4                __aeabi_idiv0
 *(.text*)
 .text.vListInitialise
                0x080008e8       0x18 build/Middlewares/Third_Party/FreeRTOS/list.o
                0x080008e8                vListInitialise
 .text.vListInitialiseItem
                0x08000900        0x8 build/Middlewares/Third_Party/FreeRTOS/list.o
                0x08000900                vListInitialiseItem
 .text.vListInsert
                0x08000908       0x30 build/Middlewares/Third_Party/FreeRTOS/list.o
                0x08000908                vListInsert
 .text.uxListRemove
                0x08000938       0x28 build/Middlewares/Third_Party/FreeRTOS/list.o
                0x08000938                uxListRemove
 .text.prvUnlockQueue
                0x08000960       0x8c build/Middlewares/Third_Party/FreeRTOS/queue.o
 .text.xQueueGenericReset
                0x080009ec       0xa8 build/Middlewares/Third_Party/FreeRTOS/queue.o
                0x080009ec                xQueueGenericReset
 .text.xQueueGenericCreate
                0x08000a94       0x54 build/Middlewares/Third_Party/FreeRTOS/queue.o
                0x08000a94                xQueueGenericCreate
 .text.xQueueReceive
                0x08000ae8      0x180 build/Middlewares/Third_Party/FreeRTOS/queue.o
                0x08000ae8                xQueueReceive
 .text.vQueueWaitForMessageRestricted
                0x08000c68       0x50 build/Middlewares/Third_Party/FreeRTOS/queue.o
                0x08000c68                vQueueWaitForMessageRestricted
 .text.prvAddCurrentTaskToDelayedList
                0x08000cb8       0x98 build/Middlewares/Third_Party/FreeRTOS/tasks.o
 .text.prvCheckTasksWaitingTermination
                0x08000d50       0x4c build/Middlewares/Third_Party/FreeRTOS/tasks.o
 .text.prvIdleTask
                0x08000d9c       0x34 build/Middlewares/Third_Party/FreeRTOS/tasks.o
 .text.xTaskIncrementTick.part.0
                0x08000dd0      0x1b8 build/Middlewares/Third_Party/FreeRTOS/tasks.o
 .text.xTaskResumeAll.part.0
                0x08000f88      0x188 build/Middlewares/Third_Party/FreeRTOS/tasks.o
 .text.xTaskCreate
                0x08001110      0x1fc build/Middlewares/Third_Party/FreeRTOS/tasks.o
                0x08001110                xTaskCreate
 .text.vTaskDelay
                0x0800130c       0x70 build/Middlewares/Third_Party/FreeRTOS/tasks.o
                0x0800130c                vTaskDelay
 .text.vTaskStartScheduler
                0x0800137c       0x98 build/Middlewares/Third_Party/FreeRTOS/tasks.o
                0x0800137c                vTaskStartScheduler
 .text.vTaskSuspendAll
                0x08001414       0x10 build/Middlewares/Third_Party/FreeRTOS/tasks.o
                0x08001414                vTaskSuspendAll
 .text.xTaskResumeAll
                0x08001424       0x30 build/Middlewares/Third_Party/FreeRTOS/tasks.o
                0x08001424                xTaskResumeAll
 .text.xTaskGetTickCount
                0x08001454        0xc build/Middlewares/Third_Party/FreeRTOS/tasks.o
                0x08001454                xTaskGetTickCount
 .text.xTaskIncrementTick
                0x08001460       0x20 build/Middlewares/Third_Party/FreeRTOS/tasks.o
                0x08001460                xTaskIncrementTick
 .text.vTaskSwitchContext
                0x08001480       0xc8 build/Middlewares/Third_Party/FreeRTOS/tasks.o
                0x08001480                vTaskSwitchContext
 .text.vTaskPlaceOnEventList
                0x08001548       0x38 build/Middlewares/Third_Party/FreeRTOS/tasks.o
                0x08001548                vTaskPlaceOnEventList
 .text.vTaskPlaceOnEventListRestricted
                0x08001580       0x68 build/Middlewares/Third_Party/FreeRTOS/tasks.o
                0x08001580                vTaskPlaceOnEventListRestricted
 .text.xTaskRemoveFromEventList
                0x080015e8       0xe8 build/Middlewares/Third_Party/FreeRTOS/tasks.o
                0x080015e8                xTaskRemoveFromEventList
 .text.vTaskInternalSetTimeOutState
                0x080016d0       0x18 build/Middlewares/Third_Party/FreeRTOS/tasks.o
                0x080016d0                vTaskInternalSetTimeOutState
 .text.xTaskCheckForTimeOut
                0x080016e8       0x8c build/Middlewares/Third_Party/FreeRTOS/tasks.o
                0x080016e8                xTaskCheckForTimeOut
 .text.vTaskMissedYield
                0x08001774        0xc build/Middlewares/Third_Party/FreeRTOS/tasks.o
                0x08001774                vTaskMissedYield
 .text.xTaskGetSchedulerState
                0x08001780       0x20 build/Middlewares/Third_Party/FreeRTOS/tasks.o
                0x08001780                xTaskGetSchedulerState
 .text.prvCheckForValidListAndQueue
                0x080017a0       0x54 build/Middlewares/Third_Party/FreeRTOS/timers.o
 .text.prvProcessExpiredTimer
                0x080017f4       0x90 build/Middlewares/Third_Party/FreeRTOS/timers.o
 .text.prvTimerTask
                0x08001884      0x25c build/Middlewares/Third_Party/FreeRTOS/timers.o
 .text.xTimerCreateTimerTask
                0x08001ae0       0x50 build/Middlewares/Third_Party/FreeRTOS/timers.o
                0x08001ae0                xTimerCreateTimerTask
 .text.pvPortMalloc
                0x08001b30      0x1d8 build/Middlewares/Third_Party/FreeRTOS/portable/MemMang/heap_4.o
                0x08001b30                pvPortMalloc
 .text.vPortFree
                0x08001d08      0x124 build/Middlewares/Third_Party/FreeRTOS/portable/MemMang/heap_4.o
                0x08001d08                vPortFree
 .text.SVC_Handler
                0x08001e2c       0x20 build/Middlewares/Third_Party/FreeRTOS/portable/GCC/ARM_CM7/r0p1/port.o
                0x08001e2c                SVC_Handler
 .text.prvPortStartFirstTask
                0x08001e4c       0x28 build/Middlewares/Third_Party/FreeRTOS/portable/GCC/ARM_CM7/r0p1/port.o
 .text.PendSV_Handler
                0x08001e74       0x64 build/Middlewares/Third_Party/FreeRTOS/portable/GCC/ARM_CM7/r0p1/port.o
                0x08001e74                PendSV_Handler
 .text.vPortEnableVFP
                0x08001ed8       0x14 build/Middlewares/Third_Party/FreeRTOS/portable/GCC/ARM_CM7/r0p1/port.o
 .text.prvTaskExitError
                0x08001eec       0x48 build/Middlewares/Third_Party/FreeRTOS/portable/GCC/ARM_CM7/r0p1/port.o
 .text.pxPortInitialiseStack
                0x08001f34       0x30 build/Middlewares/Third_Party/FreeRTOS/portable/GCC/ARM_CM7/r0p1/port.o
                0x08001f34                pxPortInitialiseStack
 .text.vPortEnterCritical
                0x08001f64       0x4c build/Middlewares/Third_Party/FreeRTOS/portable/GCC/ARM_CM7/r0p1/port.o
                0x08001f64                vPortEnterCritical
 .text.vPortExitCritical
                0x08001fb0       0x2c build/Middlewares/Third_Party/FreeRTOS/portable/GCC/ARM_CM7/r0p1/port.o
                0x08001fb0                vPortExitCritical
 .text.SysTick_Handler
                0x08001fdc       0x30 build/Middlewares/Third_Party/FreeRTOS/portable/GCC/ARM_CM7/r0p1/port.o
                0x08001fdc                SysTick_Handler
 .text.vPortSetupTimerInterrupt
                0x0800200c       0x28 build/Middlewares/Third_Party/FreeRTOS/portable/GCC/ARM_CM7/r0p1/port.o
                0x0800200c                vPortSetupTimerInterrupt
 .text.xPortStartScheduler
                0x08002034      0x14c build/Middlewares/Third_Party/FreeRTOS/portable/GCC/ARM_CM7/r0p1/port.o
                0x08002034                xPortStartScheduler
 .text.dsy_dma_init
                0x08002180      0x100 build/libdaisy/src/sys/dma.o
                0x08002180                dsy_dma_init
 .text.dsy_dma_invalidate_cache_for_buffer
                0x08002280       0x2c build/libdaisy/src/sys/dma.o
                0x08002280                dsy_dma_invalidate_cache_for_buffer
 .text.SystemInit
                0x080022ac       0x80 build/libdaisy/src/sys/system_stm32h7xx.o
                0x080022ac                SystemInit
 .text.HAL_PCD_SetupStageCallback
                0x0800232c        0xc build/libdaisy/src/usbd/usbd_conf.o
                0x0800232c                HAL_PCD_SetupStageCallback
 .text.HAL_PCD_DataOutStageCallback
                0x08002338       0x14 build/libdaisy/src/usbd/usbd_conf.o
                0x08002338                HAL_PCD_DataOutStageCallback
 .text.HAL_PCD_DataInStageCallback
                0x0800234c       0x14 build/libdaisy/src/usbd/usbd_conf.o
                0x0800234c                HAL_PCD_DataInStageCallback
 .text.HAL_PCD_SOFCallback
                0x08002360        0x8 build/libdaisy/src/usbd/usbd_conf.o
                0x08002360                HAL_PCD_SOFCallback
 .text.HAL_PCD_ResetCallback
                0x08002368       0x24 build/libdaisy/src/usbd/usbd_conf.o
                0x08002368                HAL_PCD_ResetCallback
 .text.HAL_PCD_SuspendCallback
                0x0800238c       0x30 build/libdaisy/src/usbd/usbd_conf.o
                0x0800238c                HAL_PCD_SuspendCallback
 .text.HAL_PCD_ResumeCallback
                0x080023bc        0x8 build/libdaisy/src/usbd/usbd_conf.o
                0x080023bc                HAL_PCD_ResumeCallback
 .text.HAL_PCD_ISOOUTIncompleteCallback
                0x080023c4        0x8 build/libdaisy/src/usbd/usbd_conf.o
                0x080023c4                HAL_PCD_ISOOUTIncompleteCallback
 .text.HAL_PCD_ISOINIncompleteCallback
                0x080023cc        0x8 build/libdaisy/src/usbd/usbd_conf.o
                0x080023cc                HAL_PCD_ISOINIncompleteCallback
 .text.HAL_PCD_ConnectCallback
                0x080023d4        0x8 build/libdaisy/src/usbd/usbd_conf.o
                0x080023d4                HAL_PCD_ConnectCallback
 .text.HAL_PCD_DisconnectCallback
                0x080023dc        0x8 build/libdaisy/src/usbd/usbd_conf.o
                0x080023dc                HAL_PCD_DisconnectCallback
 .text.USBD_LL_OpenEP
                0x080023e4       0x1c build/libdaisy/src/usbd/usbd_conf.o
                0x080023e4                USBD_LL_OpenEP
 .text.USBD_LL_StallEP
                0x08002400       0x18 build/libdaisy/src/usbd/usbd_conf.o
                0x08002400                USBD_LL_StallEP
 .text.USBD_LL_ClearStallEP
                0x08002418       0x18 build/libdaisy/src/usbd/usbd_conf.o
                0x08002418                USBD_LL_ClearStallEP
 .text.USBD_LL_IsStallEP
                0x08002430       0x28 build/libdaisy/src/usbd/usbd_conf.o
                0x08002430                USBD_LL_IsStallEP
 .text.USBD_LL_SetUSBAddress
                0x08002458       0x18 build/libdaisy/src/usbd/usbd_conf.o
                0x08002458                USBD_LL_SetUSBAddress
 .text.USBD_LL_Transmit
                0x08002470       0x18 build/libdaisy/src/usbd/usbd_conf.o
                0x08002470                USBD_LL_Transmit
 .text.USBD_LL_PrepareReceive
                0x08002488       0x18 build/libdaisy/src/usbd/usbd_conf.o
                0x08002488                USBD_LL_PrepareReceive
 .text.HAL_HCD_SOF_Callback
                0x080024a0        0x8 build/libdaisy/src/usbh/usbh_conf.o
                0x080024a0                HAL_HCD_SOF_Callback
 .text.HAL_HCD_Connect_Callback
                0x080024a8        0x8 build/libdaisy/src/usbh/usbh_conf.o
                0x080024a8                HAL_HCD_Connect_Callback
 .text.HAL_HCD_Disconnect_Callback
                0x080024b0        0x8 build/libdaisy/src/usbh/usbh_conf.o
                0x080024b0                HAL_HCD_Disconnect_Callback
 .text.HAL_HCD_HC_NotifyURBChange_Callback
                0x080024b8        0x4 build/libdaisy/src/usbh/usbh_conf.o
                0x080024b8                HAL_HCD_HC_NotifyURBChange_Callback
 .text.HAL_HCD_PortEnabled_Callback
                0x080024bc        0x8 build/libdaisy/src/usbh/usbh_conf.o
                0x080024bc                HAL_HCD_PortEnabled_Callback
 .text.HAL_HCD_PortDisabled_Callback
                0x080024c4        0x8 build/libdaisy/src/usbh/usbh_conf.o
                0x080024c4                HAL_HCD_PortDisabled_Callback
 .text.USBH_LL_Stop
                0x080024cc       0x18 build/libdaisy/src/usbh/usbh_conf.o
                0x080024cc                USBH_LL_Stop
 .text.HAL_SD_TxCpltCallback
                0x080024e4        0x8 build/libdaisy/src/util/bsp_sd_diskio.o
                0x080024e4                HAL_SD_TxCpltCallback
 .text.HAL_SD_RxCpltCallback
                0x080024ec        0x8 build/libdaisy/src/util/bsp_sd_diskio.o
                0x080024ec                HAL_SD_RxCpltCallback
 .text.BSP_SD_WriteCpltCallback
                0x080024f4        0xc build/libdaisy/src/util/sd_diskio.o
                0x080024f4                BSP_SD_WriteCpltCallback
 .text.BSP_SD_ReadCpltCallback
                0x08002500        0xc build/libdaisy/src/util/sd_diskio.o
                0x08002500                BSP_SD_ReadCpltCallback
 .text.Default_Handler
                0x0800250c        0xc build/libdaisy/core/startup_stm32h750xx.o
                0x0800250c                RTC_Alarm_IRQHandler
                0x0800250c                HASH_RNG_IRQHandler
                0x0800250c                EXTI2_IRQHandler
                0x0800250c                TIM8_CC_IRQHandler
                0x0800250c                HRTIM1_Master_IRQHandler
                0x0800250c                DebugMon_Handler
                0x0800250c                TIM1_CC_IRQHandler
                0x0800250c                BDMA_Channel6_IRQHandler
                0x0800250c                DMA2_Stream5_IRQHandler
                0x0800250c                HRTIM1_FLT_IRQHandler
                0x0800250c                JPEG_IRQHandler
                0x0800250c                BDMA_Channel1_IRQHandler
                0x0800250c                HRTIM1_TIMD_IRQHandler
                0x0800250c                TAMP_STAMP_IRQHandler
                0x0800250c                NMI_Handler
                0x0800250c                EXTI3_IRQHandler
                0x0800250c                LPTIM4_IRQHandler
                0x0800250c                TIM8_TRG_COM_TIM14_IRQHandler
                0x0800250c                LPTIM2_IRQHandler
                0x0800250c                DFSDM1_FLT1_IRQHandler
                0x0800250c                DMAMUX2_OVR_IRQHandler
                0x0800250c                TIM8_UP_TIM13_IRQHandler
                0x0800250c                I2C3_ER_IRQHandler
                0x0800250c                DFSDM1_FLT2_IRQHandler
                0x0800250c                MDMA_IRQHandler
                0x0800250c                LPTIM3_IRQHandler
                0x0800250c                HSEM1_IRQHandler
                0x0800250c                EXTI0_IRQHandler
                0x0800250c                FPU_IRQHandler
                0x0800250c                OTG_HS_WKUP_IRQHandler
                0x0800250c                FDCAN1_IT1_IRQHandler
                0x0800250c                UsageFault_Handler
                0x0800250c                LTDC_ER_IRQHandler
                0x0800250c                HRTIM1_TIME_IRQHandler
                0x0800250c                DCMI_IRQHandler
                0x0800250c                HRTIM1_TIMC_IRQHandler
                0x0800250c                SAI2_IRQHandler
                0x0800250c                DFSDM1_FLT3_IRQHandler
                0x0800250c                TIM17_IRQHandler
                0x0800250c                CRYP_IRQHandler
                0x0800250c                BDMA_Channel7_IRQHandler
                0x0800250c                LPTIM5_IRQHandler
                0x0800250c                ADC3_IRQHandler
                0x0800250c                BDMA_Channel2_IRQHandler
                0x0800250c                DMAMUX1_OVR_IRQHandler
                0x0800250c                TIM16_IRQHandler
                0x0800250c                BDMA_Channel5_IRQHandler
                0x0800250c                RCC_IRQHandler
                0x0800250c                TIM8_BRK_TIM12_IRQHandler
                0x0800250c                TIM1_TRG_COM_IRQHandler
                0x0800250c                Default_Handler
                0x0800250c                ECC_IRQHandler
                0x0800250c                CEC_IRQHandler
                0x0800250c                EXTI15_10_IRQHandler
                0x0800250c                BDMA_Channel0_IRQHandler
                0x0800250c                ADC_IRQHandler
                0x0800250c                DMA1_Stream7_IRQHandler
                0x0800250c                HRTIM1_TIMA_IRQHandler
                0x0800250c                TIM7_IRQHandler
                0x0800250c                DMA2_Stream7_IRQHandler
                0x0800250c                TIM15_IRQHandler
                0x0800250c                PVD_AVD_IRQHandler
                0x0800250c                EXTI9_5_IRQHandler
                0x0800250c                RTC_WKUP_IRQHandler
                0x0800250c                LTDC_IRQHandler
                0x0800250c                SAI3_IRQHandler
                0x0800250c                ETH_WKUP_IRQHandler
                0x0800250c                SPDIF_RX_IRQHandler
                0x0800250c                MemManage_Handler
                0x0800250c                CRS_IRQHandler
                0x0800250c                EXTI4_IRQHandler
                0x0800250c                HRTIM1_TIMB_IRQHandler
                0x0800250c                FDCAN2_IT1_IRQHandler
                0x0800250c                ETH_IRQHandler
                0x0800250c                TIM1_UP_IRQHandler
                0x0800250c                BDMA_Channel4_IRQHandler
                0x0800250c                WWDG_IRQHandler
                0x0800250c                SPI6_IRQHandler
                0x0800250c                I2C4_EV_IRQHandler
                0x0800250c                MDIOS_IRQHandler
                0x0800250c                FDCAN2_IT0_IRQHandler
                0x0800250c                FDCAN1_IT0_IRQHandler
                0x0800250c                OTG_FS_WKUP_IRQHandler
                0x0800250c                DMA2D_IRQHandler
                0x0800250c                TIM1_BRK_IRQHandler
                0x0800250c                EXTI1_IRQHandler
                0x0800250c                SDMMC2_IRQHandler
                0x0800250c                BDMA_Channel3_IRQHandler
                0x0800250c                MDIOS_WKUP_IRQHandler
                0x0800250c                DFSDM1_FLT0_IRQHandler
                0x0800250c                SAI4_IRQHandler
                0x0800250c                I2C2_ER_IRQHandler
                0x0800250c                FLASH_IRQHandler
                0x0800250c                BusFault_Handler
                0x0800250c                WAKEUP_PIN_IRQHandler
                0x0800250c                I2C1_ER_IRQHandler
                0x0800250c                FMC_IRQHandler
                0x0800250c                FDCAN_CAL_IRQHandler
                0x0800250c                SWPMI1_IRQHandler
                0x0800250c                COMP1_IRQHandler
                0x0800250c                LPTIM1_IRQHandler
                0x0800250c                I2C4_ER_IRQHandler
                0x0800250c                DMA2_Stream6_IRQHandler
                0x0800250c                SAI1_IRQHandler
 .text.Reset_Handler
                0x08002518       0x44 build/libdaisy/core/startup_stm32h750xx.o
                0x08002518                Reset_Handler
 .text._ZN5daisy9DaisySeedD2Ev
                0x0800255c        0x4 build/Core/main.o
                0x0800255c                daisy::DaisySeed::~DaisySeed()
                0x0800255c                daisy::DaisySeed::~DaisySeed()
 .text._Z9BlinkTaskPv
                0x08002560       0x20 build/Core/main.o
                0x08002560                BlinkTask(void*)
 .text.startup.main
                0x08002580       0x74 build/Core/main.o
                0x08002580                main
 .text.startup._GLOBAL__sub_I_hw
                0x080025f4       0x50 build/Core/main.o
 .text._ZN5daisy6Ak45564InitENS_3PinE
                0x08002644       0x44 build/libdaisy/src/dev/codec_ak4556.o
                0x08002644                daisy::Ak4556::Init(daisy::Pin)
 .text._ZN5daisy6Wm873120WriteControlRegisterEht
                0x08002688       0x3c build/libdaisy/src/dev/codec_wm8731.o
                0x08002688                daisy::Wm8731::WriteControlRegister(unsigned char, unsigned short)
 .text._ZN5daisy6Wm87314InitERKNS0_6ConfigENS_9I2CHandleE
                0x080026c4      0x1b4 build/libdaisy/src/dev/codec_wm8731.o
                0x080026c4                daisy::Wm8731::Init(daisy::Wm8731::Config const&, daisy::I2CHandle)
 .text._ZN11SdramHandle10PeriphInitEv
                0x08002878       0x70 build/libdaisy/src/dev/sdram.o
                0x08002878                SdramHandle::PeriphInit()
 .text._ZN11SdramHandle10DeviceInitEv
                0x080028e8       0x8c build/libdaisy/src/dev/sdram.o
                0x080028e8                SdramHandle::DeviceInit()
 .text._ZN11SdramHandle4InitEv
                0x08002974       0x1c build/libdaisy/src/dev/sdram.o
                0x08002974                SdramHandle::Init()
 .text.HAL_SDRAM_MspInit
                0x08002990      0x19c build/libdaisy/src/dev/sdram.o
                0x08002990                HAL_SDRAM_MspInit
 .text._ZN5daisy11AudioHandle4InitERKNS0_6ConfigENS_9SaiHandleE
                0x08002b2c       0x70 build/libdaisy/src/hid/audio.o
                0x08002b2c                daisy::AudioHandle::Init(daisy::AudioHandle::Config const&, daisy::SaiHandle)
 .text._ZNK5daisy11AudioHandle9GetConfigEv
                0x08002b9c        0x8 build/libdaisy/src/hid/audio.o
                0x08002b9c                daisy::AudioHandle::GetConfig() const
 .text._ZN5daisy11AudioHandle13GetSampleRateEv
                0x08002ba4        0x8 build/libdaisy/src/hid/audio.o
                0x08002ba4                daisy::AudioHandle::GetSampleRate()
 .text.startup._GLOBAL__sub_I__ZN5daisy11AudioHandle4Impl4InitENS0_6ConfigENS_9SaiHandleE
                0x08002bac       0x20 build/libdaisy/src/hid/audio.o
 .text._ZN5daisy9UsbHandleD2Ev
                0x08002bcc        0x4 build/libdaisy/src/hid/logger.o
                0x08002bcc                daisy::UsbHandle::~UsbHandle()
                0x08002bcc                daisy::UsbHandle::~UsbHandle()
 .text.startup._GLOBAL__sub_I__ZN5daisy10LoggerImplILNS_17LoggerDestinationE1EE11usb_handle_E
                0x08002bd0       0x30 build/libdaisy/src/hid/logger.o
 .text.OTG_FS_EP1_OUT_IRQHandler
                0x08002c00        0xc build/libdaisy/src/hid/usb.o
                0x08002c00                OTG_FS_EP1_OUT_IRQHandler
 .text.OTG_FS_EP1_IN_IRQHandler
                0x08002c0c        0xc build/libdaisy/src/hid/usb.o
                0x08002c0c                OTG_FS_EP1_IN_IRQHandler
 .text.OTG_FS_IRQHandler
                0x08002c18        0xc build/libdaisy/src/hid/usb.o
                0x08002c18                OTG_FS_IRQHandler
 .text._ZN5daisy13USBHostHandle4ImplD2Ev
                0x08002c24        0x4 build/libdaisy/src/hid/usb_host.o
                0x08002c24                daisy::USBHostHandle::Impl::~Impl()
                0x08002c24                daisy::USBHostHandle::Impl::~Impl()
 .text.startup._GLOBAL__sub_I_hUsbHostHS
                0x08002c28       0x48 build/libdaisy/src/hid/usb_host.o
 .text._ZN5daisy16MidiUsbTransport4ImplD2Ev
                0x08002c70        0x4 build/libdaisy/src/hid/usb_midi.o
                0x08002c70                daisy::MidiUsbTransport::Impl::~Impl()
                0x08002c70                daisy::MidiUsbTransport::Impl::~Impl()
 .text.startup._GLOBAL__sub_I__Z15ReceiveCallbackPhPm
                0x08002c74       0x60 build/libdaisy/src/hid/usb_midi.o
 .text.DMA1_Stream2_IRQHandler
                0x08002cd4        0xc build/libdaisy/src/per/adc.o
                0x08002cd4                DMA1_Stream2_IRQHandler
 .text.startup._GLOBAL__sub_I__ZN5daisy16AdcChannelConfig10InitSingleENS_3PinENS0_15ConversionSpeedE
                0x08002ce0       0x38 build/libdaisy/src/per/adc.o
 .text.DMA2_Stream0_IRQHandler
                0x08002d18        0xc build/libdaisy/src/per/dac.o
                0x08002d18                DMA2_Stream0_IRQHandler
 .text.DMA2_Stream1_IRQHandler
                0x08002d24        0xc build/libdaisy/src/per/dac.o
                0x08002d24                DMA2_Stream1_IRQHandler
 .text.TIM6_DAC_IRQHandler
                0x08002d30       0x1c build/libdaisy/src/per/dac.o
                0x08002d30                TIM6_DAC_IRQHandler
 .text.startup._GLOBAL__sub_I__ZN5daisy9DacHandle4Impl4InitERKNS0_6ConfigE
                0x08002d4c       0x28 build/libdaisy/src/per/dac.o
 .text._ZN5daisy4GPIO4InitEv
                0x08002d74      0x214 build/libdaisy/src/per/gpio.o
                0x08002d74                daisy::GPIO::Init()
 .text._ZN5daisy4GPIO4InitERKNS0_6ConfigE
                0x08002f88       0x10 build/libdaisy/src/per/gpio.o
                0x08002f88                daisy::GPIO::Init(daisy::GPIO::Config const&)
 .text._ZN5daisy4GPIO4InitENS_3PinENS0_4ModeENS0_4PullENS0_5SpeedE
                0x08002f98       0x14 build/libdaisy/src/per/gpio.o
                0x08002f98                daisy::GPIO::Init(daisy::Pin, daisy::GPIO::Mode, daisy::GPIO::Pull, daisy::GPIO::Speed)
 .text._ZN5daisy4GPIO4ReadEv
                0x08002fac       0x18 build/libdaisy/src/per/gpio.o
                0x08002fac                daisy::GPIO::Read()
 .text._ZN5daisy4GPIO5WriteEb
                0x08002fc4       0x14 build/libdaisy/src/per/gpio.o
                0x08002fc4                daisy::GPIO::Write(bool)
 .text._ZN5daisy9I2CHandle4Impl10GlobalInitEv
                0x08002fd8       0x58 build/libdaisy/src/per/i2c.o
                0x08002fd8                daisy::I2CHandle::Impl::GlobalInit()
 .text._ZN5daisy9I2CHandle4Impl4InitERKNS0_6ConfigE
                0x08003030      0x100 build/libdaisy/src/per/i2c.o
                0x08003030                daisy::I2CHandle::Impl::Init(daisy::I2CHandle::Config const&)
 .text._ZN5daisy9I2CHandle4Impl16TransmitBlockingEtPhtm
                0x08003130       0x4c build/libdaisy/src/per/i2c.o
                0x08003130                daisy::I2CHandle::Impl::TransmitBlocking(unsigned short, unsigned char*, unsigned short, unsigned long)
 .text._ZN5daisy9I2CHandle4Impl8InitPinsEv
                0x0800317c       0x6c build/libdaisy/src/per/i2c.o
                0x0800317c                daisy::I2CHandle::Impl::InitPins()
 .text.HAL_I2C_MspInit
                0x080031e8      0x1b4 build/libdaisy/src/per/i2c.o
                0x080031e8                HAL_I2C_MspInit
 .text.dsy_i2c_global_init
                0x0800339c        0x4 build/libdaisy/src/per/i2c.o
                0x0800339c                dsy_i2c_global_init
 .text.DMA1_Stream6_IRQHandler
                0x080033a0       0x34 build/libdaisy/src/per/i2c.o
                0x080033a0                DMA1_Stream6_IRQHandler
 .text.I2C1_EV_IRQHandler
                0x080033d4        0xc build/libdaisy/src/per/i2c.o
                0x080033d4                I2C1_EV_IRQHandler
 .text.I2C2_EV_IRQHandler
                0x080033e0        0xc build/libdaisy/src/per/i2c.o
                0x080033e0                I2C2_EV_IRQHandler
 .text.I2C3_EV_IRQHandler
                0x080033ec        0xc build/libdaisy/src/per/i2c.o
                0x080033ec                I2C3_EV_IRQHandler
 .text._ZN5daisy9I2CHandle4InitERKNS0_6ConfigE
                0x080033f8       0x1c build/libdaisy/src/per/i2c.o
                0x080033f8                daisy::I2CHandle::Init(daisy::I2CHandle::Config const&)
 .text._ZN5daisy9I2CHandle16TransmitBlockingEtPhtm
                0x08003414        0x8 build/libdaisy/src/per/i2c.o
                0x08003414                daisy::I2CHandle::TransmitBlocking(unsigned short, unsigned char*, unsigned short, unsigned long)
 .text.startup._GLOBAL__sub_I__ZN5daisy9I2CHandle4Impl10GlobalInitEv
                0x0800341c       0x20 build/libdaisy/src/per/i2c.o
 .text._ZN5daisy10QSPIHandle4Impl11WriteEnableEv
                0x0800343c       0x88 build/libdaisy/src/per/qspi.o
                0x0800343c                daisy::QSPIHandle::Impl::WriteEnable()
 .text._ZN5daisy10QSPIHandle4Impl22EnableMemoryMappedModeEv
                0x080034c4       0x60 build/libdaisy/src/per/qspi.o
                0x080034c4                daisy::QSPIHandle::Impl::EnableMemoryMappedMode()
 *fill*         0x08003524        0x4 
 .text._ZN5daisy10QSPIHandle4Impl19AutopollingMemReadyEm
                0x08003528       0x60 build/libdaisy/src/per/qspi.o
                0x08003528                daisy::QSPIHandle::Impl::AutopollingMemReady(unsigned long)
 .text._ZN5daisy10QSPIHandle4Impl11ResetMemoryEv
                0x08003588       0x64 build/libdaisy/src/per/qspi.o
                0x08003588                daisy::QSPIHandle::Impl::ResetMemory()
 .text._ZN5daisy10QSPIHandle4Impl17DummyCyclesConfigENS0_6Config6DeviceE
                0x080035ec       0xc0 build/libdaisy/src/per/qspi.o
                0x080035ec                daisy::QSPIHandle::Impl::DummyCyclesConfig(daisy::QSPIHandle::Config::Device)
 .text._ZN5daisy10QSPIHandle4Impl10QuadEnableEv
                0x080036ac       0xac build/libdaisy/src/per/qspi.o
                0x080036ac                daisy::QSPIHandle::Impl::QuadEnable()
 .text._ZN5daisy10QSPIHandle4Impl4InitERKNS0_6ConfigE
                0x08003758       0xb4 build/libdaisy/src/per/qspi.o
                0x08003758                daisy::QSPIHandle::Impl::Init(daisy::QSPIHandle::Config const&)
 .text._ZN5daisy10QSPIHandle4InitERKNS0_6ConfigE
                0x0800380c       0x10 build/libdaisy/src/per/qspi.o
                0x0800380c                daisy::QSPIHandle::Init(daisy::QSPIHandle::Config const&)
 .text.HAL_QSPI_MspInit
                0x0800381c      0x114 build/libdaisy/src/per/qspi.o
                0x0800381c                HAL_QSPI_MspInit
 .text.HAL_QSPI_MspDeInit
                0x08003930       0x60 build/libdaisy/src/per/qspi.o
                0x08003930                HAL_QSPI_MspDeInit
 .text.QUADSPI_IRQHandler
                0x08003990        0xc build/libdaisy/src/per/qspi.o
                0x08003990                QUADSPI_IRQHandler
 .text.startup._GLOBAL__sub_I__ZN5daisy10QSPIHandle4Impl4InitERKNS0_6ConfigE
                0x0800399c       0x34 build/libdaisy/src/per/qspi.o
 .text._ZN5daisy6Random4InitEv
                0x080039d0       0x3c build/libdaisy/src/per/rng.o
                0x080039d0                daisy::Random::Init()
 *fill*         0x08003a0c        0x4 
 .text._ZN5daisy9SaiHandle4Impl4InitERKNS0_6ConfigE
                0x08003a10      0x17c build/libdaisy/src/per/sai.o
                0x08003a10                daisy::SaiHandle::Impl::Init(daisy::SaiHandle::Config const&)
 .text._ZN5daisy9SaiHandle4Impl7InitDmaENS1_15PeripheralBlockE
                0x08003b8c       0xa0 build/libdaisy/src/per/sai.o
                0x08003b8c                daisy::SaiHandle::Impl::InitDma(daisy::SaiHandle::Impl::PeripheralBlock)
 .text._ZN5daisy9SaiHandle4Impl8InitPinsEv
                0x08003c2c       0xcc build/libdaisy/src/per/sai.o
                0x08003c2c                daisy::SaiHandle::Impl::InitPins()
 .text.HAL_SAI_MspInit
                0x08003cf8      0x164 build/libdaisy/src/per/sai.o
                0x08003cf8                HAL_SAI_MspInit
 .text.DMA1_Stream0_IRQHandler
                0x08003e5c        0xc build/libdaisy/src/per/sai.o
                0x08003e5c                DMA1_Stream0_IRQHandler
 .text.DMA1_Stream1_IRQHandler
                0x08003e68        0xc build/libdaisy/src/per/sai.o
                0x08003e68                DMA1_Stream1_IRQHandler
 .text.DMA1_Stream3_IRQHandler
                0x08003e74        0xc build/libdaisy/src/per/sai.o
                0x08003e74                DMA1_Stream3_IRQHandler
 .text.DMA1_Stream4_IRQHandler
                0x08003e80        0xc build/libdaisy/src/per/sai.o
                0x08003e80                DMA1_Stream4_IRQHandler
 .text._ZN5daisy9SaiHandle4InitERKNS0_6ConfigE
                0x08003e8c       0x18 build/libdaisy/src/per/sai.o
                0x08003e8c                daisy::SaiHandle::Init(daisy::SaiHandle::Config const&)
 .text._ZNK5daisy9SaiHandle9GetConfigEv
                0x08003ea4        0x4 build/libdaisy/src/per/sai.o
                0x08003ea4                daisy::SaiHandle::GetConfig() const
 .text._ZN5daisy9SaiHandle13GetSampleRateEv
                0x08003ea8       0x24 build/libdaisy/src/per/sai.o
                0x08003ea8                daisy::SaiHandle::GetSampleRate()
 .text.startup._GLOBAL__sub_I__ZN5daisy9SaiHandle4Impl4InitERKNS0_6ConfigE
                0x08003ecc       0x20 build/libdaisy/src/per/sai.o
 .text.SDMMC1_IRQHandler
                0x08003eec        0xc build/libdaisy/src/per/sdmmc.o
                0x08003eec                SDMMC1_IRQHandler
 .text._ZN5daisy15GPIOClockEnableENS_3PinE.isra.0
                0x08003ef8      0x150 build/libdaisy/src/per/spi.o
 .text._ZN5daisy9SpiHandle4Impl10GlobalInitEv
                0x08004048       0x4c build/libdaisy/src/per/spi.o
                0x08004048                daisy::SpiHandle::Impl::GlobalInit()
 .text._ZN5daisy9SpiHandle4Impl16SetDmaPeripheralEv
                0x08004094       0x60 build/libdaisy/src/per/spi.o
                0x08004094                daisy::SpiHandle::Impl::SetDmaPeripheral()
 .text._ZN5daisy9SpiHandle4Impl7InitDmaEv
                0x080040f4       0x9c build/libdaisy/src/per/spi.o
                0x080040f4                daisy::SpiHandle::Impl::InitDma()
 .text._ZN5daisy9SpiHandle4Impl10StartDmaTxEPhjPFvPvEPFvS3_NS0_6ResultEES3_
                0x08004190       0xbc build/libdaisy/src/per/spi.o
                0x08004190                daisy::SpiHandle::Impl::StartDmaTx(unsigned char*, unsigned int, void (*)(void*), void (*)(void*, daisy::SpiHandle::Result), void*)
 .text._ZN5daisy9SpiHandle4Impl10StartDmaRxEPhjPFvPvEPFvS3_NS0_6ResultEES3_
                0x0800424c       0xbc build/libdaisy/src/per/spi.o
                0x0800424c                daisy::SpiHandle::Impl::StartDmaRx(unsigned char*, unsigned int, void (*)(void*), void (*)(void*, daisy::SpiHandle::Result), void*)
 .text._ZN5daisy9SpiHandle4Impl12StartDmaRxTxEPhS2_jPFvPvEPFvS3_NS0_6ResultEES3_
                0x08004308       0xbc build/libdaisy/src/per/spi.o
                0x08004308                daisy::SpiHandle::Impl::StartDmaRxTx(unsigned char*, unsigned char*, unsigned int, void (*)(void*), void (*)(void*, daisy::SpiHandle::Result), void*)
 .text._ZN5daisy9SpiHandle4Impl19DmaTransferFinishedEP19__SPI_HandleTypeDefNS0_6ResultE
                0x080043c4       0xcc build/libdaisy/src/per/spi.o
                0x080043c4                daisy::SpiHandle::Impl::DmaTransferFinished(__SPI_HandleTypeDef*, daisy::SpiHandle::Result)
 .text._Z16checkPinMatchSpiP16GPIO_InitTypeDefN5daisy3PinEi
                0x08004490       0x58 build/libdaisy/src/per/spi.o
                0x08004490                checkPinMatchSpi(GPIO_InitTypeDef*, daisy::Pin, int)
 .text._ZN5daisy9SpiHandle4Impl8InitPinsEv
                0x080044e8      0x140 build/libdaisy/src/per/spi.o
                0x080044e8                daisy::SpiHandle::Impl::InitPins()
 .text.HAL_SPI_MspInit
                0x08004628      0x184 build/libdaisy/src/per/spi.o
                0x08004628                HAL_SPI_MspInit
 .text.dsy_spi_global_init
                0x080047ac        0x4 build/libdaisy/src/per/spi.o
                0x080047ac                dsy_spi_global_init
 .text.SPI1_IRQHandler
                0x080047b0        0xc build/libdaisy/src/per/spi.o
                0x080047b0                SPI1_IRQHandler
 .text.SPI2_IRQHandler
                0x080047bc        0xc build/libdaisy/src/per/spi.o
                0x080047bc                SPI2_IRQHandler
 .text.SPI3_IRQHandler
                0x080047c8        0xc build/libdaisy/src/per/spi.o
                0x080047c8                SPI3_IRQHandler
 .text.SPI4_IRQHandler
                0x080047d4        0xc build/libdaisy/src/per/spi.o
                0x080047d4                SPI4_IRQHandler
 .text.SPI5_IRQHandler
                0x080047e0        0xc build/libdaisy/src/per/spi.o
                0x080047e0                SPI5_IRQHandler
 .text.DMA2_Stream2_IRQHandler
                0x080047ec       0x34 build/libdaisy/src/per/spi.o
                0x080047ec                DMA2_Stream2_IRQHandler
 .text.DMA2_Stream3_IRQHandler
                0x08004820       0x34 build/libdaisy/src/per/spi.o
                0x08004820                DMA2_Stream3_IRQHandler
 .text.HAL_SPI_TxCpltCallback
                0x08004854        0x8 build/libdaisy/src/per/spi.o
                0x08004854                HAL_SPI_TxCpltCallback
 .text.HAL_SPI_RxCpltCallback
                0x0800485c        0x8 build/libdaisy/src/per/spi.o
                0x0800485c                HAL_SPI_RxCpltCallback
 .text.HAL_SPI_TxRxCpltCallback
                0x08004864        0x8 build/libdaisy/src/per/spi.o
                0x08004864                HAL_SPI_TxRxCpltCallback
 .text.HAL_SPI_ErrorCallback
                0x0800486c        0x8 build/libdaisy/src/per/spi.o
                0x0800486c                HAL_SPI_ErrorCallback
 .text.startup._GLOBAL__sub_I__Z19MapInstanceToHandleP11SPI_TypeDef
                0x08004874      0x17c build/libdaisy/src/per/spi.o
 .text._ZN5daisy11TimerHandle4Impl4InitERKNS0_6ConfigE
                0x080049f0       0xc8 build/libdaisy/src/per/tim.o
                0x080049f0                daisy::TimerHandle::Impl::Init(daisy::TimerHandle::Config const&)
 .text.HAL_TIM_Base_MspInit
                0x08004ab8      0x180 build/libdaisy/src/per/tim.o
                0x08004ab8                HAL_TIM_Base_MspInit
 .text.HAL_TIM_PeriodElapsedCallback
                0x08004c38       0x38 build/libdaisy/src/per/tim.o
                0x08004c38                HAL_TIM_PeriodElapsedCallback
 .text.TIM2_IRQHandler
                0x08004c70        0xc build/libdaisy/src/per/tim.o
                0x08004c70                TIM2_IRQHandler
 .text.TIM3_IRQHandler
                0x08004c7c        0xc build/libdaisy/src/per/tim.o
                0x08004c7c                TIM3_IRQHandler
 .text.TIM4_IRQHandler
                0x08004c88        0xc build/libdaisy/src/per/tim.o
                0x08004c88                TIM4_IRQHandler
 .text.TIM5_IRQHandler
                0x08004c94        0xc build/libdaisy/src/per/tim.o
                0x08004c94                TIM5_IRQHandler
 .text._ZN5daisy11TimerHandle4InitERKNS0_6ConfigE
                0x08004ca0       0x18 build/libdaisy/src/per/tim.o
                0x08004ca0                daisy::TimerHandle::Init(daisy::TimerHandle::Config const&)
 .text._ZN5daisy11TimerHandle5StartEv
                0x08004cb8       0x24 build/libdaisy/src/per/tim.o
                0x08004cb8                daisy::TimerHandle::Start()
 .text.startup._GLOBAL__sub_I__ZN5daisy11TimerHandle4Impl4InitERKNS0_6ConfigE
                0x08004cdc       0x20 build/libdaisy/src/per/tim.o
 .text._ZL20UART_CheckRxListenerPN5daisy11UartHandler4ImplE
                0x08004cfc       0x84 build/libdaisy/src/per/uart.o
 .text._ZN5daisy15GPIOClockEnableENS_3PinE.isra.0
                0x08004d80      0x150 build/libdaisy/src/per/uart.o
 .text._ZN5daisy11UartHandler4Impl10GlobalInitEv
                0x08004ed0       0x4c build/libdaisy/src/per/uart.o
                0x08004ed0                daisy::UartHandler::Impl::GlobalInit()
 .text._ZN5daisy11UartHandler4Impl16SetDmaPeripheralEv
                0x08004f1c       0x8c build/libdaisy/src/per/uart.o
                0x08004f1c                daisy::UartHandler::Impl::SetDmaPeripheral()
 .text._ZN5daisy11UartHandler4Impl10StartDmaTxEPhjPFvPvEPFvS3_NS0_6ResultEES3_
                0x08004fa8       0xfc build/libdaisy/src/per/uart.o
                0x08004fa8                daisy::UartHandler::Impl::StartDmaTx(unsigned char*, unsigned int, void (*)(void*), void (*)(void*, daisy::UartHandler::Result), void*)
 .text._ZN5daisy11UartHandler4Impl10StartDmaRxEPhjPFvPvEPFvS3_NS0_6ResultEES3_
                0x080050a4       0xfc build/libdaisy/src/per/uart.o
                0x080050a4                daisy::UartHandler::Impl::StartDmaRx(unsigned char*, unsigned int, void (*)(void*), void (*)(void*, daisy::UartHandler::Result), void*)
 .text._ZN5daisy11UartHandler4Impl19DmaTransferFinishedEP20__UART_HandleTypeDefNS0_6ResultE
                0x080051a0       0xc4 build/libdaisy/src/per/uart.o
                0x080051a0                daisy::UartHandler::Impl::DmaTransferFinished(__UART_HandleTypeDef*, daisy::UartHandler::Result)
 .text._Z13checkPinMatchP16GPIO_InitTypeDefN5daisy3PinEi
                0x08005264       0x5c build/libdaisy/src/per/uart.o
                0x08005264                checkPinMatch(GPIO_InitTypeDef*, daisy::Pin, int)
 .text._ZN5daisy11UartHandler4Impl8InitPinsEv
                0x080052c0       0x94 build/libdaisy/src/per/uart.o
                0x080052c0                daisy::UartHandler::Impl::InitPins()
 .text.HAL_UART_MspInit
                0x08005354      0x1bc build/libdaisy/src/per/uart.o
                0x08005354                HAL_UART_MspInit
 .text.dsy_uart_global_init
                0x08005510        0x4 build/libdaisy/src/per/uart.o
                0x08005510                dsy_uart_global_init
 .text.USART1_IRQHandler
                0x08005514       0x30 build/libdaisy/src/per/uart.o
                0x08005514                USART1_IRQHandler
 .text.USART2_IRQHandler
                0x08005544       0x38 build/libdaisy/src/per/uart.o
                0x08005544                USART2_IRQHandler
 .text.USART3_IRQHandler
                0x0800557c       0x38 build/libdaisy/src/per/uart.o
                0x0800557c                USART3_IRQHandler
 .text.UART4_IRQHandler
                0x080055b4       0x38 build/libdaisy/src/per/uart.o
                0x080055b4                UART4_IRQHandler
 .text.UART5_IRQHandler
                0x080055ec       0x38 build/libdaisy/src/per/uart.o
                0x080055ec                UART5_IRQHandler
 .text.USART6_IRQHandler
                0x08005624       0x38 build/libdaisy/src/per/uart.o
                0x08005624                USART6_IRQHandler
 .text.UART7_IRQHandler
                0x0800565c       0x38 build/libdaisy/src/per/uart.o
                0x0800565c                UART7_IRQHandler
 .text.UART8_IRQHandler
                0x08005694       0x38 build/libdaisy/src/per/uart.o
                0x08005694                UART8_IRQHandler
 .text.LPUART1_IRQHandler
                0x080056cc       0x38 build/libdaisy/src/per/uart.o
                0x080056cc                LPUART1_IRQHandler
 .text.DMA1_Stream5_IRQHandler
                0x08005704       0x34 build/libdaisy/src/per/uart.o
                0x08005704                DMA1_Stream5_IRQHandler
 .text.DMA2_Stream4_IRQHandler
                0x08005738       0x34 build/libdaisy/src/per/uart.o
                0x08005738                DMA2_Stream4_IRQHandler
 .text.HAL_UART_TxCpltCallback
                0x0800576c        0x8 build/libdaisy/src/per/uart.o
                0x0800576c                HAL_UART_TxCpltCallback
 .text.HAL_UART_RxCpltCallback
                0x08005774       0x6c build/libdaisy/src/per/uart.o
                0x08005774                HAL_UART_RxCpltCallback
 .text.HAL_UART_RxHalfCpltCallback
                0x080057e0       0x64 build/libdaisy/src/per/uart.o
                0x080057e0                HAL_UART_RxHalfCpltCallback
 .text.HAL_UART_ErrorCallback
                0x08005844       0x64 build/libdaisy/src/per/uart.o
                0x08005844                HAL_UART_ErrorCallback
 .text.startup._GLOBAL__sub_I__Z19MapInstanceToHandleP13USART_TypeDef
                0x080058a8      0x14c build/libdaisy/src/per/uart.o
 .text._ZN5daisy11TimerHandleD2Ev
                0x080059f4        0x4 build/libdaisy/src/sys/system.o
                0x080059f4                daisy::TimerHandle::~TimerHandle()
                0x080059f4                daisy::TimerHandle::~TimerHandle()
 .text.OTG_HS_EP1_OUT_IRQHandler
                0x080059f8       0x24 build/libdaisy/src/sys/system.o
                0x080059f8                OTG_HS_EP1_OUT_IRQHandler
 .text.OTG_HS_EP1_IN_IRQHandler
                0x08005a1c       0x24 build/libdaisy/src/sys/system.o
                0x08005a1c                OTG_HS_EP1_IN_IRQHandler
 .text.OTG_HS_IRQHandler
                0x08005a40       0x24 build/libdaisy/src/sys/system.o
                0x08005a40                OTG_HS_IRQHandler
 .text.HardFault_Handler
                0x08005a64       0xe0 build/libdaisy/src/sys/system.o
                0x08005a64                HardFault_Handler
 .text._ZN5daisy6System5DelayEm
                0x08005b44        0x4 build/libdaisy/src/sys/system.o
                0x08005b44                daisy::System::Delay(unsigned long)
 .text._ZN5daisy6System20GetBootloaderVersionEv
                0x08005b48       0x30 build/libdaisy/src/sys/system.o
                0x08005b48                daisy::System::GetBootloaderVersion()
 .text._ZN5daisy6System15ConfigureClocksEv
                0x08005b78      0x19c build/libdaisy/src/sys/system.o
                0x08005b78                daisy::System::ConfigureClocks()
 .text._ZN5daisy6System12ConfigureMpuEv
                0x08005d14       0x7c build/libdaisy/src/sys/system.o
                0x08005d14                daisy::System::ConfigureMpu()
 .text._ZN5daisy6System4InitERKNS0_6ConfigE
                0x08005d90       0xf8 build/libdaisy/src/sys/system.o
                0x08005d90                daisy::System::Init(daisy::System::Config const&)
 .text._ZN5daisy6System12GetPClk1FreqEv
                0x08005e88        0x4 build/libdaisy/src/sys/system.o
                0x08005e88                daisy::System::GetPClk1Freq()
 .text._ZN5daisy6System22GetProgramMemoryRegionEv
                0x08005e8c       0x78 build/libdaisy/src/sys/system.o
                0x08005e8c                daisy::System::GetProgramMemoryRegion()
 .text.startup._GLOBAL__sub_I__ZN5daisy9boot_infoE
                0x08005f04       0x1c build/libdaisy/src/sys/system.o
 .text.HAL_MspInit
                0x08005f20        0x4 libdaisy/build/libdaisy.a(stm32h7xx_hal.o)
                0x08005f20                HAL_MspInit
 .text.HAL_InitTick
                0x08005f24       0x4c libdaisy/build/libdaisy.a(stm32h7xx_hal.o)
                0x08005f24                HAL_InitTick
 .text.HAL_Init
                0x08005f70       0x60 libdaisy/build/libdaisy.a(stm32h7xx_hal.o)
                0x08005f70                HAL_Init
 .text.HAL_GetTick
                0x08005fd0        0xc libdaisy/build/libdaisy.a(stm32h7xx_hal.o)
                0x08005fd0                HAL_GetTick
 .text.HAL_Delay
                0x08005fdc       0x24 libdaisy/build/libdaisy.a(stm32h7xx_hal.o)
                0x08005fdc                HAL_Delay
 .text.HAL_GetREVID
                0x08006000        0xc libdaisy/build/libdaisy.a(stm32h7xx_hal.o)
                0x08006000                HAL_GetREVID
 .text.HAL_NVIC_SetPriorityGrouping
                0x0800600c       0x24 libdaisy/build/libdaisy.a(stm32h7xx_hal_cortex.o)
                0x0800600c                HAL_NVIC_SetPriorityGrouping
 .text.HAL_NVIC_SetPriority
                0x08006030       0x78 libdaisy/build/libdaisy.a(stm32h7xx_hal_cortex.o)
                0x08006030                HAL_NVIC_SetPriority
 .text.HAL_NVIC_EnableIRQ
                0x080060a8       0x1c libdaisy/build/libdaisy.a(stm32h7xx_hal_cortex.o)
                0x080060a8                HAL_NVIC_EnableIRQ
 .text.HAL_NVIC_DisableIRQ
                0x080060c4       0x24 libdaisy/build/libdaisy.a(stm32h7xx_hal_cortex.o)
                0x080060c4                HAL_NVIC_DisableIRQ
 .text.HAL_SYSTICK_Config
                0x080060e8       0x2c libdaisy/build/libdaisy.a(stm32h7xx_hal_cortex.o)
                0x080060e8                HAL_SYSTICK_Config
 .text.HAL_MPU_Disable
                0x08006114       0x1c libdaisy/build/libdaisy.a(stm32h7xx_hal_cortex.o)
                0x08006114                HAL_MPU_Disable
 .text.HAL_MPU_Enable
                0x08006130       0x20 libdaisy/build/libdaisy.a(stm32h7xx_hal_cortex.o)
                0x08006130                HAL_MPU_Enable
 .text.HAL_MPU_ConfigRegion
                0x08006150       0x64 libdaisy/build/libdaisy.a(stm32h7xx_hal_cortex.o)
                0x08006150                HAL_MPU_ConfigRegion
 .text.HAL_DAC_DMAUnderrunCallbackCh1
                0x080061b4        0x4 libdaisy/build/libdaisy.a(stm32h7xx_hal_dac.o)
                0x080061b4                HAL_DAC_DMAUnderrunCallbackCh1
 .text.HAL_DAC_IRQHandler
                0x080061b8       0x68 libdaisy/build/libdaisy.a(stm32h7xx_hal_dac.o)
                0x080061b8                HAL_DAC_IRQHandler
 .text.HAL_DACEx_DMAUnderrunCallbackCh2
                0x08006220        0x4 libdaisy/build/libdaisy.a(stm32h7xx_hal_dac_ex.o)
                0x08006220                HAL_DACEx_DMAUnderrunCallbackCh2
 .text.DMA_CalcBaseAndBitshift
                0x08006224      0x100 libdaisy/build/libdaisy.a(stm32h7xx_hal_dma.o)
 .text.DMA_CalcDMAMUXChannelBaseAndMask
                0x08006324       0xd4 libdaisy/build/libdaisy.a(stm32h7xx_hal_dma.o)
 .text.HAL_DMA_Init
                0x080063f8      0x520 libdaisy/build/libdaisy.a(stm32h7xx_hal_dma.o)
                0x080063f8                HAL_DMA_Init
 .text.HAL_DMA_Start_IT
                0x08006918      0x668 libdaisy/build/libdaisy.a(stm32h7xx_hal_dma.o)
                0x08006918                HAL_DMA_Start_IT
 .text.HAL_DMA_Abort
                0x08006f80      0x36c libdaisy/build/libdaisy.a(stm32h7xx_hal_dma.o)
                0x08006f80                HAL_DMA_Abort
 .text.HAL_DMA_Abort_IT
                0x080072ec      0x194 libdaisy/build/libdaisy.a(stm32h7xx_hal_dma.o)
                0x080072ec                HAL_DMA_Abort_IT
 .text.HAL_DMA_IRQHandler
                0x08007480      0x424 libdaisy/build/libdaisy.a(stm32h7xx_hal_dma.o)
                0x08007480                HAL_DMA_IRQHandler
 .text.HAL_DMA_GetError
                0x080078a4        0x4 libdaisy/build/libdaisy.a(stm32h7xx_hal_dma.o)
                0x080078a4                HAL_DMA_GetError
 .text.HAL_GPIO_Init
                0x080078a8      0x40c libdaisy/build/libdaisy.a(stm32h7xx_hal_gpio.o)
                0x080078a8                HAL_GPIO_Init
 .text.HAL_GPIO_DeInit
                0x08007cb4      0x260 libdaisy/build/libdaisy.a(stm32h7xx_hal_gpio.o)
                0x08007cb4                HAL_GPIO_DeInit
 .text.HAL_GPIO_ReadPin
                0x08007f14        0xc libdaisy/build/libdaisy.a(stm32h7xx_hal_gpio.o)
                0x08007f14                HAL_GPIO_ReadPin
 .text.HAL_GPIO_WritePin
                0x08007f20        0x8 libdaisy/build/libdaisy.a(stm32h7xx_hal_gpio.o)
                0x08007f20                HAL_GPIO_WritePin
 .text.HAL_HCD_IRQHandler
                0x08007f28      0x974 libdaisy/build/libdaisy.a(stm32h7xx_hal_hcd.o)
                0x08007f28                HAL_HCD_IRQHandler
 .text.HAL_HCD_Stop
                0x0800889c       0x28 libdaisy/build/libdaisy.a(stm32h7xx_hal_hcd.o)
                0x0800889c                HAL_HCD_Stop
 .text.I2C_WaitOnTXISFlagUntilTimeout
                0x080088c4      0x16c libdaisy/build/libdaisy.a(stm32h7xx_hal_i2c.o)
 .text.I2C_WaitOnSTOPFlagUntilTimeout
                0x08008a30      0x16c libdaisy/build/libdaisy.a(stm32h7xx_hal_i2c.o)
 .text.HAL_I2C_Init
                0x08008b9c       0xac libdaisy/build/libdaisy.a(stm32h7xx_hal_i2c.o)
                0x08008b9c                HAL_I2C_Init
 .text.HAL_I2C_Master_Transmit
                0x08008c48      0x384 libdaisy/build/libdaisy.a(stm32h7xx_hal_i2c.o)
                0x08008c48                HAL_I2C_Master_Transmit
 .text.HAL_I2C_Slave_Transmit
                0x08008fcc      0x250 libdaisy/build/libdaisy.a(stm32h7xx_hal_i2c.o)
                0x08008fcc                HAL_I2C_Slave_Transmit
 .text.HAL_I2C_EV_IRQHandler
                0x0800921c       0x10 libdaisy/build/libdaisy.a(stm32h7xx_hal_i2c.o)
                0x0800921c                HAL_I2C_EV_IRQHandler
 .text.HAL_I2C_GetState
                0x0800922c        0x8 libdaisy/build/libdaisy.a(stm32h7xx_hal_i2c.o)
                0x0800922c                HAL_I2C_GetState
 .text.HAL_I2CEx_ConfigAnalogFilter
                0x08009234       0x54 libdaisy/build/libdaisy.a(stm32h7xx_hal_i2c_ex.o)
                0x08009234                HAL_I2CEx_ConfigAnalogFilter
 .text.HAL_I2CEx_ConfigDigitalFilter
                0x08009288       0x58 libdaisy/build/libdaisy.a(stm32h7xx_hal_i2c_ex.o)
                0x08009288                HAL_I2CEx_ConfigDigitalFilter
 .text.HAL_PCD_IRQHandler
                0x080092e0      0xb54 libdaisy/build/libdaisy.a(stm32h7xx_hal_pcd.o)
                0x080092e0                HAL_PCD_IRQHandler
 .text.HAL_PCD_SetAddress
                0x08009e34       0x2c libdaisy/build/libdaisy.a(stm32h7xx_hal_pcd.o)
                0x08009e34                HAL_PCD_SetAddress
 .text.HAL_PCD_EP_Open
                0x08009e60       0x7c libdaisy/build/libdaisy.a(stm32h7xx_hal_pcd.o)
                0x08009e60                HAL_PCD_EP_Open
 .text.HAL_PCD_EP_Receive
                0x08009edc       0x44 libdaisy/build/libdaisy.a(stm32h7xx_hal_pcd.o)
                0x08009edc                HAL_PCD_EP_Receive
 .text.HAL_PCD_EP_Transmit
                0x08009f20       0x44 libdaisy/build/libdaisy.a(stm32h7xx_hal_pcd.o)
                0x08009f20                HAL_PCD_EP_Transmit
 .text.HAL_PCD_EP_SetStall
                0x08009f64       0x88 libdaisy/build/libdaisy.a(stm32h7xx_hal_pcd.o)
                0x08009f64                HAL_PCD_EP_SetStall
 .text.HAL_PCD_EP_ClrStall
                0x08009fec       0x78 libdaisy/build/libdaisy.a(stm32h7xx_hal_pcd.o)
                0x08009fec                HAL_PCD_EP_ClrStall
 .text.HAL_PCDEx_LPM_Callback
                0x0800a064        0x4 libdaisy/build/libdaisy.a(stm32h7xx_hal_pcd_ex.o)
                0x0800a064                HAL_PCDEx_LPM_Callback
 .text.HAL_PWREx_ConfigSupply
                0x0800a068       0x48 libdaisy/build/libdaisy.a(stm32h7xx_hal_pwr_ex.o)
                0x0800a068                HAL_PWREx_ConfigSupply
 .text.HAL_PWREx_EnableUSBVoltageDetector
                0x0800a0b0       0x10 libdaisy/build/libdaisy.a(stm32h7xx_hal_pwr_ex.o)
                0x0800a0b0                HAL_PWREx_EnableUSBVoltageDetector
 .text.QSPI_Config
                0x0800a0c0      0x188 libdaisy/build/libdaisy.a(stm32h7xx_hal_qspi.o)
 .text.HAL_QSPI_Init
                0x0800a248       0xbc libdaisy/build/libdaisy.a(stm32h7xx_hal_qspi.o)
                0x0800a248                HAL_QSPI_Init
 .text.HAL_QSPI_DeInit
                0x0800a304       0x24 libdaisy/build/libdaisy.a(stm32h7xx_hal_qspi.o)
                0x0800a304                HAL_QSPI_DeInit
 .text.HAL_QSPI_Command
                0x0800a328       0xdc libdaisy/build/libdaisy.a(stm32h7xx_hal_qspi.o)
                0x0800a328                HAL_QSPI_Command
 .text.HAL_QSPI_Transmit
                0x0800a404      0x11c libdaisy/build/libdaisy.a(stm32h7xx_hal_qspi.o)
                0x0800a404                HAL_QSPI_Transmit
 .text.HAL_QSPI_Receive
                0x0800a520      0x128 libdaisy/build/libdaisy.a(stm32h7xx_hal_qspi.o)
                0x0800a520                HAL_QSPI_Receive
 .text.HAL_QSPI_AutoPolling
                0x0800a648      0x11c libdaisy/build/libdaisy.a(stm32h7xx_hal_qspi.o)
                0x0800a648                HAL_QSPI_AutoPolling
 .text.HAL_QSPI_MemoryMapped
                0x0800a764       0xc4 libdaisy/build/libdaisy.a(stm32h7xx_hal_qspi.o)
                0x0800a764                HAL_QSPI_MemoryMapped
 .text.HAL_QSPI_ErrorCallback
                0x0800a828        0x4 libdaisy/build/libdaisy.a(stm32h7xx_hal_qspi.o)
                0x0800a828                HAL_QSPI_ErrorCallback
 .text.QSPI_DMAAbortCplt
                0x0800a82c       0x38 libdaisy/build/libdaisy.a(stm32h7xx_hal_qspi.o)
 .text.HAL_QSPI_AbortCpltCallback
                0x0800a864        0x4 libdaisy/build/libdaisy.a(stm32h7xx_hal_qspi.o)
                0x0800a864                HAL_QSPI_AbortCpltCallback
 .text.HAL_QSPI_CmdCpltCallback
                0x0800a868        0x4 libdaisy/build/libdaisy.a(stm32h7xx_hal_qspi.o)
                0x0800a868                HAL_QSPI_CmdCpltCallback
 .text.HAL_QSPI_RxCpltCallback
                0x0800a86c        0x4 libdaisy/build/libdaisy.a(stm32h7xx_hal_qspi.o)
                0x0800a86c                HAL_QSPI_RxCpltCallback
 .text.HAL_QSPI_TxCpltCallback
                0x0800a870        0x4 libdaisy/build/libdaisy.a(stm32h7xx_hal_qspi.o)
                0x0800a870                HAL_QSPI_TxCpltCallback
 .text.HAL_QSPI_FifoThresholdCallback
                0x0800a874        0x4 libdaisy/build/libdaisy.a(stm32h7xx_hal_qspi.o)
                0x0800a874                HAL_QSPI_FifoThresholdCallback
 .text.HAL_QSPI_StatusMatchCallback
                0x0800a878        0x4 libdaisy/build/libdaisy.a(stm32h7xx_hal_qspi.o)
                0x0800a878                HAL_QSPI_StatusMatchCallback
 .text.HAL_QSPI_TimeOutCallback
                0x0800a87c        0x4 libdaisy/build/libdaisy.a(stm32h7xx_hal_qspi.o)
                0x0800a87c                HAL_QSPI_TimeOutCallback
 .text.HAL_QSPI_IRQHandler
                0x0800a880      0x210 libdaisy/build/libdaisy.a(stm32h7xx_hal_qspi.o)
                0x0800a880                HAL_QSPI_IRQHandler
 .text.HAL_RCC_GetSysClockFreq.part.0
                0x0800aa90       0xe4 libdaisy/build/libdaisy.a(stm32h7xx_hal_rcc.o)
 .text.HAL_RCC_OscConfig
                0x0800ab74      0x5e8 libdaisy/build/libdaisy.a(stm32h7xx_hal_rcc.o)
                0x0800ab74                HAL_RCC_OscConfig
 .text.HAL_RCC_GetSysClockFreq
                0x0800b15c      0x11c libdaisy/build/libdaisy.a(stm32h7xx_hal_rcc.o)
                0x0800b15c                HAL_RCC_GetSysClockFreq
 .text.HAL_RCC_ClockConfig
                0x0800b278      0x254 libdaisy/build/libdaisy.a(stm32h7xx_hal_rcc.o)
                0x0800b278                HAL_RCC_ClockConfig
 .text.HAL_RCC_GetHCLKFreq
                0x0800b4cc       0x80 libdaisy/build/libdaisy.a(stm32h7xx_hal_rcc.o)
                0x0800b4cc                HAL_RCC_GetHCLKFreq
 .text.HAL_RCC_GetPCLK1Freq
                0x0800b54c       0x90 libdaisy/build/libdaisy.a(stm32h7xx_hal_rcc.o)
                0x0800b54c                HAL_RCC_GetPCLK1Freq
 .text.HAL_RCC_GetPCLK2Freq
                0x0800b5dc       0x90 libdaisy/build/libdaisy.a(stm32h7xx_hal_rcc.o)
                0x0800b5dc                HAL_RCC_GetPCLK2Freq
 .text.RCCEx_PLL2_Config.part.0
                0x0800b66c       0xe0 libdaisy/build/libdaisy.a(stm32h7xx_hal_rcc_ex.o)
 .text.RCCEx_PLL3_Config.part.0
                0x0800b74c       0xe0 libdaisy/build/libdaisy.a(stm32h7xx_hal_rcc_ex.o)
 .text.HAL_RCCEx_PeriphCLKConfig
                0x0800b82c      0xe88 libdaisy/build/libdaisy.a(stm32h7xx_hal_rcc_ex.o)
                0x0800b82c                HAL_RCCEx_PeriphCLKConfig
 .text.HAL_RCCEx_GetD3PCLK1Freq
                0x0800c6b4       0x24 libdaisy/build/libdaisy.a(stm32h7xx_hal_rcc_ex.o)
                0x0800c6b4                HAL_RCCEx_GetD3PCLK1Freq
 .text.HAL_RCCEx_GetPLL2ClockFreq
                0x0800c6d8      0x134 libdaisy/build/libdaisy.a(stm32h7xx_hal_rcc_ex.o)
                0x0800c6d8                HAL_RCCEx_GetPLL2ClockFreq
 .text.HAL_RCCEx_GetPLL3ClockFreq
                0x0800c80c      0x134 libdaisy/build/libdaisy.a(stm32h7xx_hal_rcc_ex.o)
                0x0800c80c                HAL_RCCEx_GetPLL3ClockFreq
 .text.HAL_RCCEx_GetPLL1ClockFreq
                0x0800c940      0x134 libdaisy/build/libdaisy.a(stm32h7xx_hal_rcc_ex.o)
                0x0800c940                HAL_RCCEx_GetPLL1ClockFreq
 .text.HAL_RCCEx_GetPeriphCLKFreq
                0x0800ca74      0x340 libdaisy/build/libdaisy.a(stm32h7xx_hal_rcc_ex.o)
                0x0800ca74                HAL_RCCEx_GetPeriphCLKFreq
 .text.HAL_SAI_Init
                0x0800cdb4      0x3b8 libdaisy/build/libdaisy.a(stm32h7xx_hal_sai.o)
                0x0800cdb4                HAL_SAI_Init
 .text.HAL_SAI_InitProtocol
                0x0800d16c      0x158 libdaisy/build/libdaisy.a(stm32h7xx_hal_sai.o)
                0x0800d16c                HAL_SAI_InitProtocol
 .text.HAL_SD_ErrorCallback
                0x0800d2c4        0x4 libdaisy/build/libdaisy.a(stm32h7xx_hal_sd.o)
                0x0800d2c4                HAL_SD_ErrorCallback
 .text.HAL_SDEx_Read_DMADoubleBuf0CpltCallback
                0x0800d2c8        0x4 libdaisy/build/libdaisy.a(stm32h7xx_hal_sd.o)
                0x0800d2c8                HAL_SDEx_Read_DMADoubleBuf0CpltCallback
 .text.HAL_SDEx_Read_DMADoubleBuf1CpltCallback
                0x0800d2cc        0x4 libdaisy/build/libdaisy.a(stm32h7xx_hal_sd.o)
                0x0800d2cc                HAL_SDEx_Read_DMADoubleBuf1CpltCallback
 .text.HAL_SDEx_Write_DMADoubleBuf0CpltCallback
                0x0800d2d0        0x4 libdaisy/build/libdaisy.a(stm32h7xx_hal_sd.o)
                0x0800d2d0                HAL_SDEx_Write_DMADoubleBuf0CpltCallback
 .text.HAL_SDEx_Write_DMADoubleBuf1CpltCallback
                0x0800d2d4        0x4 libdaisy/build/libdaisy.a(stm32h7xx_hal_sd.o)
                0x0800d2d4                HAL_SDEx_Write_DMADoubleBuf1CpltCallback
 .text.HAL_SD_IRQHandler
                0x0800d2d8      0x27c libdaisy/build/libdaisy.a(stm32h7xx_hal_sd.o)
                0x0800d2d8                HAL_SD_IRQHandler
 .text.HAL_SDRAM_Init
                0x0800d554       0x54 libdaisy/build/libdaisy.a(stm32h7xx_hal_sdram.o)
                0x0800d554                HAL_SDRAM_Init
 .text.HAL_SDRAM_SendCommand
                0x0800d5a8       0x40 libdaisy/build/libdaisy.a(stm32h7xx_hal_sdram.o)
                0x0800d5a8                HAL_SDRAM_SendCommand
 .text.HAL_SDRAM_ProgramRefreshRate
                0x0800d5e8       0x30 libdaisy/build/libdaisy.a(stm32h7xx_hal_sdram.o)
                0x0800d5e8                HAL_SDRAM_ProgramRefreshRate
 .text.SPI_CloseTransfer
                0x0800d618       0xb8 libdaisy/build/libdaisy.a(stm32h7xx_hal_spi.o)
 .text.HAL_SPI_Init
                0x0800d6d0      0x1ac libdaisy/build/libdaisy.a(stm32h7xx_hal_spi.o)
                0x0800d6d0                HAL_SPI_Init
 .text.HAL_SPI_Transmit_DMA
                0x0800d87c      0x170 libdaisy/build/libdaisy.a(stm32h7xx_hal_spi.o)
                0x0800d87c                HAL_SPI_Transmit_DMA
 .text.HAL_SPI_Receive_DMA
                0x0800d9ec      0x180 libdaisy/build/libdaisy.a(stm32h7xx_hal_spi.o)
                0x0800d9ec                HAL_SPI_Receive_DMA
 .text.HAL_SPI_TransmitReceive_DMA
                0x0800db6c      0x1f8 libdaisy/build/libdaisy.a(stm32h7xx_hal_spi.o)
                0x0800db6c                HAL_SPI_TransmitReceive_DMA
 .text.SPI_DMATransmitCplt
                0x0800dd64       0x28 libdaisy/build/libdaisy.a(stm32h7xx_hal_spi.o)
 .text.SPI_DMAReceiveCplt
                0x0800dd8c       0x28 libdaisy/build/libdaisy.a(stm32h7xx_hal_spi.o)
 .text.SPI_DMATransmitReceiveCplt
                0x0800ddb4       0x28 libdaisy/build/libdaisy.a(stm32h7xx_hal_spi.o)
 .text.HAL_SPI_TxHalfCpltCallback
                0x0800dddc        0x4 libdaisy/build/libdaisy.a(stm32h7xx_hal_spi.o)
                0x0800dddc                HAL_SPI_TxHalfCpltCallback
 .text.SPI_DMAHalfTransmitCplt
                0x0800dde0        0xc libdaisy/build/libdaisy.a(stm32h7xx_hal_spi.o)
 .text.HAL_SPI_RxHalfCpltCallback
                0x0800ddec        0x4 libdaisy/build/libdaisy.a(stm32h7xx_hal_spi.o)
                0x0800ddec                HAL_SPI_RxHalfCpltCallback
 .text.SPI_DMAHalfReceiveCplt
                0x0800ddf0        0xc libdaisy/build/libdaisy.a(stm32h7xx_hal_spi.o)
 .text.HAL_SPI_TxRxHalfCpltCallback
                0x0800ddfc        0x4 libdaisy/build/libdaisy.a(stm32h7xx_hal_spi.o)
                0x0800ddfc                HAL_SPI_TxRxHalfCpltCallback
 .text.SPI_DMAHalfTransmitReceiveCplt
                0x0800de00        0xc libdaisy/build/libdaisy.a(stm32h7xx_hal_spi.o)
 .text.SPI_DMAError
                0x0800de0c       0xd8 libdaisy/build/libdaisy.a(stm32h7xx_hal_spi.o)
 .text.SPI_DMAAbortOnError
                0x0800dee4       0x1c libdaisy/build/libdaisy.a(stm32h7xx_hal_spi.o)
 .text.HAL_SPI_SuspendCallback
                0x0800df00        0x4 libdaisy/build/libdaisy.a(stm32h7xx_hal_spi.o)
                0x0800df00                HAL_SPI_SuspendCallback
 .text.HAL_SPI_IRQHandler
                0x0800df04      0x208 libdaisy/build/libdaisy.a(stm32h7xx_hal_spi.o)
                0x0800df04                HAL_SPI_IRQHandler
 .text.HAL_SPI_GetState
                0x0800e10c        0x8 libdaisy/build/libdaisy.a(stm32h7xx_hal_spi.o)
                0x0800e10c                HAL_SPI_GetState
 .text.HAL_TIM_Base_Init
                0x0800e114      0x144 libdaisy/build/libdaisy.a(stm32h7xx_hal_tim.o)
                0x0800e114                HAL_TIM_Base_Init
 .text.HAL_TIM_Base_Start
                0x0800e258       0x9c libdaisy/build/libdaisy.a(stm32h7xx_hal_tim.o)
                0x0800e258                HAL_TIM_Base_Start
 .text.HAL_TIM_Base_Start_IT
                0x0800e2f4       0xa4 libdaisy/build/libdaisy.a(stm32h7xx_hal_tim.o)
                0x0800e2f4                HAL_TIM_Base_Start_IT
 .text.HAL_TIM_ConfigClockSource
                0x0800e398      0x190 libdaisy/build/libdaisy.a(stm32h7xx_hal_tim.o)
                0x0800e398                HAL_TIM_ConfigClockSource
 .text.HAL_TIM_OC_DelayElapsedCallback
                0x0800e528        0x4 libdaisy/build/libdaisy.a(stm32h7xx_hal_tim.o)
                0x0800e528                HAL_TIM_OC_DelayElapsedCallback
 .text.HAL_TIM_IC_CaptureCallback
                0x0800e52c        0x4 libdaisy/build/libdaisy.a(stm32h7xx_hal_tim.o)
                0x0800e52c                HAL_TIM_IC_CaptureCallback
 .text.HAL_TIM_PWM_PulseFinishedCallback
                0x0800e530        0x4 libdaisy/build/libdaisy.a(stm32h7xx_hal_tim.o)
                0x0800e530                HAL_TIM_PWM_PulseFinishedCallback
 .text.HAL_TIM_TriggerCallback
                0x0800e534        0x4 libdaisy/build/libdaisy.a(stm32h7xx_hal_tim.o)
                0x0800e534                HAL_TIM_TriggerCallback
 .text.HAL_TIM_IRQHandler
                0x0800e538      0x154 libdaisy/build/libdaisy.a(stm32h7xx_hal_tim.o)
                0x0800e538                HAL_TIM_IRQHandler
 .text.HAL_TIMEx_MasterConfigSynchronization
                0x0800e68c       0xb4 libdaisy/build/libdaisy.a(stm32h7xx_hal_tim_ex.o)
                0x0800e68c                HAL_TIMEx_MasterConfigSynchronization
 .text.HAL_TIMEx_CommutCallback
                0x0800e740        0x4 libdaisy/build/libdaisy.a(stm32h7xx_hal_tim_ex.o)
                0x0800e740                HAL_TIMEx_CommutCallback
 .text.HAL_TIMEx_BreakCallback
                0x0800e744        0x4 libdaisy/build/libdaisy.a(stm32h7xx_hal_tim_ex.o)
                0x0800e744                HAL_TIMEx_BreakCallback
 .text.HAL_TIMEx_Break2Callback
                0x0800e748        0x4 libdaisy/build/libdaisy.a(stm32h7xx_hal_tim_ex.o)
                0x0800e748                HAL_TIMEx_Break2Callback
 .text.HAL_UART_Transmit_DMA
                0x0800e74c       0x8c libdaisy/build/libdaisy.a(stm32h7xx_hal_uart.o)
                0x0800e74c                HAL_UART_Transmit_DMA
 .text.UART_DMATransmitCplt
                0x0800e7d8       0x44 libdaisy/build/libdaisy.a(stm32h7xx_hal_uart.o)
 .text.HAL_UART_TxHalfCpltCallback
                0x0800e81c        0x4 libdaisy/build/libdaisy.a(stm32h7xx_hal_uart.o)
                0x0800e81c                HAL_UART_TxHalfCpltCallback
 .text.UART_DMATxHalfCplt
                0x0800e820        0xc libdaisy/build/libdaisy.a(stm32h7xx_hal_uart.o)
 .text.UART_DMAError
                0x0800e82c       0xd4 libdaisy/build/libdaisy.a(stm32h7xx_hal_uart.o)
 .text.UART_DMAAbortOnError
                0x0800e900       0x14 libdaisy/build/libdaisy.a(stm32h7xx_hal_uart.o)
 .text.HAL_UARTEx_RxEventCallback
                0x0800e914        0x4 libdaisy/build/libdaisy.a(stm32h7xx_hal_uart.o)
                0x0800e914                HAL_UARTEx_RxEventCallback
 .text.HAL_UART_IRQHandler
                0x0800e918      0x39c libdaisy/build/libdaisy.a(stm32h7xx_hal_uart.o)
                0x0800e918                HAL_UART_IRQHandler
 .text.UART_DMARxHalfCplt
                0x0800ecb4       0x20 libdaisy/build/libdaisy.a(stm32h7xx_hal_uart.o)
 .text.UART_DMAReceiveCplt
                0x0800ecd4       0x9c libdaisy/build/libdaisy.a(stm32h7xx_hal_uart.o)
 .text.HAL_UART_GetState
                0x0800ed70        0xc libdaisy/build/libdaisy.a(stm32h7xx_hal_uart.o)
                0x0800ed70                HAL_UART_GetState
 .text.UART_SetConfig
                0x0800ed7c      0x37c libdaisy/build/libdaisy.a(stm32h7xx_hal_uart.o)
                0x0800ed7c                UART_SetConfig
 .text.UART_AdvFeatureConfig
                0x0800f0f8       0xb0 libdaisy/build/libdaisy.a(stm32h7xx_hal_uart.o)
                0x0800f0f8                UART_AdvFeatureConfig
 .text.UART_CheckIdleState
                0x0800f1a8      0x258 libdaisy/build/libdaisy.a(stm32h7xx_hal_uart.o)
                0x0800f1a8                UART_CheckIdleState
 .text.HAL_UART_Init
                0x0800f400       0x68 libdaisy/build/libdaisy.a(stm32h7xx_hal_uart.o)
                0x0800f400                HAL_UART_Init
 .text.UART_Start_Receive_DMA
                0x0800f468       0xa0 libdaisy/build/libdaisy.a(stm32h7xx_hal_uart.o)
                0x0800f468                UART_Start_Receive_DMA
 .text.HAL_UART_Receive_DMA
                0x0800f508       0x48 libdaisy/build/libdaisy.a(stm32h7xx_hal_uart.o)
                0x0800f508                HAL_UART_Receive_DMA
 .text.HAL_UARTEx_WakeupCallback
                0x0800f550        0x4 libdaisy/build/libdaisy.a(stm32h7xx_hal_uart_ex.o)
                0x0800f550                HAL_UARTEx_WakeupCallback
 .text.HAL_UARTEx_RxFifoFullCallback
                0x0800f554        0x4 libdaisy/build/libdaisy.a(stm32h7xx_hal_uart_ex.o)
                0x0800f554                HAL_UARTEx_RxFifoFullCallback
 .text.HAL_UARTEx_TxFifoEmptyCallback
                0x0800f558        0x4 libdaisy/build/libdaisy.a(stm32h7xx_hal_uart_ex.o)
                0x0800f558                HAL_UARTEx_TxFifoEmptyCallback
 .text.FMC_SDRAM_Init
                0x0800f55c       0x6c libdaisy/build/libdaisy.a(stm32h7xx_ll_fmc.o)
                0x0800f55c                FMC_SDRAM_Init
 .text.FMC_SDRAM_Timing_Init
                0x0800f5c8       0x7c libdaisy/build/libdaisy.a(stm32h7xx_ll_fmc.o)
                0x0800f5c8                FMC_SDRAM_Timing_Init
 .text.FMC_SDRAM_SendCommand
                0x0800f644       0x34 libdaisy/build/libdaisy.a(stm32h7xx_ll_fmc.o)
                0x0800f644                FMC_SDRAM_SendCommand
 .text.FMC_SDRAM_ProgramRefreshRate
                0x0800f678       0x14 libdaisy/build/libdaisy.a(stm32h7xx_ll_fmc.o)
                0x0800f678                FMC_SDRAM_ProgramRefreshRate
 .text.USB_SetTurnaroundTime
                0x0800f68c       0xf4 libdaisy/build/libdaisy.a(stm32h7xx_ll_usb.o)
                0x0800f68c                USB_SetTurnaroundTime
 .text.USB_FlushTxFifo
                0x0800f780       0x54 libdaisy/build/libdaisy.a(stm32h7xx_ll_usb.o)
                0x0800f780                USB_FlushTxFifo
 .text.USB_FlushRxFifo
                0x0800f7d4       0x50 libdaisy/build/libdaisy.a(stm32h7xx_ll_usb.o)
                0x0800f7d4                USB_FlushRxFifo
 .text.USB_GetDevSpeed
                0x0800f824       0x18 libdaisy/build/libdaisy.a(stm32h7xx_ll_usb.o)
                0x0800f824                USB_GetDevSpeed
 .text.USB_ActivateEndpoint
                0x0800f83c       0x8c libdaisy/build/libdaisy.a(stm32h7xx_ll_usb.o)
                0x0800f83c                USB_ActivateEndpoint
 .text.USB_EPStartXfer
                0x0800f8c8      0x238 libdaisy/build/libdaisy.a(stm32h7xx_ll_usb.o)
                0x0800f8c8                USB_EPStartXfer
 .text.USB_EPStopXfer
                0x0800fb00       0x94 libdaisy/build/libdaisy.a(stm32h7xx_ll_usb.o)
                0x0800fb00                USB_EPStopXfer
 .text.USB_WritePacket
                0x0800fb94       0x2c libdaisy/build/libdaisy.a(stm32h7xx_ll_usb.o)
                0x0800fb94                USB_WritePacket
 .text.USB_ReadPacket
                0x0800fbc0       0x48 libdaisy/build/libdaisy.a(stm32h7xx_ll_usb.o)
                0x0800fbc0                USB_ReadPacket
 .text.USB_EPSetStall
                0x0800fc08       0x70 libdaisy/build/libdaisy.a(stm32h7xx_ll_usb.o)
                0x0800fc08                USB_EPSetStall
 .text.USB_EPClearStall
                0x0800fc78       0x58 libdaisy/build/libdaisy.a(stm32h7xx_ll_usb.o)
                0x0800fc78                USB_EPClearStall
 .text.USB_SetDevAddress
                0x0800fcd0       0x24 libdaisy/build/libdaisy.a(stm32h7xx_ll_usb.o)
                0x0800fcd0                USB_SetDevAddress
 .text.USB_ReadInterrupts
                0x0800fcf4        0x8 libdaisy/build/libdaisy.a(stm32h7xx_ll_usb.o)
                0x0800fcf4                USB_ReadInterrupts
 .text.USB_ReadChInterrupts
                0x0800fcfc       0x10 libdaisy/build/libdaisy.a(stm32h7xx_ll_usb.o)
                0x0800fcfc                USB_ReadChInterrupts
 .text.USB_ReadDevAllOutEpInterrupt
                0x0800fd0c       0x10 libdaisy/build/libdaisy.a(stm32h7xx_ll_usb.o)
                0x0800fd0c                USB_ReadDevAllOutEpInterrupt
 .text.USB_ReadDevAllInEpInterrupt
                0x0800fd1c       0x10 libdaisy/build/libdaisy.a(stm32h7xx_ll_usb.o)
                0x0800fd1c                USB_ReadDevAllInEpInterrupt
 .text.USB_ReadDevOutEPInterrupt
                0x0800fd2c       0x14 libdaisy/build/libdaisy.a(stm32h7xx_ll_usb.o)
                0x0800fd2c                USB_ReadDevOutEPInterrupt
 .text.USB_ReadDevInEPInterrupt
                0x0800fd40       0x20 libdaisy/build/libdaisy.a(stm32h7xx_ll_usb.o)
                0x0800fd40                USB_ReadDevInEPInterrupt
 .text.USB_GetMode
                0x0800fd60        0x8 libdaisy/build/libdaisy.a(stm32h7xx_ll_usb.o)
                0x0800fd60                USB_GetMode
 .text.USB_ActivateSetup
                0x0800fd68       0x20 libdaisy/build/libdaisy.a(stm32h7xx_ll_usb.o)
                0x0800fd68                USB_ActivateSetup
 .text.USB_EP0_OutStart
                0x0800fd88       0x50 libdaisy/build/libdaisy.a(stm32h7xx_ll_usb.o)
                0x0800fd88                USB_EP0_OutStart
 .text.USB_InitFSLSPClkSel
                0x0800fdd8       0x44 libdaisy/build/libdaisy.a(stm32h7xx_ll_usb.o)
                0x0800fdd8                USB_InitFSLSPClkSel
 .text.USB_HC_ReadInterrupt
                0x0800fe1c        0x8 libdaisy/build/libdaisy.a(stm32h7xx_ll_usb.o)
                0x0800fe1c                USB_HC_ReadInterrupt
 .text.USB_HC_Halt
                0x0800fe24       0xd4 libdaisy/build/libdaisy.a(stm32h7xx_ll_usb.o)
                0x0800fe24                USB_HC_Halt
 .text.USB_StopHost
                0x0800fef8      0x1e4 libdaisy/build/libdaisy.a(stm32h7xx_ll_usb.o)
                0x0800fef8                USB_StopHost
 .text.USBD_SetClassConfig
                0x080100dc       0x10 libdaisy/build/libdaisy.a(usbd_core.o)
                0x080100dc                USBD_SetClassConfig
 .text.USBD_ClrClassConfig
                0x080100ec       0x14 libdaisy/build/libdaisy.a(usbd_core.o)
                0x080100ec                USBD_ClrClassConfig
 .text.USBD_LL_SetupStage
                0x08010100       0x60 libdaisy/build/libdaisy.a(usbd_core.o)
                0x08010100                USBD_LL_SetupStage
 .text.USBD_LL_DataOutStage
                0x08010160       0x74 libdaisy/build/libdaisy.a(usbd_core.o)
                0x08010160                USBD_LL_DataOutStage
 .text.USBD_LL_DataInStage
                0x080101d4       0xc0 libdaisy/build/libdaisy.a(usbd_core.o)
                0x080101d4                USBD_LL_DataInStage
 .text.USBD_LL_Reset
                0x08010294       0x5c libdaisy/build/libdaisy.a(usbd_core.o)
                0x08010294                USBD_LL_Reset
 .text.USBD_LL_SetSpeed
                0x080102f0        0x8 libdaisy/build/libdaisy.a(usbd_core.o)
                0x080102f0                USBD_LL_SetSpeed
 .text.USBD_LL_Suspend
                0x080102f8       0x20 libdaisy/build/libdaisy.a(usbd_core.o)
                0x080102f8                USBD_LL_Suspend
 .text.USBD_LL_Resume
                0x08010318       0x18 libdaisy/build/libdaisy.a(usbd_core.o)
                0x08010318                USBD_LL_Resume
 .text.USBD_LL_SOF
                0x08010330       0x20 libdaisy/build/libdaisy.a(usbd_core.o)
                0x08010330                USBD_LL_SOF
 .text.USBD_LL_IsoINIncomplete
                0x08010350       0x2c libdaisy/build/libdaisy.a(usbd_core.o)
                0x08010350                USBD_LL_IsoINIncomplete
 .text.USBD_LL_IsoOUTIncomplete
                0x0801037c       0x2c libdaisy/build/libdaisy.a(usbd_core.o)
                0x0801037c                USBD_LL_IsoOUTIncomplete
 .text.USBD_LL_DevConnected
                0x080103a8        0x4 libdaisy/build/libdaisy.a(usbd_core.o)
                0x080103a8                USBD_LL_DevConnected
 .text.USBD_LL_DevDisconnected
                0x080103ac       0x24 libdaisy/build/libdaisy.a(usbd_core.o)
                0x080103ac                USBD_LL_DevDisconnected
 .text.USBD_CoreFindIF
                0x080103d0        0x4 libdaisy/build/libdaisy.a(usbd_core.o)
                0x080103d0                USBD_CoreFindIF
 .text.USBD_CoreFindEP
                0x080103d4        0x4 libdaisy/build/libdaisy.a(usbd_core.o)
                0x080103d4                USBD_CoreFindEP
 .text.USBD_StdDevReq
                0x080103d8      0x350 libdaisy/build/libdaisy.a(usbd_ctlreq.o)
                0x080103d8                USBD_StdDevReq
 .text.USBD_StdItfReq
                0x08010728       0x80 libdaisy/build/libdaisy.a(usbd_ctlreq.o)
                0x08010728                USBD_StdItfReq
 .text.USBD_StdEPReq
                0x080107a8      0x15c libdaisy/build/libdaisy.a(usbd_ctlreq.o)
                0x080107a8                USBD_StdEPReq
 .text.USBD_ParseSetupRequest
                0x08010904       0x18 libdaisy/build/libdaisy.a(usbd_ctlreq.o)
                0x08010904                USBD_ParseSetupRequest
 .text.USBD_CtlSendData
                0x0801091c       0x1c libdaisy/build/libdaisy.a(usbd_ioreq.o)
                0x0801091c                USBD_CtlSendData
 .text.USBD_CtlContinueSendData
                0x08010938       0x14 libdaisy/build/libdaisy.a(usbd_ioreq.o)
                0x08010938                USBD_CtlContinueSendData
 .text.USBD_CtlContinueRx
                0x0801094c       0x14 libdaisy/build/libdaisy.a(usbd_ioreq.o)
                0x0801094c                USBD_CtlContinueRx
 .text.USBD_CtlSendStatus
                0x08010960       0x18 libdaisy/build/libdaisy.a(usbd_ioreq.o)
                0x08010960                USBD_CtlSendStatus
 .text.USBD_CtlReceiveStatus
                0x08010978       0x18 libdaisy/build/libdaisy.a(usbd_ioreq.o)
                0x08010978                USBD_CtlReceiveStatus
 .text.USBH_LL_IncTimer
                0x08010990       0x20 libdaisy/build/libdaisy.a(usbh_core.o)
                0x08010990                USBH_LL_IncTimer
 .text.USBH_LL_PortEnabled
                0x080109b0        0x8 libdaisy/build/libdaisy.a(usbh_core.o)
                0x080109b0                USBH_LL_PortEnabled
 .text.USBH_LL_PortDisabled
                0x080109b8        0x8 libdaisy/build/libdaisy.a(usbh_core.o)
                0x080109b8                USBH_LL_PortDisabled
 .text.USBH_LL_Connect
                0x080109c0       0x18 libdaisy/build/libdaisy.a(usbh_core.o)
                0x080109c0                USBH_LL_Connect
 .text.USBH_LL_Disconnect
                0x080109d8       0x2c libdaisy/build/libdaisy.a(usbh_core.o)
                0x080109d8                USBH_LL_Disconnect
 .text.USBH_FreePipe
                0x08010a04       0x18 libdaisy/build/libdaisy.a(usbh_pipes.o)
                0x08010a04                USBH_FreePipe
 .text._ZN5daisy9DaisySeed9ConfigureEv
                0x08010a1c        0x4 libdaisy/build/libdaisy.a(daisy_seed.o)
                0x08010a1c                daisy::DaisySeed::Configure()
 .text._ZN5daisy9DaisySeed6SetLedEb
                0x08010a20        0x8 libdaisy/build/libdaisy.a(daisy_seed.o)
                0x08010a20                daisy::DaisySeed::SetLed(bool)
 .text._ZN5daisy9DaisySeed17CheckBoardVersionEv
                0x08010a28       0x6c libdaisy/build/libdaisy.a(daisy_seed.o)
                0x08010a28                daisy::DaisySeed::CheckBoardVersion()
 .text._ZN5daisy9DaisySeed14ConfigureAudioEv
                0x08010a94      0x108 libdaisy/build/libdaisy.a(daisy_seed.o)
                0x08010a94                daisy::DaisySeed::ConfigureAudio()
 .text._ZN5daisy9DaisySeed4InitEb
                0x08010b9c       0xf0 libdaisy/build/libdaisy.a(daisy_seed.o)
                0x08010b9c                daisy::DaisySeed::Init(bool)
 .text.SDMMC_ReadFIFO
                0x08010c8c        0x8 libdaisy/build/libdaisy.a(stm32h7xx_ll_sdmmc.o)
                0x08010c8c                SDMMC_ReadFIFO
 .text.SDMMC_WriteFIFO
                0x08010c94        0xc libdaisy/build/libdaisy.a(stm32h7xx_ll_sdmmc.o)
                0x08010c94                SDMMC_WriteFIFO
 .text.SDMMC_GetCmdResp1
                0x08010ca0      0x150 libdaisy/build/libdaisy.a(stm32h7xx_ll_sdmmc.o)
                0x08010ca0                SDMMC_GetCmdResp1
 .text.SDMMC_CmdStopTransfer
                0x08010df0       0x48 libdaisy/build/libdaisy.a(stm32h7xx_ll_sdmmc.o)
                0x08010df0                SDMMC_CmdStopTransfer
 .text.HAL_MDMA_Abort_IT
                0x08010e38       0x28 libdaisy/build/libdaisy.a(stm32h7xx_hal_mdma.o)
                0x08010e38                HAL_MDMA_Abort_IT
 .text.startup  0x08010e60       0x14 /usr/lib/gcc/arm-none-eabi/13.2.1/../../../arm-none-eabi/lib/thumb/v7e-m+dp/hard/libc.a(libc_a-__call_atexit.o)
 *(.rodata)
 .rodata        0x08010e74       0x20 build/libdaisy/src/hid/usb_midi.o
 .rodata        0x08010e94       0x10 build/libdaisy/src/per/i2c.o
 .rodata        0x08010ea4       0x18 build/libdaisy/src/per/spi.o
 .rodata        0x08010ebc       0x10 build/libdaisy/src/per/tim.o
 .rodata        0x08010ecc       0x36 build/libdaisy/src/per/uart.o
 *fill*         0x08010f02        0x2 
 .rodata        0x08010f04       0x10 libdaisy/build/libdaisy.a(daisy_seed.o)
 *(.rodata*)
 .rodata.uxTopUsedPriority
                0x08010f14        0x4 build/Middlewares/Third_Party/FreeRTOS/tasks.o
 .rodata.xTimerCreateTimerTask.str1.4
                0x08010f18       0x17 build/Middlewares/Third_Party/FreeRTOS/timers.o
                                  0x8 (size before relaxing)
 *fill*         0x08010f2f        0x1 
 .rodata.D1CorePrescTable
                0x08010f30       0x10 build/libdaisy/src/sys/system_stm32h7xx.o
                0x08010f30                D1CorePrescTable
 .rodata.main.str1.4
                0x08010f40        0x6 build/Core/main.o
 .rodata.HAL_QSPI_MspInit.str1.4
                0x08010f40        0x7 build/libdaisy/src/per/qspi.o
 .rodata.CSWTCH.53
                0x08010f40       0x14 build/libdaisy/src/per/sai.o
 .rodata._ZL16pins_periphs_spi
                0x08010f54       0x60 build/libdaisy/src/per/spi.o
 .rodata._ZL13pins_none_spi
                0x08010fb4        0x3 build/libdaisy/src/per/spi.o
 *fill*         0x08010fb7        0x1 
 .rodata.flagBitshiftOffset.0
                0x08010fb8        0x8 libdaisy/build/libdaisy.a(stm32h7xx_hal_dma.o)
 .rodata.UARTPrescTable
                0x08010fc0       0x18 libdaisy/build/libdaisy.a(stm32h7xx_hal_uart.o)
                0x08010fc0                UARTPrescTable
 *(.glue_7)
 .glue_7        0x08010fd8        0x0 linker stubs
 *(.glue_7t)
 .glue_7t       0x08010fd8        0x0 linker stubs
 *(.init)
 .init          0x08010fd8        0x4 /usr/lib/gcc/arm-none-eabi/13.2.1/thumb/v7e-m+dp/hard/crti.o
                0x08010fd8                _init
 .init          0x08010fdc        0x8 /usr/lib/gcc/arm-none-eabi/13.2.1/thumb/v7e-m+dp/hard/crtn.o
 *(.fini)
 .fini          0x08010fe4        0x4 /usr/lib/gcc/arm-none-eabi/13.2.1/thumb/v7e-m+dp/hard/crti.o
                0x08010fe4                _fini
 .fini          0x08010fe8        0x8 /usr/lib/gcc/arm-none-eabi/13.2.1/thumb/v7e-m+dp/hard/crtn.o
                0x08010ff0                        . = ALIGN (0x4)
                0x08010ff0                        _etext = .

.eh_frame       0x08010ff0        0x0
 .eh_frame      0x08010ff0        0x0 /usr/lib/gcc/arm-none-eabi/13.2.1/thumb/v7e-m+dp/hard/crtbegin.o

.vfp11_veneer   0x08010ff0        0x0