Archive member included to satisfy reference by file (symbol)

/usr/lib/gcc/arm-none-eabi/13.2.1/../../../arm-none-eabi/lib/thumb/v7e-m+dp/hard/libc.a(libc_a-memset.o)
                              /usr/lib/gcc/arm-none-eabi/13.2.1/../../../arm-none-eabi/lib/thumb/v7e-m+dp/hard/crt0.o (memset)
/usr/lib/gcc/arm-none-eabi/13.2.1/../../../arm-none-eabi/lib/thumb/v7e-m+dp/hard/libc.a(libc_a-stpcpy.o)
                              build/Middlewares/Third_Party/FreeRTOS/tasks.o (stpcpy)
/usr/lib/gcc/arm-none-eabi/13.2.1/../../../arm-none-eabi/lib/thumb/v7e-m+dp/hard/libc.a(libc_a-snprintf.o)
                              build/Middlewares/Third_Party/FreeRTOS/tasks.o (snprintf)
/usr/lib/gcc/arm-none-eabi/13.2.1/../../../arm-none-eabi/lib/thumb/v7e-m+dp/hard/libc.a(libc_a-memcpy.o)
                              build/Middlewares/Third_Party/FreeRTOS/queue.o (memcpy)
/usr/lib/gcc/arm-none-eabi/13.2.1/../../../arm-none-eabi/lib/thumb/v7e-m+dp/hard/libc.a(libc_a-init.o)
                              /usr/lib/gcc/arm-none-eabi/13.2.1/../../../arm-none-eabi/lib/thumb/v7e-m+dp/hard/crt0.o (__libc_init_array)
/usr/lib/gcc/arm-none-eabi/13.2.1/../../../arm-none-eabi/lib/thumb/v7e-m+dp/hard/libc.a(libc_a-aeabi_atexit.o)
                              build/Core/main.o (__aeabi_atexit)
/usr/lib/gcc/arm-none-eabi/13.2.1/../../../arm-none-eabi/lib/thumb/v7e-m+dp/hard/libc.a(libc_a-exit.o)
                              /usr/lib/gcc/arm-none-eabi/13.2.1/../../../arm-none-eabi/lib/thumb/v7e-m+dp/hard/crt0.o (exit)
/usr/lib/gcc/arm-none-eabi/13.2.1/../../../arm-none-eabi/lib/thumb/v7e-m+dp/hard/libc.a(libc_a-atexit.o)
                              /usr/lib/gcc/arm-none-eabi/13.2.1/../../../arm-none-eabi/lib/thumb/v7e-m+dp/hard/crt0.o (atexit)
/usr/lib/gcc/arm-none-eabi/13.2.1/../../../arm-none-eabi/lib/thumb/v7e-m+dp/hard/libc.a(libc_a-fini.o)
                              /usr/lib/gcc/arm-none-eabi/13.2.1/../../../arm-none-eabi/lib/thumb/v7e-m+dp/hard/crt0.o (__libc_fini_array)
/usr/lib/gcc/arm-none-eabi/13.2.1/../../../arm-none-eabi/lib/thumb/v7e-m+dp/hard/libc.a(libc_a-svfprintf.o)
                              /usr/lib/gcc/arm-none-eabi/13.2.1/../../../arm-none-eabi/lib/thumb/v7e-m+dp/hard/libc.a(libc_a-snprintf.o) (_svfprintf_r)
/usr/lib/gcc/arm-none-eabi/13.2.1/../../../arm-none-eabi/lib/thumb/v7e-m+dp/hard/libc.a(libc_a-impure.o)
                              /usr/lib/gcc/arm-none-eabi/13.2.1/../../../arm-none-eabi/lib/thumb/v7e-m+dp/hard/libc.a(libc_a-snprintf.o) (_impure_ptr)
/usr/lib/gcc/arm-none-eabi/13.2.1/../../../arm-none-eabi/lib/thumb/v7e-m+dp/hard/libc.a(libc_a-mallocr.o)
                              /usr/lib/gcc/arm-none-eabi/13.2.1/../../../arm-none-eabi/lib/thumb/v7e-m+dp/hard/libc.a(libc_a-svfprintf.o) (_malloc_r)
/usr/lib/gcc/arm-none-eabi/13.2.1/../../../arm-none-eabi/lib/thumb/v7e-m+dp/hard/libc.a(libc_a-dtoa.o)
                              /usr/lib/gcc/arm-none-eabi/13.2.1/../../../arm-none-eabi/lib/thumb/v7e-m+dp/hard/libc.a(libc_a-svfprintf.o) (_dtoa_r)
/usr/lib/gcc/arm-none-eabi/13.2.1/../../../arm-none-eabi/lib/thumb/v7e-m+dp/hard/libc.a(libc_a-freer.o)
                              /usr/lib/gcc/arm-none-eabi/13.2.1/../../../arm-none-eabi/lib/thumb/v7e-m+dp/hard/libc.a(libc_a-mallocr.o) (_free_r)
/usr/lib/gcc/arm-none-eabi/13.2.1/../../../arm-none-eabi/lib/thumb/v7e-m+dp/hard/libc.a(libc_a-cxa_atexit.o)
                              /usr/lib/gcc/arm-none-eabi/13.2.1/../../../arm-none-eabi/lib/thumb/v7e-m+dp/hard/libc.a(libc_a-aeabi_atexit.o) (__cxa_atexit)
/usr/lib/gcc/arm-none-eabi/13.2.1/../../../arm-none-eabi/lib/thumb/v7e-m+dp/hard/libc.a(libc_a-__call_atexit.o)
                              /usr/lib/gcc/arm-none-eabi/13.2.1/../../../arm-none-eabi/lib/thumb/v7e-m+dp/hard/libc.a(libc_a-exit.o) (__call_exitprocs)
/usr/lib/gcc/arm-none-eabi/13.2.1/../../../arm-none-eabi/lib/thumb/v7e-m+dp/hard/libc.a(libc_a-sysconf.o)
                              /usr/lib/gcc/arm-none-eabi/13.2.1/../../../arm-none-eabi/lib/thumb/v7e-m+dp/hard/libc.a(libc_a-mallocr.o) (sysconf)
/usr/lib/gcc/arm-none-eabi/13.2.1/../../../arm-none-eabi/lib/thumb/v7e-m+dp/hard/libc.a(libc_a-__atexit.o)
                              /usr/lib/gcc/arm-none-eabi/13.2.1/../../../arm-none-eabi/lib/thumb/v7e-m+dp/hard/libc.a(libc_a-atexit.o) (__register_exitproc)
/usr/lib/gcc/arm-none-eabi/13.2.1/../../../arm-none-eabi/lib/thumb/v7e-m+dp/hard/libc.a(libc_a-mlock.o)
                              /usr/lib/gcc/arm-none-eabi/13.2.1/../../../arm-none-eabi/lib/thumb/v7e-m+dp/hard/libc.a(libc_a-mallocr.o) (__malloc_lock)
/usr/lib/gcc/arm-none-eabi/13.2.1/../../../arm-none-eabi/lib/thumb/v7e-m+dp/hard/libc.a(libc_a-findfp.o)
                              /usr/lib/gcc/arm-none-eabi/13.2.1/../../../arm-none-eabi/lib/thumb/v7e-m+dp/hard/libc.a(libc_a-impure.o) (__sf)
/usr/lib/gcc/arm-none-eabi/13.2.1/../../../arm-none-eabi/lib/thumb/v7e-m+dp/hard/libc.a(libc_a-ssprint_r.o)
[...]
Memory Configuration

Name             Origin             Length             Attributes
FLASH            0x08000000         0x00020000         xr
DTCMRAM          0x20000000         0x00020000         xrw
SRAM             0x24000000         0x00080000         xrw
RAM_D2           0x30000000         0x00048000         xrw
RAM_D3           0x38000000         0x00010000         xrw
BACKUP_SRAM      0x38800000         0x00001000         xrw
ITCMRAM          0x00000000         0x00010000         xrw
SDRAM            0xc0000000         0x04000000         xrw
QSPIFLASH        0x90000000         0x00800000         xr
*default*        0x00000000         0xffffffff

Linker script and memory map

LOAD /usr/lib/gcc/arm-none-eabi/13.2.1/thumb/v7e-m+dp/hard/crti.o
LOAD /usr/lib/gcc/arm-none-eabi/13.2.1/thumb/v7e-m+dp/hard/crtbegin.o
LOAD /usr/lib/gcc/arm-none-eabi/13.2.1/../../../arm-none-eabi/lib/thumb/v7e-m+dp/hard/crt0.o
LOAD build/Middlewares/Third_Party/FreeRTOS/croutine.o
LOAD build/Middlewares/Third_Party/FreeRTOS/event_groups.o
LOAD build/Middlewares/Third_Party/FreeRTOS/list.o
LOAD build/Middlewares/Third_Party/FreeRTOS/queue.o
LOAD build/Middlewares/Third_Party/FreeRTOS/stream_buffer.o
LOAD build/Middlewares/Third_Party/FreeRTOS/tasks.o
LOAD build/Middlewares/Third_Party/FreeRTOS/timers.o
LOAD build/Middlewares/Third_Party/FreeRTOS/portable/MemMang/heap_4.o
LOAD build/Middlewares/Third_Party/FreeRTOS/portable/GCC/ARM_CM7/r0p1/port.o
LOAD build/Core/main.o
LOAD build/Core/DelayReverb.o
LOAD build/DaisySP/Source/Effects/chorus.o
START GROUP
LOAD /usr/lib/gcc/arm-none-eabi/13.2.1/thumb/v7e-m+dp/hard/libgcc.a
LOAD /usr/lib/gcc/arm-none-eabi/13.2.1/../../../arm-none-eabi/lib/thumb/v7e-m+dp/hard/libc.a
END GROUP
LOAD /usr/lib/gcc/arm-none-eabi/13.2.1/thumb/v7e-m+dp/hard/crtend.o
LOAD /usr/lib/gcc/arm-none-eabi/13.2.1/thumb/v7e-m+dp/hard/crtn.o
                0x20020000                        _estack = 0x20020000

.isr_vector     0x08000000        0x0
                0x08000000                        . = ALIGN (0x4)
 *(.isr_vector)
                0x08000000                        . = ALIGN (0x4)

.text           0x08000000      0x1d0
                0x08000000                        . = ALIGN (0x4)
                0x08000000                        _stext = .
 *(.text)
 .text          0x08000000       0x88 /usr/lib/gcc/arm-none-eabi/13.2.1/thumb/v7e-m+dp/hard/crtbegin.o
 .text          0x08000088        0xc /usr/lib/gcc/arm-none-eabi/13.2.1/../../../arm-none-eabi/lib/thumb/v7e-m+dp/hard/libc.a(libc_a-aeabi_atexit.o)
                0x08000088                __aeabi_atexit
 .text          0x08000094        0xc /usr/lib/gcc/arm-none-eabi/13.2.1/../../../arm-none-eabi/lib/thumb/v7e-m+dp/hard/libc.a(libc_a-atexit.o)
                0x08000094                atexit
 .text          0x080000a0       0x28 /usr/lib/gcc/arm-none-eabi/13.2.1/../../../arm-none-eabi/lib/thumb/v7e-m+dp/hard/libc.a(libc_a-fini.o)
                0x080000a0                __libc_fini_array
 .text          0x080000c8        0xc /usr/lib/gcc/arm-none-eabi/13.2.1/../../../arm-none-eabi/lib/thumb/v7e-m+dp/hard/libc.a(libc_a-cxa_atexit.o)
                0x080000c8                __cxa_atexit
 .text          0x080000d4       0x64 /usr/lib/gcc/arm-none-eabi/13.2.1/../../../arm-none-eabi/lib/thumb/v7e-m+dp/hard/libc.a(libc_a-__atexit.o)
                0x080000d4                __register_exitproc
 *(.text*)
 .text._ZN5daisy9DaisySeedD2Ev
                0x08000138        0x4 build/Core/main.o
                0x08000138                daisy::DaisySeed::~DaisySeed()
                0x08000138                daisy::DaisySeed::~DaisySeed()
 .text._ZN13DelayReverbFXD2Ev
                0x0800013c        0x4 build/Core/main.o
                0x0800013c                DelayReverbFX::~DelayReverbFX()
                0x0800013c                DelayReverbFX::~DelayReverbFX()
 .text.startup._GLOBAL__sub_I_hw
                0x08000140       0x64 build/Core/main.o
 .text.startup  0x080001a4       0x14 /usr/lib/gcc/arm-none-eabi/13.2.1/../../../arm-none-eabi/lib/thumb/v7e-m+dp/hard/libc.a(libc_a-__call_atexit.o)
 *(.rodata)
 *(.rodata*)
 *(.glue_7)
 .glue_7        0x080001b8        0x0 linker stubs
 *(.glue_7t)
 .glue_7t       0x080001b8        0x0 linker stubs
 *(.init)
 .init          0x080001b8        0x4 /usr/lib/gcc/arm-none-eabi/13.2.1/thumb/v7e-m+dp/hard/crti.o
                0x080001b8                _init
 .init          0x080001bc        0x8 /usr/lib/gcc/arm-none-eabi/13.2.1/thumb/v7e-m+dp/hard/crtn.o
 *(.fini)
 .fini          0x080001c4        0x4 /usr/lib/gcc/arm-none-eabi/13.2.1/thumb/v7e-m+dp/hard/crti.o
                0x080001c4                _fini
 .fini          0x080001c8        0x8 /usr/lib/gcc/arm-none-eabi/13.2.1/thumb/v7e-m+dp/hard/crtn.o
                0x080001d0                        . = ALIGN (0x4)
                0x080001d0                        _etext = .

.eh_frame       0x080001d0        0x0
 .eh_frame      0x080001d0        0x0 /usr/lib/gcc/arm-none-eabi/13.2.1/thumb/v7e-m+dp/hard/crtbegin.o

.vfp11_veneer   0x080001d0        0x0
 .vfp11_veneer  0x080001d0        0x0 linker stubs

.v4_bx          0x080001d0        0x0
 .v4_bx         0x080001d0        0x0 linker stubs

.iplt           0x080001d0        0x0
 .iplt          0x080001d0        0x0 /usr/lib/gcc/arm-none-eabi/13.2.1/thumb/v7e-m+dp/hard/crtbegin.o

.rel.dyn        0x080001d0        0x0
 .rel.iplt      0x080001d0        0x0 /usr/lib/gcc/arm-none-eabi/13.2.1/thumb/v7e-m+dp/hard/crtbegin.o

.ARM.extab      0x080001d0        0x0
                0x080001d0                        . = ALIGN (0x4)
 *(.ARM.extab)
 *(.gnu.linkonce.armextab.*)
                0x080001d0                        . = ALIGN (0x4)

.exidx          0x080001d0        0x0
                0x080001d0                        . = ALIGN (0x4)
                [!provide]                        PROVIDE (__exidx_start = .)
 *(.ARM.exidx*)
                0x080001d0                        . = ALIGN (0x4)
                [!provide]                        PROVIDE (__exidx_end = .)

.ARM.attributes
                0x00000000       0x2e
 *(.ARM.attributes)
 .ARM.attributes
                0x00000000       0x20 /usr/lib/gcc/arm-none-eabi/13.2.1/thumb/v7e-m+dp/hard/crti.o
 .ARM.attributes
                0x00000020       0x32 /usr/lib/gcc/arm-none-eabi/13.2.1/thumb/v7e-m+dp/hard/crtbegin.o
 .ARM.attributes
                0x00000052       0x32 build/Core/main.o
 .ARM.attributes
                0x00000084       0x32 /usr/lib/gcc/arm-none-eabi/13.2.1/../../../arm-none-eabi/lib/thumb/v7e-m+dp/hard/libc.a(libc_a-aeabi_atexit.o)
 .ARM.attributes
                0x000000b6       0x32 /usr/lib/gcc/arm-none-eabi/13.2.1/../../../arm-none-eabi/lib/thumb/v7e-m+dp/hard/libc.a(libc_a-atexit.o)
 .ARM.attributes
                0x000000e8       0x32 /usr/lib/gcc/arm-none-eabi/13.2.1/../../../arm-none-eabi/lib/thumb/v7e-m+dp/hard/libc.a(libc_a-fini.o)
 .ARM.attributes
                0x0000011a       0x32 /usr/lib/gcc/arm-none-eabi/13.2.1/../../../arm-none-eabi/lib/thumb/v7e-m+dp/hard/libc.a(libc_a-cxa_atexit.o)
 .ARM.attributes
                0x0000014c       0x32 /usr/lib/gcc/arm-none-eabi/13.2.1/../../../arm-none-eabi/lib/thumb/v7e-m+dp/hard/libc.a(libc_a-__call_atexit.o)
 .ARM.attributes
                0x0000017e       0x32 /usr/lib/gcc/arm-none-eabi/13.2.1/../../../arm-none-eabi/lib/thumb/v7e-m+dp/hard/libc.a(libc_a-__atexit.o)
 .ARM.attributes
                0x000001b0       0x32 /usr/lib/gcc/arm-none-eabi/13.2.1/thumb/v7e-m+dp/hard/crtend.o
 .ARM.attributes
                0x000001e2       0x20 /usr/lib/gcc/arm-none-eabi/13.2.1/thumb/v7e-m+dp/hard/crtn.o

.preinit_array  0x080001d0        0x0
                0x080001d0                        PROVIDE (__preinit_array_start = .)
 *(.preinit_array*)
                0x080001d0                        PROVIDE (__preinit_array_end = .)

.init_array     0x080001d0        0xc
                0x080001d0                        PROVIDE (__init_array_start = .)
 *(SORT_BY_NAME(.init_array.*))
 .init_array.00000
                0x080001d0        0x4 /usr/lib/gcc/arm-none-eabi/13.2.1/../../../arm-none-eabi/lib/thumb/v7e-m+dp/hard/libc.a(libc_a-__call_atexit.o)
 *(.init_array*)
 .init_array    0x080001d4        0x4 /usr/lib/gcc/arm-none-eabi/13.2.1/thumb/v7e-m+dp/hard/crtbegin.o
 .init_array    0x080001d8        0x4 build/Core/main.o
                0x080001dc                        PROVIDE (__init_array_end = .)

.fini_array     0x080001dc        0x4
                0x080001dc                        PROVIDE (__fini_array_start = .)
 *(.fini_array*)
 .fini_array    0x080001dc        0x4 /usr/lib/gcc/arm-none-eabi/13.2.1/thumb/v7e-m+dp/hard/crtbegin.o
 *(SORT_BY_NAME(.fini_array.*))
                0x080001e0                        PROVIDE (__fini_array_end = .)

.data           0x24000000        0x4 load address 0x080001e0
                0x24000000                        . = ALIGN (0x4)
                0x24000000                        _sdata = .
                [!provide]                        PROVIDE (__data_start__ = _sdata)
 *(.data)
 .data          0x24000000        0x4 /usr/lib/gcc/arm-none-eabi/13.2.1/thumb/v7e-m+dp/hard/crtbegin.o
                0x24000000                __dso_handle
 *(.data*)
                0x24000004                        . = ALIGN (0x4)
                0x24000004                        _edata = .
                [!provide]                        PROVIDE (__data_end__ = _edata)
                0x080001e0                        _sidata = LOADADDR (.data)

.tm_clone_table
                0x24000004        0x0 load address 0x080001e4
 .tm_clone_table
                0x24000004        0x0 /usr/lib/gcc/arm-none-eabi/13.2.1/thumb/v7e-m+dp/hard/crtbegin.o
 .tm_clone_table
                0x24000004        0x0 /usr/lib/gcc/arm-none-eabi/13.2.1/thumb/v7e-m+dp/hard/crtend.o

.igot.plt       0x24000004        0x0 load address 0x080001e4
 .igot.plt      0x24000004        0x0 /usr/lib/gcc/arm-none-eabi/13.2.1/thumb/v7e-m+dp/hard/crtbegin.o

.bss            0x24000004     0x4d80 load address 0x080001e4
                0x24000004                        . = ALIGN (0x4)
                0x24000004                        _sbss = .
                0x24000004                        PROVIDE (__bss_start__ = _sbss)
 *(.bss)
 .bss           0x24000004       0x1c /usr/lib/gcc/arm-none-eabi/13.2.1/thumb/v7e-m+dp/hard/crtbegin.o
 .bss           0x24000020        0x4 /usr/lib/gcc/arm-none-eabi/13.2.1/../../../arm-none-eabi/lib/thumb/v7e-m+dp/hard/libc.a(libc_a-__call_atexit.o)
                0x24000020                __atexit
 .bss           0x24000024      0x190 /usr/lib/gcc/arm-none-eabi/13.2.1/../../../arm-none-eabi/lib/thumb/v7e-m+dp/hard/libc.a(libc_a-__atexit.o)
                0x24000024                __atexit0
 *(.bss*)
 .bss.fx        0x240001b4     0x4b5c build/Core/main.o
                0x240001b4                fx
 .bss.hw        0x24004d10       0x74 build/Core/main.o
                0x24004d10                hw
 *(COMMON)
                0x24004d84                        . = ALIGN (0x4)
                0x24004d84                        _ebss = .
                0x24004d84                        PROVIDE (__bss_end__ = _ebss)
                [!provide]                        PROVIDE (end = .)

.dtcmram_bss    0x20000000        0x0
                0x20000000                        . = ALIGN (0x4)
                0x20000000                        _sdtcmram_bss = .
                [!provide]                        PROVIDE (__dtcmram_bss_start__ = _sdtcmram_bss)
 *(.dtcmram_bss)
 *(.dtcmram_bss*)
                0x20000000                        . = ALIGN (0x4)
                0x20000000                        _edtcmram_bss = .
                [!provide]                        PROVIDE (__dtcmram_bss_end__ = _edtcmram_bss)

.sram1_bss      0x30000000        0x0
                0x30000000                        . = ALIGN (0x4)
                0x30000000                        _ssram1_bss = .
                [!provide]                        PROVIDE (__sram1_bss_start__ = _sram1_bss)
 *(.sram1_bss)
 *(.sram1_bss*)
                0x30000000                        . = ALIGN (0x4)
                0x30000000                        _esram1_bss = .
                [!provide]                        PROVIDE (__sram1_bss_end__ = _esram1_bss)

.sdram_bss      0xc0000000        0x0
                0xc0000000                        . = ALIGN (0x4)
                0xc0000000                        _ssdram_bss = .
                [!provide]                        PROVIDE (__sdram_bss_start = _ssdram_bss)
 *(.sdram_bss)
 *(.sdram_bss*)
                0xc0000000                        . = ALIGN (0x4)
                0xc0000000                        _esdram_bss = .
                [!provide]                        PROVIDE (__sdram_bss_end = _esdram_bss)

.backup_sram    0x38800000        0x0
                0x38800000                        . = ALIGN (0x4)
                0x38800000                        _sbackup_sram = .
                [!provide]                        PROVIDE (__backup_sram_start = _sbackup_sram)
 *(.backup_sram)
 *(.backup_sram*)
                0x38800000                        . = ALIGN (0x4)
                0x38800000                        _ebackup_sram = .
                [!provide]                        PROVIDE (__backup_sram_end = _ebackup_sram)

.qspiflash_text
                0x90000000        0x0
                0x90000000                        . = ALIGN (0x4)
                0x90000000                        _sqspiflash_text = .
                [!provide]                        PROVIDE (__qspiflash_text_start = _sqspiflash_text)
 *(.qspiflash_text)
 *(.qspiflash_text*)
                0x90000000                        . = ALIGN (0x4)
                0x90000000                        _eqspiflash_text = .
                [!provide]                        PROVIDE (__qspiflash_text_end = _eqspiflash_text)

.qspiflash_data
                0x90000000        0x0
                0x90000000                        . = ALIGN (0x4)
                0x90000000                        _sqspiflash_data = .
                [!provide]                        PROVIDE (__qspiflash_data_start = _sqspiflash_data)
 *(.qspiflash_data)
 *(.qspiflash_data*)
                0x90000000                        . = ALIGN (0x4)
                0x90000000                        _eqspiflash_data = .
                [!provide]                        PROVIDE (__qspiflash_data_end = _eqspiflash_data)

.qspiflash_bss  0x90000000        0x0
                0x90000000                        . = ALIGN (0x4)
                0x90000000                        _sqspiflash_bss = .
                [!provide]                        PROVIDE (__qspiflash_bss_start = _sqspiflash_bss)
 *(.qspiflash_bss)
 *(.qspiflash_bss*)
                0x90000000                        . = ALIGN (0x4)
                0x90000000                        _eqspiflash_bss = .
                [!provide]                        PROVIDE (__qspiflash_bss_end = _eqspiflash_bss)

.heap           0x24004d84        0x0
                0x24004d84                        . = ALIGN (0x4)
                [!provide]                        PROVIDE (__heap_start__ = .)
                [!provide]                        PROVIDE (__heap_start = .)
 *(.heap)
                0x24004d84                        . = ALIGN (0x4)
                [!provide]                        PROVIDE (__heap_end = .)
                [!provide]                        PROVIDE (__heap_end__ = .)

.reserved_for_stack
                0x24004d84        0x0
                0x24004d84                        . = ALIGN (0x4)
                [!provide]                        PROVIDE (__reserved_for_stack_start__ = .)
 *(.reserved_for_stack)
                0x24004d84                        . = ALIGN (0x4)
                [!provide]                        PROVIDE (__reserved_for_stack_end__ = .)

DISCARD
 libc.a(*)
 libm.a(*)
 libgcc.a(*)
OUTPUT(build/DaisyFreeRTOSFX.elf elf32-littlearm)
LOAD linker stubs
LOAD /usr/lib/gcc/arm-none-eabi/13.2.1/../../../arm-none-eabi/lib/thumb/v7e-m+dp/hard/libc.a
LOAD /usr/lib/gcc/arm-none-eabi/13.2.1/../../../arm-none-eabi/lib/thumb/v7e-m+dp/hard/libm.a
LOAD /usr/lib/gcc/arm-none-eabi/13.2.1/thumb/v7e-m+dp/hard/libgcc.a

.comment        0x00000000       0x26
 .comment       0x00000000       0x26 /usr/lib/gcc/arm-none-eabi/13.2.1/thumb/v7e-m+dp/hard/crtbegin.o
                                 0x27 (size before relaxing)
 .comment       0x00000026       0x27 build/Core/main.o
 .comment       0x00000026       0x27 /usr/lib/gcc/arm-none-eabi/13.2.1/../../../arm-none-eabi/lib/thumb/v7e-m+dp/hard/libc.a(libc_a-aeabi_atexit.o)
 .comment       0x00000026       0x27 /usr/lib/gcc/arm-none-eabi/13.2.1/../../../arm-none-eabi/lib/thumb/v7e-m+dp/hard/libc.a(libc_a-atexit.o)
 .comment       0x00000026       0x27 /usr/lib/gcc/arm-none-eabi/13.2.1/../../../arm-none-eabi/lib/thumb/v7e-m+dp/hard/libc.a(libc_a-fini.o)
 .comment       0x00000026       0x27 /usr/lib/gcc/arm-none-eabi/13.2.1/../../../arm-none-eabi/lib/thumb/v7e-m+dp/hard/libc.a(libc_a-cxa_atexit.o)
 .comment       0x00000026       0x27 /usr/lib/gcc/arm-none-eabi/13.2.1/../../../arm-none-eabi/lib/thumb/v7e-m+dp/hard/libc.a(libc_a-__call_atexit.o)
 .comment       0x00000026       0x27 /usr/lib/gcc/arm-none-eabi/13.2.1/../../../arm-none-eabi/lib/thumb/v7e-m+dp/hard/libc.a(libc_a-__atexit.o)
 .comment       0x00000026       0x27 /usr/lib/gcc/arm-none-eabi/13.2.1/thumb/v7e-m+dp/hard/crtend.o

.debug_info     0x00000000      0x926
 .debug_info    0x00000000      0x12c /usr/lib/gcc/arm-none-eabi/13.2.1/../../../arm-none-eabi/lib/thumb/v7e-m+dp/hard/libc.a(libc_a-aeabi_atexit.o)
 .debug_info    0x0000012c      0x11e /usr/lib/gcc/arm-none-eabi/13.2.1/../../../arm-none-eabi/lib/thumb/v7e-m+dp/hard/libc.a(libc_a-atexit.o)
 .debug_info    0x0000024a       0xf7 /usr/lib/gcc/arm-none-eabi/13.2.1/../../../arm-none-eabi/lib/thumb/v7e-m+dp/hard/libc.a(libc_a-fini.o)
 .debug_info    0x00000341      0x164 /usr/lib/gcc/arm-none-eabi/13.2.1/../../../arm-none-eabi/lib/thumb/v7e-m+dp/hard/libc.a(libc_a-cxa_atexit.o)
 .debug_info    0x000004a5      0x284 /usr/lib/gcc/arm-none-eabi/13.2.1/../../../arm-none-eabi/lib/thumb/v7e-m+dp/hard/libc.a(libc_a-__call_atexit.o)
 .debug_info    0x00000729      0x1fd /usr/lib/gcc/arm-none-eabi/13.2.1/../../../arm-none-eabi/lib/thumb/v7e-m+dp/hard/libc.a(libc_a-__atexit.o)

.debug_abbrev   0x00000000      0x64a
 .debug_abbrev  0x00000000       0xbb /usr/lib/gcc/arm-none-eabi/13.2.1/../../../arm-none-eabi/lib/thumb/v7e-m+dp/hard/libc.a(libc_a-aeabi_atexit.o)
 .debug_abbrev  0x000000bb       0xc1 /usr/lib/gcc/arm-none-eabi/13.2.1/../../../arm-none-eabi/lib/thumb/v7e-m+dp/hard/libc.a(libc_a-atexit.o)
 .debug_abbrev  0x0000017c       0xcc /usr/lib/gcc/arm-none-eabi/13.2.1/../../../arm-none-eabi/lib/thumb/v7e-m+dp/hard/libc.a(libc_a-fini.o)
 .debug_abbrev  0x00000248       0xce /usr/lib/gcc/arm-none-eabi/13.2.1/../../../arm-none-eabi/lib/thumb/v7e-m+dp/hard/libc.a(libc_a-cxa_atexit.o)
 .debug_abbrev  0x00000316      0x1dd /usr/lib/gcc/arm-none-eabi/13.2.1/../../../arm-none-eabi/lib/thumb/v7e-m+dp/hard/libc.a(libc_a-__call_atexit.o)
 .debug_abbrev  0x000004f3      0x157 /usr/lib/gcc/arm-none-eabi/13.2.1/../../../arm-none-eabi/lib/thumb/v7e-m+dp/hard/libc.a(libc_a-__atexit.o)

.debug_loclists
                0x00000000      0x320
 .debug_loclists
                0x00000000       0x62 /usr/lib/gcc/arm-none-eabi/13.2.1/../../../arm-none-eabi/lib/thumb/v7e-m+dp/hard/libc.a(libc_a-aeabi_atexit.o)
 .debug_loclists
                0x00000062       0x2b /usr/lib/gcc/arm-none-eabi/13.2.1/../../../arm-none-eabi/lib/thumb/v7e-m+dp/hard/libc.a(libc_a-atexit.o)
 .debug_loclists
                0x0000008d       0x42 /usr/lib/gcc/arm-none-eabi/13.2.1/../../../arm-none-eabi/lib/thumb/v7e-m+dp/hard/libc.a(libc_a-fini.o)
 .debug_loclists
                0x000000cf       0x69 /usr/lib/gcc/arm-none-eabi/13.2.1/../../../arm-none-eabi/lib/thumb/v7e-m+dp/hard/libc.a(libc_a-cxa_atexit.o)
 .debug_loclists
                0x00000138      0x102 /usr/lib/gcc/arm-none-eabi/13.2.1/../../../arm-none-eabi/lib/thumb/v7e-m+dp/hard/libc.a(libc_a-__call_atexit.o)
 .debug_loclists
                0x0000023a       0xe6 /usr/lib/gcc/arm-none-eabi/13.2.1/../../../arm-none-eabi/lib/thumb/v7e-m+dp/hard/libc.a(libc_a-__atexit.o)

.debug_aranges  0x00000000       0xc8
 .debug_aranges
                0x00000000       0x20 /usr/lib/gcc/arm-none-eabi/13.2.1/../../../arm-none-eabi/lib/thumb/v7e-m+dp/hard/libc.a(libc_a-aeabi_atexit.o)
 .debug_aranges
                0x00000020       0x20 /usr/lib/gcc/arm-none-eabi/13.2.1/../../../arm-none-eabi/lib/thumb/v7e-m+dp/hard/libc.a(libc_a-atexit.o)
 .debug_aranges
                0x00000040       0x20 /usr/lib/gcc/arm-none-eabi/13.2.1/../../../arm-none-eabi/lib/thumb/v7e-m+dp/hard/libc.a(libc_a-fini.o)
 .debug_aranges
                0x00000060       0x20 /usr/lib/gcc/arm-none-eabi/13.2.1/../../../arm-none-eabi/lib/thumb/v7e-m+dp/hard/libc.a(libc_a-cxa_atexit.o)
 .debug_aranges
                0x00000080       0x28 /usr/lib/gcc/arm-none-eabi/13.2.1/../../../arm-none-eabi/lib/thumb/v7e-m+dp/hard/libc.a(libc_a-__call_atexit.o)
 .debug_aranges
                0x000000a8       0x20 /usr/lib/gcc/arm-none-eabi/13.2.1/../../../arm-none-eabi/lib/thumb/v7e-m+dp/hard/libc.a(libc_a-__atexit.o)

.debug_line     0x00000000      0x655
 .debug_line    0x00000000       0x71 /usr/lib/gcc/arm-none-eabi/13.2.1/../../../arm-none-eabi/lib/thumb/v7e-m+dp/hard/libc.a(libc_a-aeabi_atexit.o)
 .debug_line    0x00000071       0xc3 /usr/lib/gcc/arm-none-eabi/13.2.1/../../../arm-none-eabi/lib/thumb/v7e-m+dp/hard/libc.a(libc_a-atexit.o)
 .debug_line    0x00000134       0xd2 /usr/lib/gcc/arm-none-eabi/13.2.1/../../../arm-none-eabi/lib/thumb/v7e-m+dp/hard/libc.a(libc_a-fini.o)
 .debug_line    0x00000206       0x81 /usr/lib/gcc/arm-none-eabi/13.2.1/../../../arm-none-eabi/lib/thumb/v7e-m+dp/hard/libc.a(libc_a-cxa_atexit.o)
 .debug_line    0x00000287      0x27f /usr/lib/gcc/arm-none-eabi/13.2.1/../../../arm-none-eabi/lib/thumb/v7e-m+dp/hard/libc.a(libc_a-__call_atexit.o)
 .debug_line    0x00000506      0x14f /usr/lib/gcc/arm-none-eabi/13.2.1/../../../arm-none-eabi/lib/thumb/v7e-m+dp/hard/libc.a(libc_a-__atexit.o)

.debug_str      0x00000000      0x3a8
 .debug_str     0x00000000      0x3a8 /usr/lib/gcc/arm-none-eabi/13.2.1/../../../arm-none-eabi/lib/thumb/v7e-m+dp/hard/libc.a(libc_a-aeabi_atexit.o)
                                0x1b1 (size before relaxing)
 .debug_str     0x000003a8      0x1d4 /usr/lib/gcc/arm-none-eabi/13.2.1/../../../arm-none-eabi/lib/thumb/v7e-m+dp/hard/libc.a(libc_a-atexit.o)
 .debug_str     0x000003a8      0x1ce /usr/lib/gcc/arm-none-eabi/13.2.1/../../../arm-none-eabi/lib/thumb/v7e-m+dp/hard/libc.a(libc_a-fini.o)
 .debug_str     0x000003a8      0x1de /usr/lib/gcc/arm-none-eabi/13.2.1/../../../arm-none-eabi/lib/thumb/v7e-m+dp/hard/libc.a(libc_a-cxa_atexit.o)
 .debug_str     0x000003a8      0x261 /usr/lib/gcc/arm-none-eabi/13.2.1/../../../arm-none-eabi/lib/thumb/v7e-m+dp/hard/libc.a(libc_a-__call_atexit.o)
 .debug_str     0x000003a8      0x23f /usr/lib/gcc/arm-none-eabi/13.2.1/../../../arm-none-eabi/lib/thumb/v7e-m+dp/hard/libc.a(libc_a-__atexit.o)

.debug_frame    0x00000000      0x11c
 .debug_frame   0x00000000       0x20 /usr/lib/gcc/arm-none-eabi/13.2.1/../../../arm-none-eabi/lib/thumb/v7e-m+dp/hard/libc.a(libc_a-aeabi_atexit.o)
 .debug_frame   0x00000020       0x20 /usr/lib/gcc/arm-none-eabi/13.2.1/../../../arm-none-eabi/lib/thumb/v7e-m+dp/hard/libc.a(libc_a-atexit.o)
 .debug_frame   0x00000040       0x34 /usr/lib/gcc/arm-none-eabi/13.2.1/../../../arm-none-eabi/lib/thumb/v7e-m+dp/hard/libc.a(libc_a-fini.o)
 .debug_frame   0x00000074       0x20 /usr/lib/gcc/arm-none-eabi/13.2.1/../../../arm-none-eabi/lib/thumb/v7e-m+dp/hard/libc.a(libc_a-cxa_atexit.o)
 .debug_frame   0x00000094       0x54 /usr/lib/gcc/arm-none-eabi/13.2.1/../../../arm-none-eabi/lib/thumb/v7e-m+dp/hard/libc.a(libc_a-__call_atexit.o)
 .debug_frame   0x000000e8       0x34 /usr/lib/gcc/arm-none-eabi/13.2.1/../../../arm-none-eabi/lib/thumb/v7e-m+dp/hard/libc.a(libc_a-__atexit.o)

.debug_rnglists
                0x00000000       0x3a
 .debug_rnglists
                0x00000000       0x3a /usr/lib/gcc/arm-none-eabi/13.2.1/../../../arm-none-eabi/lib/thumb/v7e-m+dp/hard/libc.a(libc_a-__call_atexit.o)
